Archive member included to satisfy reference by file (symbol)

C:/ST/STM32CubeCLT_1.20.0/GNU-tools-for-STM32/bin/../lib/gcc/arm-none-eabi/13.3.1/../../../../arm-none-eabi/lib/thumb/v8-m.main+fp/hard\libc_nano.a(libc_a-assert.o)
                              build/lfs.o (__assert_func)
C:/ST/STM32CubeCLT_1.20.0/GNU-tools-for-STM32/bin/../lib/gcc/arm-none-eabi/13.3.1/../../../../arm-none-eabi/lib/thumb/v8-m.main+fp/hard\libc_nano.a(libc_a-calloc.o)
                              build/sx_mem.o (calloc)
C:/ST/STM32CubeCLT_1.20.0/GNU-tools-for-STM32/bin/../lib/gcc/arm-none-eabi/13.3.1/../../../../arm-none-eabi/lib/thumb/v8-m.main+fp/hard\libc_nano.a(libc_a-callocr.o)
                              C:/ST/STM32CubeCLT_1.20.0/GNU-tools-for-STM32/bin/../lib/gcc/arm-none-eabi/13.3.1/../../../../arm-none-eabi/lib/thumb/v8-m.main+fp/hard\libc_nano.a(libc_a-calloc.o) (_calloc_r)
C:/ST/STM32CubeCLT_1.20.0/GNU-tools-for-STM32/bin/../lib/gcc/arm-none-eabi/13.3.1/../../../../arm-none-eabi/lib/thumb/v8-m.main+fp/hard\libc_nano.a(libc_a-exit.o)
                              C:/ST/STM32CubeCLT_1.20.0/GNU-tools-for-STM32/bin/../lib/gcc/arm-none-eabi/13.3.1/../../../../arm-none-eabi/lib/thumb/v8-m.main+fp/hard/crt0.o (exit)
C:/ST/STM32CubeCLT_1.20.0/GNU-tools-for-STM32/bin/../lib/gcc/arm-none-eabi/13.3.1/../../../../arm-none-eabi/lib/thumb/v8-m.main+fp/hard\libc_nano.a(libc_a-malloc.o)
                              build/sx_ex_storage.o (malloc)
C:/ST/STM32CubeCLT_1.20.0/GNU-tools-for-STM32/bin/../lib/gcc/arm-none-eabi/13.3.1/../../../../arm-none-eabi/lib/thumb/v8-m.main+fp/hard\libc_nano.a(libc_a-mallocr.o)
                              C:/ST/STM32CubeCLT_1.20.0/GNU-tools-for-STM32/bin/../lib/gcc/arm-none-eabi/13.3.1/../../../../arm-none-eabi/lib/thumb/v8-m.main+fp/hard\libc_nano.a(libc_a-callocr.o) (_malloc_r)
C:/ST/STM32CubeCLT_1.20.0/GNU-tools-for-STM32/bin/../lib/gcc/arm-none-eabi/13.3.1/../../../../arm-none-eabi/lib/thumb/v8-m.main+fp/hard\libc_nano.a(libc_a-mlock.o)
                              C:/ST/STM32CubeCLT_1.20.0/GNU-tools-for-STM32/bin/../lib/gcc/arm-none-eabi/13.3.1/../../../../arm-none-eabi/lib/thumb/v8-m.main+fp/hard\libc_nano.a(libc_a-mallocr.o) (__malloc_lock)
C:/ST/STM32CubeCLT_1.20.0/GNU-tools-for-STM32/bin/../lib/gcc/arm-none-eabi/13.3.1/../../../../arm-none-eabi/lib/thumb/v8-m.main+fp/hard\libc_nano.a(libc_a-realloc.o)
                              build/cJSON.o (realloc)
C:/ST/STM32CubeCLT_1.20.0/GNU-tools-for-STM32/bin/../lib/gcc/arm-none-eabi/13.3.1/../../../../arm-none-eabi/lib/thumb/v8-m.main+fp/hard\libc_nano.a(libc_a-reallocr.o)
                              C:/ST/STM32CubeCLT_1.20.0/GNU-tools-for-STM32/bin/../lib/gcc/arm-none-eabi/13.3.1/../../../../arm-none-eabi/lib/thumb/v8-m.main+fp/hard\libc_nano.a(libc_a-realloc.o) (_realloc_r)
C:/ST/STM32CubeCLT_1.20.0/GNU-tools-for-STM32/bin/../lib/gcc/arm-none-eabi/13.3.1/../../../../arm-none-eabi/lib/thumb/v8-m.main+fp/hard\libc_nano.a(libc_a-strtod.o)
                              build/cJSON.o (strtod)
C:/ST/STM32CubeCLT_1.20.0/GNU-tools-for-STM32/bin/../lib/gcc/arm-none-eabi/13.3.1/../../../../arm-none-eabi/lib/thumb/v8-m.main+fp/hard\libc_nano.a(libc_a-strtol.o)
                              build/app.o (strtol)
C:/ST/STM32CubeCLT_1.20.0/GNU-tools-for-STM32/bin/../lib/gcc/arm-none-eabi/13.3.1/../../../../arm-none-eabi/lib/thumb/v8-m.main+fp/hard\libc_nano.a(libc_a-ctype_.o)
                              build/cJSON.o (_ctype_)
C:/ST/STM32CubeCLT_1.20.0/GNU-tools-for-STM32/bin/../lib/gcc/arm-none-eabi/13.3.1/../../../../arm-none-eabi/lib/thumb/v8-m.main+fp/hard\libc_nano.a(libc_a-nano-vfprintf_float.o)
                              (_printf_float)
C:/ST/STM32CubeCLT_1.20.0/GNU-tools-for-STM32/bin/../lib/gcc/arm-none-eabi/13.3.1/../../../../arm-none-eabi/lib/thumb/v8-m.main+fp/hard\libc_nano.a(libc_a-nano-vfprintf_i.o)
                              C:/ST/STM32CubeCLT_1.20.0/GNU-tools-for-STM32/bin/../lib/gcc/arm-none-eabi/13.3.1/../../../../arm-none-eabi/lib/thumb/v8-m.main+fp/hard\libc_nano.a(libc_a-nano-vfprintf_float.o) (_printf_common)
C:/ST/STM32CubeCLT_1.20.0/GNU-tools-for-STM32/bin/../lib/gcc/arm-none-eabi/13.3.1/../../../../arm-none-eabi/lib/thumb/v8-m.main+fp/hard\libc_nano.a(libc_a-findfp.o)
                              C:/ST/STM32CubeCLT_1.20.0/GNU-tools-for-STM32/bin/../lib/gcc/arm-none-eabi/13.3.1/../../../../arm-none-eabi/lib/thumb/v8-m.main+fp/hard\libc_nano.a(libc_a-exit.o) (__stdio_exit_handler)
C:/ST/STM32CubeCLT_1.20.0/GNU-tools-for-STM32/bin/../lib/gcc/arm-none-eabi/13.3.1/../../../../arm-none-eabi/lib/thumb/v8-m.main+fp/hard\libc_nano.a(libc_a-fprintf.o)
                              C:/ST/STM32CubeCLT_1.20.0/GNU-tools-for-STM32/bin/../lib/gcc/arm-none-eabi/13.3.1/../../../../arm-none-eabi/lib/thumb/v8-m.main+fp/hard\libc_nano.a(libc_a-assert.o) (fiprintf)
C:/ST/STM32CubeCLT_1.20.0/GNU-tools-for-STM32/bin/../lib/gcc/arm-none-eabi/13.3.1/../../../../arm-none-eabi/lib/thumb/v8-m.main+fp/hard\libc_nano.a(libc_a-fwalk.o)
[...]
Memory Configuration

Name             Origin             Length             Attributes
RAM              0x20000000         0x000a0000         xrw
FLASH            0x08010000         0x00200000         xr
*default*        0x00000000         0xffffffff

Linker script and memory map

LOAD C:/ST/STM32CubeCLT_1.20.0/GNU-tools-for-STM32/bin/../lib/gcc/arm-none-eabi/13.3.1/thumb/v8-m.main+fp/hard/crti.o
LOAD C:/ST/STM32CubeCLT_1.20.0/GNU-tools-for-STM32/bin/../lib/gcc/arm-none-eabi/13.3.1/thumb/v8-m.main+fp/hard/crtbegin.o
LOAD C:/ST/STM32CubeCLT_1.20.0/GNU-tools-for-STM32/bin/../lib/gcc/arm-none-eabi/13.3.1/../../../../arm-none-eabi/lib/thumb/v8-m.main+fp/hard/crt0.o
LOAD build/main.o
LOAD build/gpio.o
LOAD build/i2c.o
LOAD build/spi.o
LOAD build/usart.o
LOAD build/usb.o
LOAD build/stm32h5xx_it.o
LOAD build/stm32h5xx_hal_msp.o
LOAD build/stm32h5xx_hal_cortex.o
LOAD build/stm32h5xx_hal_rcc.o
LOAD build/stm32h5xx_hal_rcc_ex.o
LOAD build/stm32h5xx_hal_flash.o
LOAD build/stm32h5xx_hal_flash_ex.o
LOAD build/stm32h5xx_hal_gpio.o
LOAD build/stm32h5xx_hal_dma.o
LOAD build/stm32h5xx_hal_dma_ex.o
LOAD build/stm32h5xx_hal_pwr.o
LOAD build/stm32h5xx_hal_pwr_ex.o
LOAD build/stm32h5xx_hal.o
LOAD build/stm32h5xx_hal_exti.o
LOAD build/stm32h5xx_hal_i2c.o
LOAD build/stm32h5xx_hal_i2c_ex.o
LOAD build/stm32h5xx_hal_spi.o
LOAD build/stm32h5xx_hal_spi_ex.o
LOAD build/stm32h5xx_hal_uart.o
LOAD build/stm32h5xx_hal_uart_ex.o
LOAD build/stm32h5xx_hal_pcd.o
LOAD build/stm32h5xx_hal_pcd_ex.o
LOAD build/stm32h5xx_ll_usb.o
LOAD build/system_stm32h5xx.o
LOAD build/sysmem.o
LOAD build/syscalls.o
LOAD build/icache.o
LOAD build/stm32h5xx_hal_icache.o
LOAD build/lptim.o
LOAD build/rtc.o
LOAD build/tim.o
LOAD build/stm32h5xx_hal_lptim.o
LOAD build/stm32h5xx_hal_rtc.o
LOAD build/stm32h5xx_hal_rtc_ex.o
LOAD build/stm32h5xx_hal_tim.o
LOAD build/stm32h5xx_hal_tim_ex.o
LOAD build/adc.o
LOAD build/stm32h5xx_hal_adc.o
LOAD build/stm32h5xx_hal_adc_ex.o
LOAD build/tusb.o
LOAD build/tusb_fifo.o
LOAD build/usbd.o
LOAD build/usbd_control.o
LOAD build/usbc.o
LOAD build/audio_device.o
LOAD build/cdc_device.o
LOAD build/dfu_device.o
LOAD build/dfu_rt_device.o
LOAD build/hid_device.o
LOAD build/midi_device.o
LOAD build/msc_device.o
LOAD build/mtp_device.o
LOAD build/ecm_rndis_device.o
LOAD build/ncm_device.o
LOAD build/printer_device.o
LOAD build/usbtmc_device.o
LOAD build/video_device.o
LOAD build/vendor_device.o
LOAD build/usbh.o
LOAD build/hub.o
LOAD build/cdc_host.o
LOAD build/hid_host.o
LOAD build/midi_host.o
LOAD build/msc_host.o
LOAD build/vendor_host.o
LOAD build/usbc.o
LOAD build/dcd_stm32_fsdev.o
LOAD build/fsdev_common.o
LOAD build/hcd_stm32_fsdev.o
LOAD build/app.o
LOAD build/sx_user_cdc.o
LOAD build/sx_user_msc.o
LOAD build/sx_user_mqtt.o
LOAD build/sx_ex_storage.o
LOAD build/test_at.o
LOAD build/at_command.o
LOAD build/sx_board.o
LOAD build/logger.o
LOAD build/lfs.o
LOAD build/lfs_util.o
LOAD build/cJSON.o
LOAD build/cJSON_Utils.o
LOAD build/sx_os.o
LOAD build/file_io.o
LOAD build/cli_shell.o
LOAD build/sx_fs.o
LOAD build/ff.o
LOAD build/ffsystem.o
LOAD build/ffunicode.o
LOAD build/sx_diskio.o
LOAD build/sx_fatfs.o
LOAD build/sx_mqtt.o
LOAD build/sx_sleep_manager.o
LOAD build/sx_read_bat.o
LOAD build/cqueue.o
LOAD build/sx_mem.o
LOAD build/sx_delay.o
LOAD build/sx_filter.o
LOAD build/sx_can.o
LOAD build/sx_flash.o
LOAD build/sx_gpio.o
LOAD build/sx_i2c.o
LOAD build/sx_spi.o
LOAD build/sx_uart.o
LOAD build/sx_timer.o
LOAD build/gps.o
LOAD build/minmea.o
LOAD build/modem.o
LOAD build/sim76xx.o
LOAD build/sx_usb_tiny_cdc.o
LOAD build/usb_descriptor.o
LOAD build/sx_usb_tiny_msc.o
LOAD build/sx_W25Q128.o
LOAD build/sx_sleep.o
LOAD build/bno055.o
LOAD build/sx_ex_rtc.o
LOAD build/startup_stm32h563xx.o
LOAD C:/ST/STM32CubeCLT_1.20.0/GNU-tools-for-STM32/bin/../lib/gcc/arm-none-eabi/13.3.1/../../../../arm-none-eabi/lib/thumb/v8-m.main+fp/hard\libc_nano.a
LOAD C:/ST/STM32CubeCLT_1.20.0/GNU-tools-for-STM32/bin/../lib/gcc/arm-none-eabi/13.3.1/../../../../arm-none-eabi/lib/thumb/v8-m.main+fp/hard\libm.a
LOAD C:/ST/STM32CubeCLT_1.20.0/GNU-tools-for-STM32/bin/../lib/gcc/arm-none-eabi/13.3.1/../../../../arm-none-eabi/lib/thumb/v8-m.main+fp/hard\libnosys.a
START GROUP
LOAD C:/ST/STM32CubeCLT_1.20.0/GNU-tools-for-STM32/bin/../lib/gcc/arm-none-eabi/13.3.1/thumb/v8-m.main+fp/hard\libgcc.a
LOAD C:/ST/STM32CubeCLT_1.20.0/GNU-tools-for-STM32/bin/../lib/gcc/arm-none-eabi/13.3.1/../../../../arm-none-eabi/lib/thumb/v8-m.main+fp/hard\libc_nano.a
END GROUP
START GROUP
LOAD C:/ST/STM32CubeCLT_1.20.0/GNU-tools-for-STM32/bin/../lib/gcc/arm-none-eabi/13.3.1/thumb/v8-m.main+fp/hard\libgcc.a
LOAD C:/ST/STM32CubeCLT_1.20.0/GNU-tools-for-STM32/bin/../lib/gcc/arm-none-eabi/13.3.1/../../../../arm-none-eabi/lib/thumb/v8-m.main+fp/hard\libc_nano.a
END GROUP
LOAD C:/ST/STM32CubeCLT_1.20.0/GNU-tools-for-STM32/bin/../lib/gcc/arm-none-eabi/13.3.1/thumb/v8-m.main+fp/hard/crtend.o
LOAD C:/ST/STM32CubeCLT_1.20.0/GNU-tools-for-STM32/bin/../lib/gcc/arm-none-eabi/13.3.1/thumb/v8-m.main+fp/hard/crtn.o
                0x200a0000                        _estack = (ORIGIN (RAM) + LENGTH (RAM))
                0x00001000                        _Min_Heap_Size = 0x1000
                0x00001000                        _Min_Stack_Size = 0x1000

.isr_vector     0x08010000      0x24c
                0x08010000                        . = ALIGN (0x4)
 *(.isr_vector)
 .isr_vector    0x08010000      0x24c build/startup_stm32h563xx.o
                0x08010000                g_pfnVectors
                0x0801024c                        . = ALIGN (0x4)

.text           0x08010250    0x23d6c
                0x08010250                        . = ALIGN (0x4)
 *(.text)
 .text          0x08010250       0x40 C:/ST/STM32CubeCLT_1.20.0/GNU-tools-for-STM32/bin/../lib/gcc/arm-none-eabi/13.3.1/thumb/v8-m.main+fp/hard/crtbegin.o
 .text          0x08010290       0x14 C:/ST/STM32CubeCLT_1.20.0/GNU-tools-for-STM32/bin/../lib/gcc/arm-none-eabi/13.3.1/../../../../arm-none-eabi/lib/thumb/v8-m.main+fp/hard\libc_nano.a(libc_a-strcmp.o)
                0x08010290                strcmp
 .text          0x080102a4       0x10 C:/ST/STM32CubeCLT_1.20.0/GNU-tools-for-STM32/bin/../lib/gcc/arm-none-eabi/13.3.1/../../../../arm-none-eabi/lib/thumb/v8-m.main+fp/hard\libc_nano.a(libc_a-strlen.o)
                0x080102a4                strlen
 .text          0x080102b4      0x378 C:/ST/STM32CubeCLT_1.20.0/GNU-tools-for-STM32/bin/../lib/gcc/arm-none-eabi/13.3.1/thumb/v8-m.main+fp/hard\libgcc.a(_arm_addsubdf3.o)
                0x080102b4                __aeabi_drsub
                0x080102bc                __aeabi_dsub
                0x080102bc                __subdf3
                0x080102c0                __aeabi_dadd
                0x080102c0                __adddf3
                0x08010538                __floatunsidf
                0x08010538                __aeabi_ui2d
                0x08010558                __floatsidf
                0x08010558                __aeabi_i2d
                0x0801057c                __aeabi_f2d
                0x0801057c                __extendsfdf2
                0x080105c0                __floatundidf
                0x080105c0                __aeabi_ul2d
                0x080105d0                __floatdidf
                0x080105d0                __aeabi_l2d
 .text          0x0801062c      0x424 C:/ST/STM32CubeCLT_1.20.0/GNU-tools-for-STM32/bin/../lib/gcc/arm-none-eabi/13.3.1/thumb/v8-m.main+fp/hard\libgcc.a(_arm_muldivdf3.o)
                0x0801062c                __aeabi_dmul
                0x0801062c                __muldf3
                0x08010880                __divdf3
                0x08010880                __aeabi_ddiv
 .text          0x08010a50      0x110 C:/ST/STM32CubeCLT_1.20.0/GNU-tools-for-STM32/bin/../lib/gcc/arm-none-eabi/13.3.1/thumb/v8-m.main+fp/hard\libgcc.a(_arm_cmpdf2.o)
                0x08010a50                __gtdf2
                0x08010a50                __gedf2
                0x08010a58                __ltdf2
                0x08010a58                __ledf2
                0x08010a60                __nedf2
                0x08010a60                __eqdf2
                0x08010a60                __cmpdf2
                0x08010adc                __aeabi_cdrcmple
                0x08010aec                __aeabi_cdcmpeq
                0x08010aec                __aeabi_cdcmple
                0x08010afc                __aeabi_dcmpeq
                0x08010b10                __aeabi_dcmplt
                0x08010b24                __aeabi_dcmple
                0x08010b38                __aeabi_dcmpge
                0x08010b4c                __aeabi_dcmpgt
 .text          0x08010b60       0x2c C:/ST/STM32CubeCLT_1.20.0/GNU-tools-for-STM32/bin/../lib/gcc/arm-none-eabi/13.3.1/thumb/v8-m.main+fp/hard\libgcc.a(_arm_unorddf2.o)
                0x08010b60                __unorddf2
                0x08010b60                __aeabi_dcmpun
 .text          0x08010b8c       0x50 C:/ST/STM32CubeCLT_1.20.0/GNU-tools-for-STM32/bin/../lib/gcc/arm-none-eabi/13.3.1/thumb/v8-m.main+fp/hard\libgcc.a(_arm_fixdfsi.o)
                0x08010b8c                __aeabi_d2iz
                0x08010b8c                __fixdfsi
 .text          0x08010bdc       0x40 C:/ST/STM32CubeCLT_1.20.0/GNU-tools-for-STM32/bin/../lib/gcc/arm-none-eabi/13.3.1/thumb/v8-m.main+fp/hard\libgcc.a(_arm_fixunsdfsi.o)
                0x08010bdc                __aeabi_d2uiz
                0x08010bdc                __fixunsdfsi
 .text          0x08010c1c       0xa0 C:/ST/STM32CubeCLT_1.20.0/GNU-tools-for-STM32/bin/../lib/gcc/arm-none-eabi/13.3.1/thumb/v8-m.main+fp/hard\libgcc.a(_arm_truncdfsf2.o)
                0x08010c1c                __truncdfsf2
                0x08010c1c                __aeabi_d2f
 .text          0x08010cbc       0x30 C:/ST/STM32CubeCLT_1.20.0/GNU-tools-for-STM32/bin/../lib/gcc/arm-none-eabi/13.3.1/thumb/v8-m.main+fp/hard\libgcc.a(_aeabi_uldivmod.o)
                0x08010cbc                __aeabi_uldivmod
 .text          0x08010cec       0x28 C:/ST/STM32CubeCLT_1.20.0/GNU-tools-for-STM32/bin/../lib/gcc/arm-none-eabi/13.3.1/thumb/v8-m.main+fp/hard\libgcc.a(_popcountsi2.o)
                0x08010cec                __popcountsi2
 .text          0x08010d14       0x30 C:/ST/STM32CubeCLT_1.20.0/GNU-tools-for-STM32/bin/../lib/gcc/arm-none-eabi/13.3.1/thumb/v8-m.main+fp/hard\libgcc.a(_fixdfdi.o)
                0x08010d14                __fixdfdi
                0x08010d14                __aeabi_d2lz
 .text          0x08010d44       0x3c C:/ST/STM32CubeCLT_1.20.0/GNU-tools-for-STM32/bin/../lib/gcc/arm-none-eabi/13.3.1/thumb/v8-m.main+fp/hard\libgcc.a(_fixunsdfdi.o)
                0x08010d44                __fixunsdfdi
                0x08010d44                __aeabi_d2ulz
 .text          0x08010d80      0x348 C:/ST/STM32CubeCLT_1.20.0/GNU-tools-for-STM32/bin/../lib/gcc/arm-none-eabi/13.3.1/thumb/v8-m.main+fp/hard\libgcc.a(_udivmoddi4.o)
                0x08010d80                __udivmoddi4
 .text          0x080110c8        0x4 C:/ST/STM32CubeCLT_1.20.0/GNU-tools-for-STM32/bin/../lib/gcc/arm-none-eabi/13.3.1/thumb/v8-m.main+fp/hard\libgcc.a(_dvmd_tls.o)
                0x080110c8                __aeabi_idiv0
                0x080110c8                __aeabi_ldiv0
 *(.text*)
 .text.Error_Handler
                0x080110cc        0x4 build/main.o
                0x080110cc                Error_Handler
 .text.SystemClock_Config
                0x080110d0       0xbc build/main.o
                0x080110d0                SystemClock_Config
 .text.PeriphCommonClock_Config
                0x0801118c       0x2c build/main.o
                0x0801118c                PeriphCommonClock_Config
 .text.main     0x080111b8       0x70 build/main.o
                0x080111b8                main
 .text.MX_GPIO_Init
                0x08011228      0x164 build/gpio.o
                0x08011228                MX_GPIO_Init
 .text.MX_I2C1_Init
                0x0801138c       0x58 build/i2c.o
                0x0801138c                MX_I2C1_Init
 .text.HAL_I2C_MspInit
                0x080113e4       0xbc build/i2c.o
                0x080113e4                HAL_I2C_MspInit
 .text.MX_SPI1_Init
                0x080114a0       0x5c build/spi.o
                0x080114a0                MX_SPI1_Init
 .text.HAL_SPI_MspInit
                0x080114fc       0xb0 build/spi.o
                0x080114fc                HAL_SPI_MspInit
 .text.MX_USART1_UART_Init
                0x080115ac       0x70 build/usart.o
                0x080115ac                MX_USART1_UART_Init
 .text.MX_USART2_UART_Init
                0x0801161c       0x68 build/usart.o
                0x0801161c                MX_USART2_UART_Init
 .text.MX_USART3_UART_Init
                0x08011684       0x68 build/usart.o
                0x08011684                MX_USART3_UART_Init
 .text.HAL_UART_MspInit
                0x080116ec      0x1ac build/usart.o
                0x080116ec                HAL_UART_MspInit
 .text.MX_USB_PCD_Init
                0x08011898       0x38 build/usb.o
                0x08011898                MX_USB_PCD_Init
 .text.HAL_PCD_MspInit
                0x080118d0       0x70 build/usb.o
                0x080118d0                HAL_PCD_MspInit
 .text.NMI_Handler
                0x08011940        0x2 build/stm32h5xx_it.o
                0x08011940                NMI_Handler
 .text.HardFault_Handler
                0x08011942        0x2 build/stm32h5xx_it.o
                0x08011942                HardFault_Handler
 .text.MemManage_Handler
                0x08011944        0x2 build/stm32h5xx_it.o
                0x08011944                MemManage_Handler
 .text.BusFault_Handler
                0x08011946        0x2 build/stm32h5xx_it.o
                0x08011946                BusFault_Handler
 .text.UsageFault_Handler
                0x08011948        0x2 build/stm32h5xx_it.o
                0x08011948                UsageFault_Handler
 .text.SVC_Handler
                0x0801194a        0x2 build/stm32h5xx_it.o
                0x0801194a                SVC_Handler
 .text.DebugMon_Handler
                0x0801194c        0x2 build/stm32h5xx_it.o
                0x0801194c                DebugMon_Handler
 .text.PendSV_Handler
                0x0801194e        0x2 build/stm32h5xx_it.o
                0x0801194e                PendSV_Handler
 .text.SysTick_Handler
                0x08011950        0x8 build/stm32h5xx_it.o
                0x08011950                SysTick_Handler
 .text.RTC_IRQHandler
                0x08011958       0x10 build/stm32h5xx_it.o
                0x08011958                RTC_IRQHandler
 .text.EXTI1_IRQHandler
                0x08011968        0xa build/stm32h5xx_it.o
                0x08011968                EXTI1_IRQHandler
 *fill*         0x08011972        0x2 
 .text.TIM1_BRK_IRQHandler
                0x08011974       0x10 build/stm32h5xx_it.o
                0x08011974                TIM1_BRK_IRQHandler
 .text.TIM1_UP_IRQHandler
                0x08011984       0x10 build/stm32h5xx_it.o
                0x08011984                TIM1_UP_IRQHandler
 .text.TIM1_TRG_COM_IRQHandler
                0x08011994       0x10 build/stm32h5xx_it.o
                0x08011994                TIM1_TRG_COM_IRQHandler
 .text.TIM1_CC_IRQHandler
                0x080119a4       0x10 build/stm32h5xx_it.o
                0x080119a4                TIM1_CC_IRQHandler
 .text.TIM2_IRQHandler
                0x080119b4       0x10 build/stm32h5xx_it.o
                0x080119b4                TIM2_IRQHandler
 .text.TIM3_IRQHandler
                0x080119c4       0x10 build/stm32h5xx_it.o
                0x080119c4                TIM3_IRQHandler
 .text.I2C1_EV_IRQHandler
                0x080119d4       0x10 build/stm32h5xx_it.o
                0x080119d4                I2C1_EV_IRQHandler
 .text.I2C1_ER_IRQHandler
                0x080119e4       0x10 build/stm32h5xx_it.o
                0x080119e4                I2C1_ER_IRQHandler
 .text.SPI1_IRQHandler
                0x080119f4       0x10 build/stm32h5xx_it.o
                0x080119f4                SPI1_IRQHandler
 .text.USART1_IRQHandler
                0x08011a04       0x10 build/stm32h5xx_it.o
                0x08011a04                USART1_IRQHandler
 .text.USART2_IRQHandler
                0x08011a14       0x10 build/stm32h5xx_it.o
                0x08011a14                USART2_IRQHandler
 .text.USART3_IRQHandler
                0x08011a24       0x10 build/stm32h5xx_it.o
                0x08011a24                USART3_IRQHandler
 .text.LPTIM1_IRQHandler
                0x08011a34       0x10 build/stm32h5xx_it.o
                0x08011a34                LPTIM1_IRQHandler
 .text.HAL_MspInit
                0x08011a44        0x2 build/stm32h5xx_hal_msp.o
                0x08011a44                HAL_MspInit
 *fill*         0x08011a46        0x2 
 .text.__NVIC_EnableIRQ
                0x08011a48       0x1c build/stm32h5xx_hal_cortex.o
 .text.__NVIC_DisableIRQ
                0x08011a64       0x24 build/stm32h5xx_hal_cortex.o
 .text.__NVIC_SetPriority
                0x08011a88       0x28 build/stm32h5xx_hal_cortex.o
 .text.NVIC_EncodePriority
                0x08011ab0       0x3e build/stm32h5xx_hal_cortex.o
 *fill*         0x08011aee        0x2 
 .text.HAL_NVIC_SetPriorityGrouping
                0x08011af0       0x24 build/stm32h5xx_hal_cortex.o
                0x08011af0                HAL_NVIC_SetPriorityGrouping
 .text.HAL_NVIC_SetPriority
                0x08011b14       0x20 build/stm32h5xx_hal_cortex.o
                0x08011b14                HAL_NVIC_SetPriority
 .text.HAL_NVIC_EnableIRQ
                0x08011b34        0x8 build/stm32h5xx_hal_cortex.o
                0x08011b34                HAL_NVIC_EnableIRQ
 .text.HAL_NVIC_DisableIRQ
                0x08011b3c        0x8 build/stm32h5xx_hal_cortex.o
                0x08011b3c                HAL_NVIC_DisableIRQ
 .text.HAL_NVIC_ClearPendingIRQ
                0x08011b44       0x1c build/stm32h5xx_hal_cortex.o
                0x08011b44                HAL_NVIC_ClearPendingIRQ
 .text.HAL_SYSTICK_Config
                0x08011b60       0x20 build/stm32h5xx_hal_cortex.o
                0x08011b60                HAL_SYSTICK_Config
 .text.HAL_SYSTICK_CLKSourceConfig
                0x08011b80       0x7c build/stm32h5xx_hal_cortex.o
                0x08011b80                HAL_SYSTICK_CLKSourceConfig
 .text.HAL_SYSTICK_GetCLKSourceConfig
                0x08011bfc       0x30 build/stm32h5xx_hal_cortex.o
                0x08011bfc                HAL_SYSTICK_GetCLKSourceConfig
 .text.HAL_RCC_GetSysClockFreq
                0x08011c2c      0x1d8 build/stm32h5xx_hal_rcc.o
                0x08011c2c                HAL_RCC_GetSysClockFreq
 .text.HAL_RCC_ClockConfig
                0x08011e04      0x298 build/stm32h5xx_hal_rcc.o
                0x08011e04                HAL_RCC_ClockConfig
 .text.HAL_RCC_GetHCLKFreq
                0x0801209c       0x2c build/stm32h5xx_hal_rcc.o
                0x0801209c                HAL_RCC_GetHCLKFreq
 .text.HAL_RCC_OscConfig
                0x080120c8      0x68c build/stm32h5xx_hal_rcc.o
                0x080120c8                HAL_RCC_OscConfig
 .text.HAL_RCC_GetPCLK1Freq
                0x08012754       0x24 build/stm32h5xx_hal_rcc.o
                0x08012754                HAL_RCC_GetPCLK1Freq
 .text.HAL_RCC_GetPCLK2Freq
                0x08012778       0x24 build/stm32h5xx_hal_rcc.o
                0x08012778                HAL_RCC_GetPCLK2Freq
 .text.HAL_RCC_GetPCLK3Freq
                0x0801279c       0x24 build/stm32h5xx_hal_rcc.o
                0x0801279c                HAL_RCC_GetPCLK3Freq
 .text.RCCEx_PLL2_Config
                0x080127c0       0xdc build/stm32h5xx_hal_rcc_ex.o
 .text.RCCEx_PLL3_Config
                0x0801289c       0xdc build/stm32h5xx_hal_rcc_ex.o
 .text.HAL_RCCEx_PeriphCLKConfig
                0x08012978     0x10a8 build/stm32h5xx_hal_rcc_ex.o
                0x08012978                HAL_RCCEx_PeriphCLKConfig
 .text.HAL_RCCEx_GetPLL1ClockFreq
                0x08013a20      0x218 build/stm32h5xx_hal_rcc_ex.o
                0x08013a20                HAL_RCCEx_GetPLL1ClockFreq
 .text.HAL_RCCEx_GetPLL2ClockFreq
                0x08013c38      0x218 build/stm32h5xx_hal_rcc_ex.o
                0x08013c38                HAL_RCCEx_GetPLL2ClockFreq
 .text.HAL_RCCEx_GetPLL3ClockFreq
                0x08013e50      0x218 build/stm32h5xx_hal_rcc_ex.o
                0x08013e50                HAL_RCCEx_GetPLL3ClockFreq
 .text.HAL_RCCEx_GetPeriphCLKFreq
                0x08014068     0x1d00 build/stm32h5xx_hal_rcc_ex.o
                0x08014068                HAL_RCCEx_GetPeriphCLKFreq
 .text.FLASH_Program_QuadWord
                0x08015d68       0x2c build/stm32h5xx_hal_flash.o
 .text.FLASH_Program_QuadWord_OBK
                0x08015d94       0x48 build/stm32h5xx_hal_flash.o
 .text.FLASH_Program_HalfWord
                0x08015ddc       0x18 build/stm32h5xx_hal_flash.o
 .text.FLASH_Program_Word
                0x08015df4       0x14 build/stm32h5xx_hal_flash.o
 .text.HAL_FLASH_Unlock
                0x08015e08       0x34 build/stm32h5xx_hal_flash.o
                0x08015e08                HAL_FLASH_Unlock
 .text.HAL_FLASH_Lock
                0x08015e3c       0x20 build/stm32h5xx_hal_flash.o
                0x08015e3c                HAL_FLASH_Lock
 .text.FLASH_WaitForLastOperation
                0x08015e5c       0x6c build/stm32h5xx_hal_flash.o
                0x08015e5c                FLASH_WaitForLastOperation
 .text.HAL_FLASH_Program
                0x08015ec8       0xb0 build/stm32h5xx_hal_flash.o
                0x08015ec8                HAL_FLASH_Program
 .text.FLASH_MassErase
                0x08015f78       0x4c build/stm32h5xx_hal_flash_ex.o
 .text.FLASH_OBKErase
                0x08015fc4       0x10 build/stm32h5xx_hal_flash_ex.o
 .text.FLASH_Erase_Sector
                0x08015fd4       0x44 build/stm32h5xx_hal_flash_ex.o
                0x08015fd4                FLASH_Erase_Sector
 .text.HAL_FLASHEx_Erase
                0x08016018       0xbc build/stm32h5xx_hal_flash_ex.o
                0x08016018                HAL_FLASHEx_Erase
 .text.HAL_GPIO_Init
                0x080160d4      0x16c build/stm32h5xx_hal_gpio.o
                0x080160d4                HAL_GPIO_Init
 .text.HAL_GPIO_ReadPin
                0x08016240        0xe build/stm32h5xx_hal_gpio.o
                0x08016240                HAL_GPIO_ReadPin
 .text.HAL_GPIO_WritePin
                0x0801624e        0xa build/stm32h5xx_hal_gpio.o
                0x0801624e                HAL_GPIO_WritePin
 .text.HAL_GPIO_TogglePin
                0x08016258       0x12 build/stm32h5xx_hal_gpio.o
                0x08016258                HAL_GPIO_TogglePin
 *fill*         0x0801626a        0x2 
 .text.HAL_GPIO_EXTI_IRQHandler
                0x0801626c       0x30 build/stm32h5xx_hal_gpio.o
                0x0801626c                HAL_GPIO_EXTI_IRQHandler
 .text.HAL_DMA_Abort
                0x0801629c       0xac build/stm32h5xx_hal_dma.o
                0x0801629c                HAL_DMA_Abort
 .text.HAL_DMA_Abort_IT
                0x08016348       0x30 build/stm32h5xx_hal_dma.o
                0x08016348                HAL_DMA_Abort_IT
 .text.HAL_DMA_GetState
                0x08016378        0x6 build/stm32h5xx_hal_dma.o
                0x08016378                HAL_DMA_GetState
 .text.HAL_DMA_GetError
                0x0801637e        0x4 build/stm32h5xx_hal_dma.o
                0x0801637e                HAL_DMA_GetError
 .text.HAL_DMAEx_GetFifoLevel
                0x08016382        0xa build/stm32h5xx_hal_dma_ex.o
                0x08016382                HAL_DMAEx_GetFifoLevel
 .text.HAL_PWR_EnterSTOPMode
                0x0801638c       0x38 build/stm32h5xx_hal_pwr.o
                0x0801638c                HAL_PWR_EnterSTOPMode
 .text.HAL_PWREx_EnableVddUSB
                0x080163c4       0x10 build/stm32h5xx_hal_pwr_ex.o
                0x080163c4                HAL_PWREx_EnableVddUSB
 .text.HAL_InitTick
                0x080163d4       0xac build/stm32h5xx_hal.o
                0x080163d4                HAL_InitTick
 .text.HAL_Init
                0x08016480       0x48 build/stm32h5xx_hal.o
                0x08016480                HAL_Init
 .text.HAL_IncTick
                0x080164c8       0x18 build/stm32h5xx_hal.o
                0x080164c8                HAL_IncTick
 .text.HAL_GetTick
                0x080164e0        0xc build/stm32h5xx_hal.o
                0x080164e0                HAL_GetTick
 .text.HAL_Delay
                0x080164ec       0x28 build/stm32h5xx_hal.o
                0x080164ec                HAL_Delay
 .text.HAL_SuspendTick
                0x08016514        0xe build/stm32h5xx_hal.o
                0x08016514                HAL_SuspendTick
 .text.HAL_ResumeTick
                0x08016522        0xe build/stm32h5xx_hal.o
                0x08016522                HAL_ResumeTick
 .text.I2C_Flush_TXDR
                0x08016530       0x22 build/stm32h5xx_hal_i2c.o
 .text.I2C_TransferConfig
                0x08016552       0x3c build/stm32h5xx_hal_i2c.o
 .text.I2C_Disable_IRQ
                0x0801658e       0x6e build/stm32h5xx_hal_i2c.o
 .text.I2C_IsErrorOccurred
                0x080165fc      0x114 build/stm32h5xx_hal_i2c.o
 .text.I2C_WaitOnTXISFlagUntilTimeout
                0x08016710       0x60 build/stm32h5xx_hal_i2c.o
 .text.I2C_WaitOnFlagUntilTimeout
                0x08016770       0x7c build/stm32h5xx_hal_i2c.o
 .text.I2C_RequestMemoryWrite
                0x080167ec       0x7c build/stm32h5xx_hal_i2c.o
 .text.I2C_RequestMemoryRead
                0x08016868       0x78 build/stm32h5xx_hal_i2c.o
 .text.I2C_WaitOnSTOPFlagUntilTimeout
                0x080168e0       0x5e build/stm32h5xx_hal_i2c.o
 .text.I2C_WaitOnRXNEFlagUntilTimeout
                0x0801693e       0xaa build/stm32h5xx_hal_i2c.o
 .text.HAL_I2C_Init
                0x080169e8       0xc8 build/stm32h5xx_hal_i2c.o
                0x080169e8                HAL_I2C_Init
 .text.HAL_I2C_Master_Transmit
                0x08016ab0      0x17c build/stm32h5xx_hal_i2c.o
                0x08016ab0                HAL_I2C_Master_Transmit
 .text.HAL_I2C_Master_Receive
                0x08016c2c      0x17c build/stm32h5xx_hal_i2c.o
                0x08016c2c                HAL_I2C_Master_Receive
 .text.HAL_I2C_Mem_Write
                0x08016da8      0x1a8 build/stm32h5xx_hal_i2c.o
                0x08016da8                HAL_I2C_Mem_Write
 .text.HAL_I2C_Mem_Read
                0x08016f50      0x1b0 build/stm32h5xx_hal_i2c.o
                0x08016f50                HAL_I2C_Mem_Read
 .text.HAL_I2C_IsDeviceReady
                0x08017100      0x16a build/stm32h5xx_hal_i2c.o
                0x08017100                HAL_I2C_IsDeviceReady
 .text.HAL_I2C_EV_IRQHandler
                0x0801726a       0x10 build/stm32h5xx_hal_i2c.o
                0x0801726a                HAL_I2C_EV_IRQHandler
 .text.HAL_I2C_SlaveTxCpltCallback
                0x0801727a        0x2 build/stm32h5xx_hal_i2c.o
                0x0801727a                HAL_I2C_SlaveTxCpltCallback
 .text.HAL_I2C_SlaveRxCpltCallback
                0x0801727c        0x2 build/stm32h5xx_hal_i2c.o
                0x0801727c                HAL_I2C_SlaveRxCpltCallback
 .text.I2C_ITSlaveSeqCplt
                0x0801727e       0x82 build/stm32h5xx_hal_i2c.o
 .text.HAL_I2C_AddrCallback
                0x08017300        0x2 build/stm32h5xx_hal_i2c.o
                0x08017300                HAL_I2C_AddrCallback
 .text.I2C_ITAddrCplt
                0x08017302       0xa0 build/stm32h5xx_hal_i2c.o
 .text.HAL_I2C_ListenCpltCallback
                0x080173a2        0x2 build/stm32h5xx_hal_i2c.o
                0x080173a2                HAL_I2C_ListenCpltCallback
 .text.I2C_ITListenCplt
                0x080173a4       0x68 build/stm32h5xx_hal_i2c.o
 .text.HAL_I2C_ErrorCallback
                0x0801740c        0x2 build/stm32h5xx_hal_i2c.o
                0x0801740c                HAL_I2C_ErrorCallback
 .text.HAL_I2C_AbortCpltCallback
                0x0801740e        0x2 build/stm32h5xx_hal_i2c.o
                0x0801740e                HAL_I2C_AbortCpltCallback
 .text.I2C_TreatErrorCallback
                0x08017410       0x2e build/stm32h5xx_hal_i2c.o
 *fill*         0x0801743e        0x2 
 .text.I2C_ITError
                0x08017440      0x130 build/stm32h5xx_hal_i2c.o
 .text.I2C_ITSlaveCplt
                0x08017570      0x20c build/stm32h5xx_hal_i2c.o
 .text.I2C_Slave_ISR_IT
                0x0801777c      0x148 build/stm32h5xx_hal_i2c.o
 .text.HAL_I2C_ER_IRQHandler
                0x080178c4       0x6a build/stm32h5xx_hal_i2c.o
                0x080178c4                HAL_I2C_ER_IRQHandler
 .text.I2C_DMAAbort
                0x0801792e       0x1a build/stm32h5xx_hal_i2c.o
 .text.HAL_I2CEx_ConfigAnalogFilter
                0x08017948       0x5c build/stm32h5xx_hal_i2c_ex.o
                0x08017948                HAL_I2CEx_ConfigAnalogFilter
 .text.HAL_I2CEx_ConfigDigitalFilter
                0x080179a4       0x58 build/stm32h5xx_hal_i2c_ex.o
                0x080179a4                HAL_I2CEx_ConfigDigitalFilter
 .text.SPI_CloseTransfer
                0x080179fc       0xc8 build/stm32h5xx_hal_spi.o
 .text.SPI_GetPacketSize
                0x08017ac4       0x10 build/stm32h5xx_hal_spi.o
 .text.SPI_WaitOnFlagUntilTimeout
                0x08017ad4       0x48 build/stm32h5xx_hal_spi.o
 .text.HAL_SPI_Init
                0x08017b1c      0x1cc build/stm32h5xx_hal_spi.o
                0x08017b1c                HAL_SPI_Init
 .text.HAL_SPI_Transmit
                0x08017ce8      0x2fc build/stm32h5xx_hal_spi.o
                0x08017ce8                HAL_SPI_Transmit
 .text.HAL_SPI_Receive
                0x08017fe4      0x388 build/stm32h5xx_hal_spi.o
                0x08017fe4                HAL_SPI_Receive
 .text.HAL_SPI_TransmitReceive
                0x0801836c      0x4e8 build/stm32h5xx_hal_spi.o
                0x0801836c                HAL_SPI_TransmitReceive
 .text.HAL_SPI_TxCpltCallback
                0x08018854        0x2 build/stm32h5xx_hal_spi.o
                0x08018854                HAL_SPI_TxCpltCallback
 .text.HAL_SPI_RxCpltCallback
                0x08018856        0x2 build/stm32h5xx_hal_spi.o
                0x08018856                HAL_SPI_RxCpltCallback
 .text.HAL_SPI_TxRxCpltCallback
                0x08018858        0x2 build/stm32h5xx_hal_spi.o
                0x08018858                HAL_SPI_TxRxCpltCallback
 .text.HAL_SPI_ErrorCallback
                0x0801885a        0x2 build/stm32h5xx_hal_spi.o
                0x0801885a                HAL_SPI_ErrorCallback
 .text.SPI_DMAAbortOnError
                0x0801885c       0x1a build/stm32h5xx_hal_spi.o
 .text.HAL_SPI_SuspendCallback
                0x08018876        0x2 build/stm32h5xx_hal_spi.o
                0x08018876                HAL_SPI_SuspendCallback
 .text.HAL_SPI_IRQHandler
                0x08018878      0x248 build/stm32h5xx_hal_spi.o
                0x08018878                HAL_SPI_IRQHandler
 .text.UART_EndRxTransfer
                0x08018ac0       0x56 build/stm32h5xx_hal_uart.o
 .text.HAL_UART_Abort
                0x08018b16       0xf2 build/stm32h5xx_hal_uart.o
                0x08018b16                HAL_UART_Abort
 .text.HAL_UART_TxCpltCallback
                0x08018c08        0x2 build/stm32h5xx_hal_uart.o
                0x08018c08                HAL_UART_TxCpltCallback
 .text.UART_EndTransmit_IT
                0x08018c0a       0x24 build/stm32h5xx_hal_uart.o
 .text.HAL_UART_ErrorCallback
                0x08018c2e        0x2 build/stm32h5xx_hal_uart.o
                0x08018c2e                HAL_UART_ErrorCallback
 .text.UART_DMAAbortOnError
                0x08018c30       0x10 build/stm32h5xx_hal_uart.o
 .text.HAL_UARTEx_RxEventCallback
                0x08018c40        0x2 build/stm32h5xx_hal_uart.o
                0x08018c40                HAL_UARTEx_RxEventCallback
 *fill*         0x08018c42        0x2 
 .text.HAL_UART_IRQHandler
                0x08018c44      0x32c build/stm32h5xx_hal_uart.o
                0x08018c44                HAL_UART_IRQHandler
 .text.UART_RxISR_8BIT
                0x08018f70       0xe4 build/stm32h5xx_hal_uart.o
 .text.UART_RxISR_16BIT
                0x08019054       0xe0 build/stm32h5xx_hal_uart.o
 .text.UART_RxISR_8BIT_FIFOEN
                0x08019134      0x1d0 build/stm32h5xx_hal_uart.o
 .text.UART_RxISR_16BIT_FIFOEN
                0x08019304      0x1d0 build/stm32h5xx_hal_uart.o
 .text.UART_SetConfig
                0x080194d4      0x238 build/stm32h5xx_hal_uart.o
                0x080194d4                UART_SetConfig
 .text.UART_AdvFeatureConfig
                0x0801970c       0xca build/stm32h5xx_hal_uart.o
                0x0801970c                UART_AdvFeatureConfig
 .text.UART_WaitOnFlagUntilTimeout
                0x080197d6       0x9e build/stm32h5xx_hal_uart.o
                0x080197d6                UART_WaitOnFlagUntilTimeout
 .text.HAL_UART_Transmit
                0x08019874       0xe6 build/stm32h5xx_hal_uart.o
                0x08019874                HAL_UART_Transmit
 .text.UART_CheckIdleState
                0x0801995a       0xca build/stm32h5xx_hal_uart.o
                0x0801995a                UART_CheckIdleState
 .text.HAL_UART_Init
                0x08019a24       0x66 build/stm32h5xx_hal_uart.o
                0x08019a24                HAL_UART_Init
 *fill*         0x08019a8a        0x2 
 .text.UART_Start_Receive_IT
                0x08019a8c      0x13c build/stm32h5xx_hal_uart.o
                0x08019a8c                UART_Start_Receive_IT
 .text.HAL_UART_Receive_IT
                0x08019bc8       0x64 build/stm32h5xx_hal_uart.o
                0x08019bc8                HAL_UART_Receive_IT
 .text.UARTEx_SetNbDataToProcess
                0x08019c2c       0x4c build/stm32h5xx_hal_uart_ex.o
 .text.HAL_UARTEx_WakeupCallback
                0x08019c78        0x2 build/stm32h5xx_hal_uart_ex.o
                0x08019c78                HAL_UARTEx_WakeupCallback
 .text.HAL_UARTEx_RxFifoFullCallback
                0x08019c7a        0x2 build/stm32h5xx_hal_uart_ex.o
                0x08019c7a                HAL_UARTEx_RxFifoFullCallback
 .text.HAL_UARTEx_TxFifoEmptyCallback
                0x08019c7c        0x2 build/stm32h5xx_hal_uart_ex.o
                0x08019c7c                HAL_UARTEx_TxFifoEmptyCallback
 .text.HAL_UARTEx_DisableFifoMode
                0x08019c7e       0x3e build/stm32h5xx_hal_uart_ex.o
                0x08019c7e                HAL_UARTEx_DisableFifoMode
 .text.HAL_UARTEx_SetTxFifoThreshold
                0x08019cbc       0x4a build/stm32h5xx_hal_uart_ex.o
                0x08019cbc                HAL_UARTEx_SetTxFifoThreshold
 .text.HAL_UARTEx_SetRxFifoThreshold
                0x08019d06       0x4a build/stm32h5xx_hal_uart_ex.o
                0x08019d06                HAL_UARTEx_SetRxFifoThreshold
 .text.HAL_PCD_Init
                0x08019d50      0x100 build/stm32h5xx_hal_pcd.o
                0x08019d50                HAL_PCD_Init
 .text.HAL_PCDEx_ActivateLPM
                0x08019e50       0x20 build/stm32h5xx_hal_pcd_ex.o
                0x08019e50                HAL_PCDEx_ActivateLPM
 .text.USB_CoreReset
                0x08019e70       0x14 build/stm32h5xx_ll_usb.o
 .text.USB_CoreInit
                0x08019e84       0x24 build/stm32h5xx_ll_usb.o
                0x08019e84                USB_CoreInit
 .text.USB_DisableGlobalInt
                0x08019ea8       0x10 build/stm32h5xx_ll_usb.o
                0x08019ea8                USB_DisableGlobalInt
 .text.USB_SetCurrentMode
                0x08019eb8       0x22 build/stm32h5xx_ll_usb.o
                0x08019eb8                USB_SetCurrentMode
 .text.USB_DevInit
                0x08019eda       0x2c build/stm32h5xx_ll_usb.o
                0x08019eda                USB_DevInit
 .text.USB_DevDisconnect
                0x08019f06        0xc build/stm32h5xx_ll_usb.o
                0x08019f06                USB_DevDisconnect
 *fill*         0x08019f12        0x2 
 .text.SystemInit
                0x08019f14       0xa4 build/system_stm32h5xx.o
                0x08019f14                SystemInit
 .text._sbrk    0x08019fb8       0x48 build/sysmem.o
                0x08019fb8                _sbrk
 .text._getpid  0x0801a000        0x4 build/syscalls.o
                0x0801a000                _getpid
 .text._kill    0x0801a004       0x10 build/syscalls.o
                0x0801a004                _kill
 .text._exit    0x0801a014        0xc build/syscalls.o
                0x0801a014                _exit
 .text._read    0x0801a020       0x20 build/syscalls.o
                0x0801a020                _read
 .text._write   0x0801a040       0x1c build/syscalls.o
                0x0801a040                _write
 .text._close   0x0801a05c        0x6 build/syscalls.o
                0x0801a05c                _close
 .text._fstat   0x0801a062        0xa build/syscalls.o
                0x0801a062                _fstat
 .text._isatty  0x0801a06c        0x4 build/syscalls.o
                0x0801a06c                _isatty
 .text._lseek   0x0801a070        0x4 build/syscalls.o
                0x0801a070                _lseek
 .text.MX_ICACHE_Init
                0x0801a074        0x2 build/icache.o
                0x0801a074                MX_ICACHE_Init
 *fill*         0x0801a076        0x2 
 .text.MX_LPTIM1_Init
                0x0801a078       0x34 build/lptim.o
                0x0801a078                MX_LPTIM1_Init
 .text.HAL_LPTIM_MspInit
                0x0801a0ac       0x68 build/lptim.o
                0x0801a0ac                HAL_LPTIM_MspInit
 .text.MX_RTC_Init
                0x0801a114       0xd0 build/rtc.o
                0x0801a114                MX_RTC_Init
 .text.HAL_RTC_MspInit
                0x0801a1e4       0x7c build/rtc.o
                0x0801a1e4                HAL_RTC_MspInit
 .text.MX_TIM1_Init
                0x0801a260       0x74 build/tim.o
                0x0801a260                MX_TIM1_Init
 .text.MX_TIM2_Init
                0x0801a2d4       0x6c build/tim.o
                0x0801a2d4                MX_TIM2_Init
 .text.MX_TIM3_Init
                0x0801a340       0x70 build/tim.o
                0x0801a340                MX_TIM3_Init
 .text.HAL_TIM_Base_MspInit
                0x0801a3b0       0xe0 build/tim.o
                0x0801a3b0                HAL_TIM_Base_MspInit
 .text.LPTIM_WaitForFlag
                0x0801a490       0x3c build/stm32h5xx_hal_lptim.o
 .text.HAL_LPTIM_Init
                0x0801a4cc      0x118 build/stm32h5xx_hal_lptim.o
                0x0801a4cc                HAL_LPTIM_Init
 .text.HAL_LPTIM_CompareMatchCallback
                0x0801a5e4        0x2 build/stm32h5xx_hal_lptim.o
                0x0801a5e4                HAL_LPTIM_CompareMatchCallback
 .text.HAL_LPTIM_AutoReloadMatchCallback
                0x0801a5e6        0x2 build/stm32h5xx_hal_lptim.o
                0x0801a5e6                HAL_LPTIM_AutoReloadMatchCallback
 .text.HAL_LPTIM_TriggerCallback
                0x0801a5e8        0x2 build/stm32h5xx_hal_lptim.o
                0x0801a5e8                HAL_LPTIM_TriggerCallback
 .text.HAL_LPTIM_CompareWriteCallback
                0x0801a5ea        0x2 build/stm32h5xx_hal_lptim.o
                0x0801a5ea                HAL_LPTIM_CompareWriteCallback
 .text.HAL_LPTIM_AutoReloadWriteCallback
                0x0801a5ec        0x2 build/stm32h5xx_hal_lptim.o
                0x0801a5ec                HAL_LPTIM_AutoReloadWriteCallback
 .text.HAL_LPTIM_DirectionUpCallback
                0x0801a5ee        0x2 build/stm32h5xx_hal_lptim.o
                0x0801a5ee                HAL_LPTIM_DirectionUpCallback
 .text.HAL_LPTIM_DirectionDownCallback
                0x0801a5f0        0x2 build/stm32h5xx_hal_lptim.o
                0x0801a5f0                HAL_LPTIM_DirectionDownCallback
 .text.HAL_LPTIM_UpdateEventCallback
                0x0801a5f2        0x2 build/stm32h5xx_hal_lptim.o
                0x0801a5f2                HAL_LPTIM_UpdateEventCallback
 .text.HAL_LPTIM_RepCounterWriteCallback
                0x0801a5f4        0x2 build/stm32h5xx_hal_lptim.o
                0x0801a5f4                HAL_LPTIM_RepCounterWriteCallback
 .text.HAL_LPTIM_IC_CaptureCallback
                0x0801a5f6        0x2 build/stm32h5xx_hal_lptim.o
                0x0801a5f6                HAL_LPTIM_IC_CaptureCallback
 .text.HAL_LPTIM_IC_OverCaptureCallback
                0x0801a5f8        0x2 build/stm32h5xx_hal_lptim.o
                0x0801a5f8                HAL_LPTIM_IC_OverCaptureCallback
 .text.HAL_LPTIM_IRQHandler
                0x0801a5fa      0x1ee build/stm32h5xx_hal_lptim.o
                0x0801a5fa                HAL_LPTIM_IRQHandler
 .text.HAL_RTC_WaitForSynchro
                0x0801a7e8       0x48 build/stm32h5xx_hal_rtc.o
                0x0801a7e8                HAL_RTC_WaitForSynchro
 .text.RTC_EnterInitMode
                0x0801a830       0x58 build/stm32h5xx_hal_rtc.o
                0x0801a830                RTC_EnterInitMode
 .text.RTC_ExitInitMode
                0x0801a888       0x4c build/stm32h5xx_hal_rtc.o
                0x0801a888                RTC_ExitInitMode
 .text.HAL_RTC_Init
                0x0801a8d4       0xb8 build/stm32h5xx_hal_rtc.o
                0x0801a8d4                HAL_RTC_Init
 .text.RTC_ByteToBcd2
                0x0801a98c       0x16 build/stm32h5xx_hal_rtc.o
                0x0801a98c                RTC_ByteToBcd2
 *fill*         0x0801a9a2        0x2 
 .text.HAL_RTC_SetTime
                0x0801a9a4       0xdc build/stm32h5xx_hal_rtc.o
                0x0801a9a4                HAL_RTC_SetTime
 .text.HAL_RTC_SetDate
                0x0801aa80       0xac build/stm32h5xx_hal_rtc.o
                0x0801aa80                HAL_RTC_SetDate
 .text.HAL_RTCEx_SetWakeUpTimer_IT
                0x0801ab2c       0xa0 build/stm32h5xx_hal_rtc_ex.o
                0x0801ab2c                HAL_RTCEx_SetWakeUpTimer_IT
 .text.HAL_RTCEx_DeactivateWakeUpTimer
                0x0801abcc       0x34 build/stm32h5xx_hal_rtc_ex.o
                0x0801abcc                HAL_RTCEx_DeactivateWakeUpTimer
 .text.HAL_RTCEx_WakeUpTimerIRQHandler
                0x0801ac00       0x28 build/stm32h5xx_hal_rtc_ex.o
                0x0801ac00                HAL_RTCEx_WakeUpTimerIRQHandler
 .text.HAL_RTCEx_PrivilegeModeSet
                0x0801ac28       0x38 build/stm32h5xx_hal_rtc_ex.o
                0x0801ac28                HAL_RTCEx_PrivilegeModeSet
 .text.TIM_TI1_ConfigInputStage
                0x0801ac60       0x26 build/stm32h5xx_hal_tim.o
 .text.TIM_TI2_ConfigInputStage
                0x0801ac86       0x28 build/stm32h5xx_hal_tim.o
 .text.TIM_ITRx_SetConfig
                0x0801acae       0x14 build/stm32h5xx_hal_tim.o
 .text.HAL_TIM_PeriodElapsedCallback
                0x0801acc2        0x2 build/stm32h5xx_hal_tim.o
                0x0801acc2                HAL_TIM_PeriodElapsedCallback
 .text.HAL_TIM_OC_DelayElapsedCallback
                0x0801acc4        0x2 build/stm32h5xx_hal_tim.o
                0x0801acc4                HAL_TIM_OC_DelayElapsedCallback
 .text.HAL_TIM_IC_CaptureCallback
                0x0801acc6        0x2 build/stm32h5xx_hal_tim.o
                0x0801acc6                HAL_TIM_IC_CaptureCallback
 .text.HAL_TIM_PWM_PulseFinishedCallback
                0x0801acc8        0x2 build/stm32h5xx_hal_tim.o
                0x0801acc8                HAL_TIM_PWM_PulseFinishedCallback
 .text.HAL_TIM_TriggerCallback
                0x0801acca        0x2 build/stm32h5xx_hal_tim.o
                0x0801acca                HAL_TIM_TriggerCallback
 .text.HAL_TIM_IRQHandler
                0x0801accc      0x1ea build/stm32h5xx_hal_tim.o
                0x0801accc                HAL_TIM_IRQHandler
 *fill*         0x0801aeb6        0x2 
 .text.TIM_Base_SetConfig
                0x0801aeb8      0x1a8 build/stm32h5xx_hal_tim.o
                0x0801aeb8                TIM_Base_SetConfig
 .text.HAL_TIM_Base_Init
                0x0801b060       0x60 build/stm32h5xx_hal_tim.o
                0x0801b060                HAL_TIM_Base_Init
 .text.TIM_ETR_SetConfig
                0x0801b0c0       0x1a build/stm32h5xx_hal_tim.o
                0x0801b0c0                TIM_ETR_SetConfig
 *fill*         0x0801b0da        0x2 
 .text.HAL_TIM_ConfigClockSource
                0x0801b0dc      0x160 build/stm32h5xx_hal_tim.o
                0x0801b0dc                HAL_TIM_ConfigClockSource
 .text.HAL_TIMEx_MasterConfigSynchronization
                0x0801b23c       0xfc build/stm32h5xx_hal_tim_ex.o
                0x0801b23c                HAL_TIMEx_MasterConfigSynchronization
 .text.HAL_TIMEx_CommutCallback
                0x0801b338        0x2 build/stm32h5xx_hal_tim_ex.o
                0x0801b338                HAL_TIMEx_CommutCallback
 .text.HAL_TIMEx_BreakCallback
                0x0801b33a        0x2 build/stm32h5xx_hal_tim_ex.o
                0x0801b33a                HAL_TIMEx_BreakCallback
 .text.HAL_TIMEx_Break2Callback
                0x0801b33c        0x2 build/stm32h5xx_hal_tim_ex.o
                0x0801b33c                HAL_TIMEx_Break2Callback
 .text.HAL_TIMEx_EncoderIndexCallback
                0x0801b33e        0x2 build/stm32h5xx_hal_tim_ex.o
                0x0801b33e                HAL_TIMEx_EncoderIndexCallback
 .text.HAL_TIMEx_DirectionChangeCallback
                0x0801b340        0x2 build/stm32h5xx_hal_tim_ex.o
                0x0801b340                HAL_TIMEx_DirectionChangeCallback
 .text.HAL_TIMEx_IndexErrorCallback
                0x0801b342        0x2 build/stm32h5xx_hal_tim_ex.o
                0x0801b342                HAL_TIMEx_IndexErrorCallback
 .text.HAL_TIMEx_TransitionErrorCallback
                0x0801b344        0x2 build/stm32h5xx_hal_tim_ex.o
                0x0801b344                HAL_TIMEx_TransitionErrorCallback
 *fill*         0x0801b346        0x2 
 .text.MX_ADC1_Init
                0x0801b348       0x88 build/adc.o
                0x0801b348                MX_ADC1_Init
 .text.HAL_ADC_MspInit
                0x0801b3d0       0x94 build/adc.o
                0x0801b3d0                HAL_ADC_MspInit
 .text.LL_ADC_REG_SetSequencerRanks
                0x0801b464       0x30 build/stm32h5xx_hal_adc.o
 .text.LL_ADC_SetChannelSamplingTime
                0x0801b494       0x2c build/stm32h5xx_hal_adc.o
 .text.HAL_ADC_Init
                0x0801b4c0      0x1ec build/stm32h5xx_hal_adc.o
                0x0801b4c0                HAL_ADC_Init
 .text.HAL_ADC_PollForConversion
                0x0801b6ac      0x11c build/stm32h5xx_hal_adc.o
                0x0801b6ac                HAL_ADC_PollForConversion
 .text.HAL_ADC_GetValue
                0x0801b7c8        0x6 build/stm32h5xx_hal_adc.o
                0x0801b7c8                HAL_ADC_GetValue
 *fill*         0x0801b7ce        0x2 
 .text.HAL_ADC_ConfigChannel
                0x0801b7d0      0x4bc build/stm32h5xx_hal_adc.o
                0x0801b7d0                HAL_ADC_ConfigChannel
 .text.ADC_ConversionStop
                0x0801bc8c      0x104 build/stm32h5xx_hal_adc.o
                0x0801bc8c                ADC_ConversionStop
 .text.ADC_Enable
                0x0801bd90       0xd8 build/stm32h5xx_hal_adc.o
                0x0801bd90                ADC_Enable
 .text.HAL_ADC_Start
                0x0801be68       0xfc build/stm32h5xx_hal_adc.o
                0x0801be68                HAL_ADC_Start
 .text.ADC_Disable
                0x0801bf64       0x94 build/stm32h5xx_hal_adc.o
                0x0801bf64                ADC_Disable
 .text.HAL_ADC_Stop
                0x0801bff8       0x42 build/stm32h5xx_hal_adc.o
                0x0801bff8                HAL_ADC_Stop
 *fill*         0x0801c03a        0x2 
 .text.HAL_ADCEx_Calibration_Start
                0x0801c03c       0x9c build/stm32h5xx_hal_adc_ex.o
                0x0801c03c                HAL_ADCEx_Calibration_Start
 .text.stream_claim
                0x0801c0d8       0x1a build/tusb.o
 .text.stream_xfer
                0x0801c0f2       0x3a build/tusb.o
 .text.stream_release
                0x0801c12c       0x14 build/tusb.o
 .text.tusb_rhport_init
                0x0801c140       0x84 build/tusb.o
                0x0801c140                tusb_rhport_init
 .text.tu_edpt_claim
                0x0801c1c4       0x3a build/tusb.o
                0x0801c1c4                tu_edpt_claim
 .text.tu_edpt_release
                0x0801c1fe       0x26 build/tusb.o
                0x0801c1fe                tu_edpt_release
 .text.tu_bind_driver_to_ep_itf
                0x0801c224       0x72 build/tusb.o
                0x0801c224                tu_bind_driver_to_ep_itf
 .text.tu_edpt_stream_init
                0x0801c296       0x2a build/tusb.o
                0x0801c296                tu_edpt_stream_init
 .text.tu_edpt_stream_write_zlp_if_needed
                0x0801c2c0       0x48 build/tusb.o
                0x0801c2c0                tu_edpt_stream_write_zlp_if_needed
 .text.tu_edpt_stream_write_xfer
                0x0801c308       0x9e build/tusb.o
                0x0801c308                tu_edpt_stream_write_xfer
 .text.tu_edpt_stream_write
                0x0801c3a6       0x4e build/tusb.o
                0x0801c3a6                tu_edpt_stream_write
 .text.tu_edpt_stream_read_xfer
                0x0801c3f4       0xac build/tusb.o
                0x0801c3f4                tu_edpt_stream_read_xfer
 .text.tu_edpt_stream_read
                0x0801c4a0       0x1a build/tusb.o
                0x0801c4a0                tu_edpt_stream_read
 .text.advance_index
                0x0801c4ba       0x1a build/tusb_fifo.o
 .text.correct_read_index
                0x0801c4d4       0x16 build/tusb_fifo.o
 .text.ff_pull_n
                0x0801c4ea       0x3e build/tusb_fifo.o
 .text.ff_push_n
                0x0801c528       0x3a build/tusb_fifo.o
 .text.tu_fifo_config
                0x0801c562       0x1a build/tusb_fifo.o
                0x0801c562                tu_fifo_config
 .text.tu_fifo_clear
                0x0801c57c        0x8 build/tusb_fifo.o
                0x0801c57c                tu_fifo_clear
 .text.tu_fifo_set_overwritable
                0x0801c584        0xa build/tusb_fifo.o
                0x0801c584                tu_fifo_set_overwritable
 .text.tu_hwfifo_write
                0x0801c58e       0x36 build/tusb_fifo.o
                0x0801c58e                tu_hwfifo_write
 .text.hwff_pull_n
                0x0801c5c4       0xde build/tusb_fifo.o
 .text.tu_hwfifo_read
                0x0801c6a2       0x38 build/tusb_fifo.o
                0x0801c6a2                tu_hwfifo_read
 .text.hwff_push_n
                0x0801c6da       0xca build/tusb_fifo.o
 .text.tu_fifo_peek_n_access_mode
                0x0801c7a4       0x6e build/tusb_fifo.o
                0x0801c7a4                tu_fifo_peek_n_access_mode
 .text.tu_fifo_read_n_access_mode
                0x0801c812       0x30 build/tusb_fifo.o
                0x0801c812                tu_fifo_read_n_access_mode
 .text.tu_fifo_write_n_access_mode
                0x0801c842       0xda build/tusb_fifo.o
                0x0801c842                tu_fifo_write_n_access_mode
 .text.tu_fifo_get_read_info
                0x0801c91c       0x7e build/tusb_fifo.o
                0x0801c91c                tu_fifo_get_read_info
 .text.tud_vendor_control_xfer_cb
                0x0801c99a        0x4 build/usbd.o
                0x0801c99a                tud_vendor_control_xfer_cb
 *fill*         0x0801c99e        0x2 
 .text.configuration_reset
                0x0801c9a0       0x98 build/usbd.o
 .text.usbd_int_set
                0x0801ca38       0x1c build/usbd.o
                0x0801ca38                usbd_int_set
 .text.usbd_reset
                0x0801ca54        0xc build/usbd.o
 .text.invoke_class_control
                0x0801ca60       0x1a build/usbd.o
 *fill*         0x0801ca7a        0x2 
 .text.process_set_config
                0x0801ca7c      0x150 build/usbd.o
 .text.tud_event_hook_cb
                0x0801cbcc        0x2 build/usbd.o
                0x0801cbcc                tud_event_hook_cb
 .text.tud_sof_cb
                0x0801cbce        0x2 build/usbd.o
                0x0801cbce                tud_sof_cb
 .text.tud_descriptor_bos_cb
                0x0801cbd0        0x4 build/usbd.o
                0x0801cbd0                tud_descriptor_bos_cb
 .text.tud_descriptor_device_qualifier_cb
                0x0801cbd4        0x4 build/usbd.o
                0x0801cbd4                tud_descriptor_device_qualifier_cb
 .text.tud_descriptor_other_speed_configuration_cb
                0x0801cbd8        0x4 build/usbd.o
                0x0801cbd8                tud_descriptor_other_speed_configuration_cb
 .text.process_get_descriptor
                0x0801cbdc       0xd8 build/usbd.o
 .text.usbd_app_driver_get_cb
                0x0801ccb4        0x8 build/usbd.o
                0x0801ccb4                usbd_app_driver_get_cb
 .text.tud_mounted
                0x0801ccbc       0x10 build/usbd.o
                0x0801ccbc                tud_mounted
 .text.tud_suspended
                0x0801cccc       0x10 build/usbd.o
                0x0801cccc                tud_suspended
 .text.tud_inited
                0x0801ccdc       0x10 build/usbd.o
                0x0801ccdc                tud_inited
 .text.tud_rhport_init
                0x0801ccec       0xf4 build/usbd.o
                0x0801ccec                tud_rhport_init
 .text.dcd_event_handler
                0x0801cde0      0x27c build/usbd.o
                0x0801cde0                dcd_event_handler
 .text.usbd_edpt_open
                0x0801d05c       0x48 build/usbd.o
                0x0801d05c                usbd_edpt_open
 .text.usbd_open_edpt_pair
                0x0801d0a4       0x7e build/usbd.o
                0x0801d0a4                usbd_open_edpt_pair
 *fill*         0x0801d122        0x2 
 .text.usbd_edpt_claim
                0x0801d124       0x20 build/usbd.o
                0x0801d124                usbd_edpt_claim
 .text.usbd_edpt_release
                0x0801d144       0x20 build/usbd.o
                0x0801d144                usbd_edpt_release
 .text.usbd_edpt_xfer
                0x0801d164       0x94 build/usbd.o
                0x0801d164                usbd_edpt_xfer
 .text.usbd_edpt_xfer_fifo
                0x0801d1f8       0x94 build/usbd.o
                0x0801d1f8                usbd_edpt_xfer_fifo
 .text.usbd_edpt_busy
                0x0801d28c       0x1c build/usbd.o
                0x0801d28c                usbd_edpt_busy
 .text.usbd_edpt_stall
                0x0801d2a8       0x3c build/usbd.o
                0x0801d2a8                usbd_edpt_stall
 .text.usbd_edpt_clear_stall
                0x0801d2e4       0x3c build/usbd.o
                0x0801d2e4                usbd_edpt_clear_stall
 .text.usbd_edpt_stalled
                0x0801d320       0x1c build/usbd.o
                0x0801d320                usbd_edpt_stalled
 .text.process_control_request
                0x0801d33c      0x3dc build/usbd.o
 .text.tud_task_ext
                0x0801d718      0x220 build/usbd.o
                0x0801d718                tud_task_ext
 .text.status_stage_xact
                0x0801d938       0x22 build/usbd_control.o
 *fill*         0x0801d95a        0x2 
 .text.data_stage_xact
                0x0801d95c       0x78 build/usbd_control.o
 .text.tud_control_status
                0x0801d9d4       0x28 build/usbd_control.o
                0x0801d9d4                tud_control_status
 .text.tud_control_xfer
                0x0801d9fc       0x80 build/usbd_control.o
                0x0801d9fc                tud_control_xfer
 .text.usbd_control_reset
                0x0801da7c       0x14 build/usbd_control.o
                0x0801da7c                usbd_control_reset
 .text.usbd_control_set_complete_callback
                0x0801da90        0xc build/usbd_control.o
                0x0801da90                usbd_control_set_complete_callback
 .text.usbd_control_set_request
                0x0801da9c       0x1c build/usbd_control.o
                0x0801da9c                usbd_control_set_request
 .text.usbd_control_xfer_cb
                0x0801dab8       0xe8 build/usbd_control.o
                0x0801dab8                usbd_control_xfer_cb
 .text.tud_cdc_rx_cb
                0x0801dba0        0x2 build/cdc_device.o
                0x0801dba0                tud_cdc_rx_cb
 .text.tud_cdc_rx_wanted_cb
                0x0801dba2        0x2 build/cdc_device.o
                0x0801dba2                tud_cdc_rx_wanted_cb
 .text.tud_cdc_tx_complete_cb
                0x0801dba4        0x2 build/cdc_device.o
                0x0801dba4                tud_cdc_tx_complete_cb
 .text.tud_cdc_notify_complete_cb
                0x0801dba6        0x2 build/cdc_device.o
                0x0801dba6                tud_cdc_notify_complete_cb
 .text.tud_cdc_line_coding_cb
                0x0801dba8        0x2 build/cdc_device.o
                0x0801dba8                tud_cdc_line_coding_cb
 .text.tud_cdc_send_break_cb
                0x0801dbaa        0x2 build/cdc_device.o
                0x0801dbaa                tud_cdc_send_break_cb
 .text.tud_cdc_n_connected
                0x0801dbac       0x34 build/cdc_device.o
                0x0801dbac                tud_cdc_n_connected
 .text.tud_cdc_n_available
                0x0801dbe0       0x3c build/cdc_device.o
                0x0801dbe0                tud_cdc_n_available
 .text.tud_cdc_n_read
                0x0801dc1c       0x24 build/cdc_device.o
                0x0801dc1c                tud_cdc_n_read
 .text.tud_cdc_n_write
                0x0801dc40       0x24 build/cdc_device.o
                0x0801dc40                tud_cdc_n_write
 .text.tud_cdc_n_write_flush
                0x0801dc64       0x20 build/cdc_device.o
                0x0801dc64                tud_cdc_n_write_flush
 .text.cdcd_init
                0x0801dc84       0x88 build/cdc_device.o
                0x0801dc84                cdcd_init
 .text.cdcd_deinit
                0x0801dd0c        0xe build/cdc_device.o
                0x0801dd0c                cdcd_deinit
 *fill*         0x0801dd1a        0x2 
 .text.cdcd_reset
                0x0801dd1c       0x34 build/cdc_device.o
                0x0801dd1c                cdcd_reset
 .text.cdcd_open
                0x0801dd50      0x1d8 build/cdc_device.o
                0x0801dd50                cdcd_open
 .text.cdcd_control_xfer_cb
                0x0801df28       0xfc build/cdc_device.o
                0x0801df28                cdcd_control_xfer_cb
 .text.cdcd_xfer_cb
                0x0801e024      0x18c build/cdc_device.o
                0x0801e024                cdcd_xfer_cb
 .text.proc_bot_reset
                0x0801e1b0       0x18 build/msc_device.o
 .text.proc_stage_status
                0x0801e1c8       0x7c build/msc_device.o
 .text.rdwr10_validate_cmd
                0x0801e244       0x74 build/msc_device.o
 .text.tud_msc_inquiry_cb
                0x0801e2b8        0x2 build/msc_device.o
                0x0801e2b8                tud_msc_inquiry_cb
 .text.tud_msc_read10_complete_cb
                0x0801e2ba        0x2 build/msc_device.o
                0x0801e2ba                tud_msc_read10_complete_cb
 .text.tud_msc_write10_complete_cb
                0x0801e2bc        0x2 build/msc_device.o
                0x0801e2bc                tud_msc_write10_complete_cb
 .text.tud_msc_scsi_complete_cb
                0x0801e2be        0x2 build/msc_device.o
                0x0801e2be                tud_msc_scsi_complete_cb
 .text.tud_msc_get_maxlun_cb
                0x0801e2c0        0x4 build/msc_device.o
                0x0801e2c0                tud_msc_get_maxlun_cb
 .text.tud_msc_prevent_allow_medium_removal_cb
                0x0801e2c4        0x4 build/msc_device.o
                0x0801e2c4                tud_msc_prevent_allow_medium_removal_cb
 .text.tud_msc_request_sense_cb
                0x0801e2c8        0x4 build/msc_device.o
                0x0801e2c8                tud_msc_request_sense_cb
 .text.tud_msc_set_sense
                0x0801e2cc       0x18 build/msc_device.o
                0x0801e2cc                tud_msc_set_sense
 .text.fail_scsi_op
                0x0801e2e4       0x50 build/msc_device.o
 .text.proc_read_io_data
                0x0801e334       0x78 build/msc_device.o
 .text.proc_read10_cmd
                0x0801e3ac       0x64 build/msc_device.o
 .text.proc_write10_cmd
                0x0801e410       0x60 build/msc_device.o
 .text.proc_write_io_data
                0x0801e470       0x84 build/msc_device.o
 .text.proc_write10_host_data
                0x0801e4f4       0x60 build/msc_device.o
 .text.proc_builtin_scsi
                0x0801e554      0x2e8 build/msc_device.o
 .text.mscd_init
                0x0801e83c       0x14 build/msc_device.o
                0x0801e83c                mscd_init
 .text.mscd_reset
                0x0801e850       0x14 build/msc_device.o
                0x0801e850                mscd_reset
 .text.mscd_open
                0x0801e864       0xb0 build/msc_device.o
                0x0801e864                mscd_open
 .text.mscd_control_xfer_cb
                0x0801e914      0x160 build/msc_device.o
                0x0801e914                mscd_control_xfer_cb
 .text.mscd_xfer_cb
                0x0801ea74      0x314 build/msc_device.o
                0x0801ea74                mscd_xfer_cb
 .text.dcd_ep_alloc
                0x0801ed88       0xa4 build/dcd_stm32_fsdev.o
 .text.dcd_pma_alloc
                0x0801ee2c       0x50 build/dcd_stm32_fsdev.o
 .text.edpt0_open
                0x0801ee7c       0x84 build/dcd_stm32_fsdev.o
 .text.handle_bus_reset
                0x0801ef00       0x44 build/dcd_stm32_fsdev.o
 .text.handle_ctr_setup
                0x0801ef44       0x8c build/dcd_stm32_fsdev.o
 .text.handle_ctr_rx
                0x0801efd0      0x11c build/dcd_stm32_fsdev.o
 .text.dcd_transmit_packet
                0x0801f0ec      0x108 build/dcd_stm32_fsdev.o
 .text.handle_ctr_tx
                0x0801f1f4       0xa4 build/dcd_stm32_fsdev.o
 .text.edpt_xfer
                0x0801f298       0xc0 build/dcd_stm32_fsdev.o
 .text.dcd_sof_enable
                0x0801f358       0x20 build/dcd_stm32_fsdev.o
                0x0801f358                dcd_sof_enable
 .text.dcd_int_handler
                0x0801f378      0x19c build/dcd_stm32_fsdev.o
                0x0801f378                dcd_int_handler
 .text.dcd_edpt0_status_complete
                0x0801f514       0x30 build/dcd_stm32_fsdev.o
                0x0801f514                dcd_edpt0_status_complete
 .text.dcd_edpt_open
                0x0801f544      0x120 build/dcd_stm32_fsdev.o
                0x0801f544                dcd_edpt_open
 .text.dcd_edpt_xfer
                0x0801f664       0x38 build/dcd_stm32_fsdev.o
                0x0801f664                dcd_edpt_xfer
 .text.dcd_set_address
                0x0801f69c       0x16 build/dcd_stm32_fsdev.o
                0x0801f69c                dcd_set_address
 *fill*         0x0801f6b2        0x2 
 .text.dcd_edpt_xfer_fifo
                0x0801f6b4       0x38 build/dcd_stm32_fsdev.o
                0x0801f6b4                dcd_edpt_xfer_fifo
 .text.dcd_edpt_stall
                0x0801f6ec       0x98 build/dcd_stm32_fsdev.o
                0x0801f6ec                dcd_edpt_stall
 .text.dcd_edpt_clear_stall
                0x0801f784       0xa8 build/dcd_stm32_fsdev.o
                0x0801f784                dcd_edpt_clear_stall
 .text.dcd_int_enable
                0x0801f82c       0x20 build/dcd_stm32_fsdev.o
                0x0801f82c                dcd_int_enable
 .text.dcd_int_disable
                0x0801f84c       0x24 build/dcd_stm32_fsdev.o
                0x0801f84c                dcd_int_disable
 .text.dcd_edpt_close_all
                0x0801f870       0x4c build/dcd_stm32_fsdev.o
                0x0801f870                dcd_edpt_close_all
 .text.dcd_connect
                0x0801f8bc       0x10 build/dcd_stm32_fsdev.o
                0x0801f8bc                dcd_connect
 .text.dcd_init
                0x0801f8cc       0x2c build/dcd_stm32_fsdev.o
                0x0801f8cc                dcd_init
 .text.fsdev_core_reset
                0x0801f8f8       0x48 build/fsdev_common.o
                0x0801f8f8                fsdev_core_reset
 .text.pma_align_buffer_size
                0x0801f940       0x26 build/fsdev_common.o
                0x0801f940                pma_align_buffer_size
 *fill*         0x0801f966        0x2 
 .text.btable_set_rx_bufsize
                0x0801f968       0x4c build/fsdev_common.o
                0x0801f968                btable_set_rx_bufsize
 .text._on_publish
                0x0801f9b4       0x78 build/app.o
 .text._on_message
                0x0801fa2c       0x28 build/app.o
 .text._on_disconnected
                0x0801fa54       0x3c build/app.o
 .text._on_connected
                0x0801fa90       0x24 build/app.o
 .text._apply_default_config
                0x0801fab4       0x18 build/app.o
 .text.app_read_config_file
                0x0801facc      0x44c build/app.o
 .text.read_last_gps
                0x0801ff18      0x244 build/app.o
 .text._handle_usb_connected
                0x0802015c       0x88 build/app.o
 .text._sync_gps_log_to_disk
                0x080201e4      0x108 build/app.o
 .text.publish_gsm
                0x080202ec       0xc8 build/app.o
 .text.write_gps_log
                0x080203b4      0x144 build/app.o
 .text.set_time_exrtc
                0x080204f8       0x40 build/app.o
 .text.publish_gps
                0x08020538      0x198 build/app.o
 .text.app_mode_full_pw
                0x080206d0        0xc build/app.o
                0x080206d0                app_mode_full_pw
 .text.app_notify_usb_connected
                0x080206dc       0x14 build/app.o
                0x080206dc                app_notify_usb_connected
 .text.app_sync_gps_log_to_disk
                0x080206f0       0x10 build/app.o
                0x080206f0                app_sync_gps_log_to_disk
 .text.app_request_sleep
                0x08020700       0x44 build/app.o
                0x08020700                app_request_sleep
 .text.app_init
                0x08020744       0xe4 build/app.o
                0x08020744                app_init
 .text.app_process
                0x08020828      0x41c build/app.o
                0x08020828                app_process
 .text.sx_user_msc_init
                0x08020c44       0x2c build/sx_user_msc.o
                0x08020c44                sx_user_msc_init
 .text.sx_user_msc_create_disk
                0x08020c70       0x8c build/sx_user_msc.o
                0x08020c70                sx_user_msc_create_disk
 .text.sx_user_msc_write
                0x08020cfc       0x6c build/sx_user_msc.o
                0x08020cfc                sx_user_msc_write
 .text.sx_user_msc_read
                0x08020d68       0x74 build/sx_user_msc.o
                0x08020d68                sx_user_msc_read
 .text.sx_user_msc_remount_disk
                0x08020ddc       0x4c build/sx_user_msc.o
                0x08020ddc                sx_user_msc_remount_disk
 .text._on_message
                0x08020e28       0x34 build/sx_user_mqtt.o
 .text._on_disconnected
                0x08020e5c       0x24 build/sx_user_mqtt.o
 .text._on_connected
                0x08020e80       0x24 build/sx_user_mqtt.o
 .text._on_modem_error
                0x08020ea4       0x24 build/sx_user_mqtt.o
 .text._validate_cfg
                0x08020ec8       0x54 build/sx_user_mqtt.o
 .text._common_init
                0x08020f1c      0x12c build/sx_user_mqtt.o
 .text.dispatch_next
                0x08021048       0x58 build/sx_user_mqtt.o
 .text._on_publish
                0x080210a0       0xd8 build/sx_user_mqtt.o
 .text._on_modem_ready
                0x08021178       0x84 build/sx_user_mqtt.o
 .text.sx_user_mqtt_is_connected
                0x080211fc       0x18 build/sx_user_mqtt.o
                0x080211fc                sx_user_mqtt_is_connected
 .text.sx_user_mqtt_nontls_init
                0x08021214       0x20 build/sx_user_mqtt.o
                0x08021214                sx_user_mqtt_nontls_init
 .text.sx_user_mqtt_force_disconnect
                0x08021234       0x18 build/sx_user_mqtt.o
                0x08021234                sx_user_mqtt_force_disconnect
 .text.sx_user_mqtt_publish
                0x0802124c       0xa4 build/sx_user_mqtt.o
                0x0802124c                sx_user_mqtt_publish
 .text.sx_user_mqtt_subscribe
                0x080212f0       0x44 build/sx_user_mqtt.o
                0x080212f0                sx_user_mqtt_subscribe
 .text.sx_user_mqtt_poll
                0x08021334       0x10 build/sx_user_mqtt.o
                0x08021334                sx_user_mqtt_poll
 .text.sx_user_mqtt_is_publishing
                0x08021344        0xc build/sx_user_mqtt.o
                0x08021344                sx_user_mqtt_is_publishing
 .text.sx_user_mqtt_queue_flush
                0x08021350       0x40 build/sx_user_mqtt.o
                0x08021350                sx_user_mqtt_queue_flush
 .text.sx_gpio_write
                0x08021390       0x22 build/sx_ex_storage.o
 *fill*         0x080213b2        0x2 
 .text._check_init
                0x080213b4       0x28 build/sx_ex_storage.o
 .text.file_open
                0x080213dc       0xd8 build/sx_ex_storage.o
 .text.sx_storage_init
                0x080214b4       0xbc build/sx_ex_storage.o
                0x080214b4                sx_storage_init
 .text.sx_storage_append
                0x08021570       0x7c build/sx_ex_storage.o
                0x08021570                sx_storage_append
 .text.sx_storage_read_partial
                0x080215ec       0xa0 build/sx_ex_storage.o
                0x080215ec                sx_storage_read_partial
 .text.sx_storage_delete
                0x0802168c       0x34 build/sx_ex_storage.o
                0x0802168c                sx_storage_delete
 .text.sx_storage_exists
                0x080216c0       0x3c build/sx_ex_storage.o
                0x080216c0                sx_storage_exists
 .text.sx_storage_size
                0x080216fc       0x50 build/sx_ex_storage.o
                0x080216fc                sx_storage_size
 .text._respond
                0x0802174c       0x18 build/test_at.o
 .text._at_timesleep_set
                0x08021764       0x44 build/test_at.o
 .text._at_mqtt_set
                0x080217a8       0x44 build/test_at.o
 .text._at_vpn_set
                0x080217ec       0x44 build/test_at.o
 .text._at_execute
                0x08021830       0x24 build/test_at.o
 .text.app_at_init
                0x08021854       0x28 build/test_at.o
                0x08021854                app_at_init
 .text.app_at_process
                0x0802187c       0x14 build/test_at.o
                0x0802187c                app_at_process
 .text.at_init  0x08021890       0x2a build/at_command.o
                0x08021890                at_init
 .text.at_process_input
                0x080218ba      0x13c build/at_command.o
                0x080218ba                at_process_input
 .text.sx_gpio_write
                0x080219f6       0x22 build/sx_board.o
 .text.log_print
                0x08021a18       0x18 build/sx_board.o
 .text.spi_storage_init
                0x08021a30       0x3c build/sx_board.o
 .text.sx_gps_uart_abort
                0x08021a6c       0x10 build/sx_board.o
 .text.sx_sim76_uart_abort
                0x08021a7c       0x10 build/sx_board.o
 .text.dcd_fs_msp_init
                0x08021a8c       0x40 build/sx_board.o
                0x08021a8c                dcd_fs_msp_init
 .text.USB_DRD_FS_IRQHandler
                0x08021acc        0xa build/sx_board.o
                0x08021acc                USB_DRD_FS_IRQHandler
 *fill*         0x08021ad6        0x2 
 .text.gps_it_handle
                0x08021ad8       0x18 build/sx_board.o
                0x08021ad8                gps_it_handle
 .text.sim_it_handle
                0x08021af0       0x18 build/sx_board.o
                0x08021af0                sim_it_handle
 .text.sx_board_init
                0x08021b08      0x270 build/sx_board.o
                0x08021b08                sx_board_init
 .text.board_gps_uart_resume_it
                0x08021d78        0xc build/sx_board.o
                0x08021d78                board_gps_uart_resume_it
 .text.board_sim_uart_resume_it
                0x08021d84        0xc build/sx_board.o
                0x08021d84                board_sim_uart_resume_it
 .text.sx_board_uart_resume_it
                0x08021d90        0xc build/sx_board.o
                0x08021d90                sx_board_uart_resume_it
 .text.read_vol_pin
                0x08021d9c       0x20 build/sx_board.o
                0x08021d9c                read_vol_pin
 .text.tud_mount_cb
                0x08021dbc       0x18 build/sx_board.o
                0x08021dbc                tud_mount_cb
 .text.tud_umount_cb
                0x08021dd4       0x44 build/sx_board.o
                0x08021dd4                tud_umount_cb
 .text.tud_suspend_cb
                0x08021e18       0x1c build/sx_board.o
                0x08021e18                tud_suspend_cb
 .text.tud_resume_cb
                0x08021e34       0x18 build/sx_board.o
                0x08021e34                tud_resume_cb
 .text.check_charge
                0x08021e4c       0x2c build/sx_board.o
                0x08021e4c                check_charge
 .text.HAL_UART_RxCpltCallback
                0x08021e78       0x80 build/sx_board.o
                0x08021e78                HAL_UART_RxCpltCallback
 .text.HAL_GPIO_EXTI_Rising_Callback
                0x08021ef8       0x44 build/sx_board.o
                0x08021ef8                HAL_GPIO_EXTI_Rising_Callback
 .text.HAL_GPIO_EXTI_Falling_Callback
                0x08021f3c       0x38 build/sx_board.o
                0x08021f3c                HAL_GPIO_EXTI_Falling_Callback
 .text.tud_cdc_line_state_cb
                0x08021f74       0x20 build/sx_board.o
                0x08021f74                tud_cdc_line_state_cb
 .text.serial_write_func
                0x08021f94        0x8 build/logger.o
 .text.log_func
                0x08021f9c       0x88 build/logger.o
                0x08021f9c                log_func
 .text.log_print_hex
                0x08022024       0xa8 build/logger.o
                0x08022024                log_print_hex
 .text.logger_init
                0x080220cc       0x40 build/logger.o
                0x080220cc                logger_init
 .text.lfs_pair_issync
                0x0802210c       0x48 build/lfs.o
 .text.lfs_gstate_hasmovehere
                0x08022154       0x3a build/lfs.o
 .text.lfs_mlist_isopen
                0x0802218e       0x18 build/lfs.o
 .text.lfs_mlist_remove
                0x080221a6       0x16 build/lfs.o
 .text.lfs_mlist_append
                0x080221bc        0x8 build/lfs.o
 .text.lfs_fs_disk_version
                0x080221c4        0x8 build/lfs.o
 .text.lfs_fs_disk_version_major
                0x080221cc        0xa build/lfs.o
 .text.lfs_fs_disk_version_minor
                0x080221d6        0xa build/lfs.o
 .text.lfs_alloc_ckpoint
                0x080221e0        0x6 build/lfs.o
 .text.lfs_alloc_drop
                0x080221e6        0xe build/lfs.o
 .text.lfs_alloc_lookahead
                0x080221f4       0x36 build/lfs.o
 *fill*         0x0802222a        0x2 
 .text.lfs_dir_traverse_filter
                0x0802222c       0x7c build/lfs.o
 .text.lfs_dir_commit_size
                0x080222a8       0x1c build/lfs.o
 .text.lfs_dir_needsrelocation
                0x080222c4       0x28 build/lfs.o
 .text.lfs_file_size_
                0x080222ec       0x18 build/lfs.o
 .text.lfs_fs_prepsuperblock
                0x08022304        0xe build/lfs.o
 .text.lfs_fs_prepmove
                0x08022312       0x3e build/lfs.o
 .text.lfs_fs_size_count
                0x08022350        0xa build/lfs.o
 *fill*         0x0802235a        0x2 
 .text.lfs_bd_erase
                0x0802235c       0x40 build/lfs.o
 .text.lfs_fs_preporphans
                0x0802239c       0x60 build/lfs.o
 .text.lfs_cache_zero
                0x080223fc       0x18 build/lfs.o
 .text.lfs_tortoise_detectcycles
                0x08022414       0x54 build/lfs.o
 .text.lfs_ctz_index
                0x08022468       0x3c build/lfs.o
 .text.lfs_bd_read
                0x080224a4      0x248 build/lfs.o
 .text.lfs_dir_getslice
                0x080226ec      0x198 build/lfs.o
 .text.lfs_dir_get
                0x08022884       0x1a build/lfs.o
 *fill*         0x0802289e        0x2 
 .text.lfs_dir_getgstate
                0x080228a0       0x48 build/lfs.o
 .text.lfs_ctz_traverse
                0x080228e8       0x98 build/lfs.o
 .text.lfs_fs_parent_match
                0x08022980       0x50 build/lfs.o
 .text.lfs_dir_traverse
                0x080229d0      0x32c build/lfs.o
 .text.lfs_dir_getread
                0x08022cfc      0x122 build/lfs.o
 .text.lfs_bd_cmp
                0x08022e1e       0x70 build/lfs.o
 *fill*         0x08022e8e        0x2 
 .text.lfs_bd_flush
                0x08022e90       0xb4 build/lfs.o
 .text.lfs_bd_prog
                0x08022f44       0xf4 build/lfs.o
 .text.lfs_bd_sync
                0x08023038       0x38 build/lfs.o
 .text.lfs_dir_find_match
                0x08023070       0x42 build/lfs.o
 .text.lfs_ctz_find
                0x080230b2       0x92 build/lfs.o
 .text.lfs_file_flushedread
                0x08023144      0x108 build/lfs.o
 .text.lfs_bd_crc
                0x0802324c       0x64 build/lfs.o
 .text.lfs_dir_fetchmatch
                0x080232b0      0x4f4 build/lfs.o
 .text.lfs_fs_parent
                0x080237a4       0x8c build/lfs.o
 .text.lfs_dir_fetch
                0x08023830       0x1c build/lfs.o
 .text.lfs_fs_traverse_
                0x0802384c      0x174 build/lfs.o
 .text.lfs_alloc_scan
                0x080239c0       0x54 build/lfs.o
 .text.lfs_alloc
                0x08023a14       0xb0 build/lfs.o
 .text.lfs_dir_alloc
                0x08023ac4       0x8c build/lfs.o
 .text.lfs_file_relocate
                0x08023b50      0x124 build/lfs.o
 .text.lfs_file_outline
                0x08023c74       0x22 build/lfs.o
 *fill*         0x08023c96        0x2 
 .text.lfs_ctz_extend
                0x08023c98      0x17c build/lfs.o
 .text.lfs_file_flushedwrite
                0x08023e14      0x15e build/lfs.o
 *fill*         0x08023f72        0x2 
 .text.lfs_file_flush
                0x08023f74      0x110 build/lfs.o
 .text.lfs_file_read_
                0x08024084       0x48 build/lfs.o
 .text.lfs_file_seek_
                0x080240cc       0x8e build/lfs.o
 *fill*         0x0802415a        0x2 
 .text.lfs_file_write_
                0x0802415c       0xb0 build/lfs.o
 .text.lfs_fs_size_
                0x0802420c       0x20 build/lfs.o
 .text.lfs_fs_pred
                0x0802422c       0x8c build/lfs.o
 .text.lfs_dir_commitprog
                0x080242b8       0x40 build/lfs.o
 .text.lfs_dir_commitattr
                0x080242f8       0xba build/lfs.o
 .text.lfs_dir_commit_commit
                0x080243b2       0x10 build/lfs.o
 *fill*         0x080243c2        0x2 
 .text.lfs_dir_commitcrc
                0x080243c4      0x1f8 build/lfs.o
 .text.lfs_dir_compact
                0x080245bc      0x2ac build/lfs.o
 .text.lfs_dir_split
                0x08024868       0x84 build/lfs.o
 .text.lfs_dir_splittingcompact
                0x080248ec      0x19c build/lfs.o
 .text.lfs_dir_relocatingcommit
                0x08024a88      0x36c build/lfs.o
 .text.lfs_dir_orphaningcommit
                0x08024df4      0x3f8 build/lfs.o
 .text.lfs_fs_deorphan
                0x080251ec      0x1fc build/lfs.o
 .text.lfs_dir_commit
                0x080253e8       0x1a build/lfs.o
 *fill*         0x08025402        0x2 
 .text.lfs_fs_desuperblock
                0x08025404       0x90 build/lfs.o
 .text.lfs_fs_demove
                0x08025494       0xa4 build/lfs.o
 .text.lfs_fs_forceconsistency
                0x08025538       0x28 build/lfs.o
 .text.lfs_dir_drop
                0x08025560       0x40 build/lfs.o
 .text.lfs_file_sync_
                0x080255a0       0xc4 build/lfs.o
 .text.lfs_deinit
                0x08025664       0x32 build/lfs.o
 *fill*         0x08025696        0x2 
 .text.lfs_init
                0x08025698      0x404 build/lfs.o
 .text.lfs_format_
                0x08025a9c       0xf4 build/lfs.o
 .text.lfs_unmount_
                0x08025b90        0x8 build/lfs.o
 .text.lfs_mount_
                0x08025b98      0x290 build/lfs.o
 .text.lfs_file_close_
                0x08025e28       0x26 build/lfs.o
 *fill*         0x08025e4e        0x2 
 .text.lfs_dir_find
                0x08025e50      0x180 build/lfs.o
 .text.lfs_remove_
                0x08025fd0      0x124 build/lfs.o
 .text.lfs_path_islast
                0x080260f4       0x28 build/lfs.o
 .text.lfs_path_isdir
                0x0802611c       0x18 build/lfs.o
 .text.lfs_file_opencfg_
                0x08026134      0x268 build/lfs.o
 .text.lfs_file_open_
                0x0802639c       0x14 build/lfs.o
 .text.lfs_mkdir_
                0x080263b0      0x168 build/lfs.o
 .text.lfs_format
                0x08026518        0x8 build/lfs.o
                0x08026518                lfs_format
 .text.lfs_mount
                0x08026520        0x8 build/lfs.o
                0x08026520                lfs_mount
 .text.lfs_remove
                0x08026528        0x8 build/lfs.o
                0x08026528                lfs_remove
 .text.lfs_file_open
                0x08026530       0x3c build/lfs.o
                0x08026530                lfs_file_open
 .text.lfs_file_close
                0x0802656c       0x34 build/lfs.o
                0x0802656c                lfs_file_close
 .text.lfs_file_read
                0x080265a0       0x3c build/lfs.o
                0x080265a0                lfs_file_read
 .text.lfs_file_write
                0x080265dc       0x3c build/lfs.o
                0x080265dc                lfs_file_write
 .text.lfs_file_seek
                0x08026618       0x3c build/lfs.o
                0x08026618                lfs_file_seek
 .text.lfs_file_size
                0x08026654       0x34 build/lfs.o
                0x08026654                lfs_file_size
 .text.lfs_mkdir
                0x08026688        0x8 build/lfs.o
                0x08026688                lfs_mkdir
 .text.lfs_crc  0x08026690       0x40 build/lfs_util.o
                0x08026690                lfs_crc
 .text.case_insensitive_strcmp
                0x080266d0       0x60 build/cJSON.o
 .text.get_decimal_point
                0x08026730        0x4 build/cJSON.o
 .text.parse_hex4
                0x08026734       0x50 build/cJSON.o
 .text.utf16_literal_to_utf8
                0x08026784       0xec build/cJSON.o
 .text.parse_string
                0x08026870      0x158 build/cJSON.o
 .text.buffer_skip_whitespace
                0x080269c8       0x3e build/cJSON.o
 .text.cJSON_New_Item
                0x08026a06       0x18 build/cJSON.o
 *fill*         0x08026a1e        0x2 
 .text.skip_utf8_bom
                0x08026a20       0x38 build/cJSON.o
 .text.parse_number
                0x08026a58      0x108 build/cJSON.o
 .text.get_object_item
                0x08026b60       0x4a build/cJSON.o
 *fill*         0x08026baa        0x2 
 .text.cJSON_Delete
                0x08026bac       0x5c build/cJSON.o
                0x08026bac                cJSON_Delete
 .text.parse_object
                0x08026c08      0x136 build/cJSON.o
 *fill*         0x08026d3e        0x2 
 .text.parse_value
                0x08026d40       0xf4 build/cJSON.o
 .text.parse_array
                0x08026e34       0xec build/cJSON.o
 .text.cJSON_ParseWithLengthOpts
                0x08026f20       0xc8 build/cJSON.o
                0x08026f20                cJSON_ParseWithLengthOpts
 .text.cJSON_ParseWithOpts
                0x08026fe8       0x1c build/cJSON.o
                0x08026fe8                cJSON_ParseWithOpts
 .text.cJSON_Parse
                0x08027004        0xc build/cJSON.o
                0x08027004                cJSON_Parse
 .text.cJSON_GetObjectItem
                0x08027010        0xa build/cJSON.o
                0x08027010                cJSON_GetObjectItem
 .text.cJSON_IsNull
                0x0802701a       0x12 build/cJSON.o
                0x0802701a                cJSON_IsNull
 .text.cJSON_IsNumber
                0x0802702c       0x12 build/cJSON.o
                0x0802702c                cJSON_IsNumber
 *fill*         0x0802703e        0x2 
 .text.littlefs_flash_sync
                0x08027040       0x28 build/file_io.o
                0x08027040                littlefs_flash_sync
 .text.file_system_init
                0x08027068      0x108 build/file_io.o
                0x08027068                file_system_init
 .text.sx_ext_flash_write
                0x08027170       0x24 build/sx_fs.o
 .text.sx_ext_flash_erase_sector
                0x08027194       0x1c build/sx_fs.o
 .text.lfs_flash_erase
                0x080271b0       0x1c build/sx_fs.o
 .text.sx_ext_flash_read
                0x080271cc       0xb8 build/sx_fs.o
 .text.lfs_flash_write
                0x08027284       0xd0 build/sx_fs.o
 .text.lfs_flash_read
                0x08027354       0x60 build/sx_fs.o
 .text.sx_fs_init
                0x080273b4       0x3c build/sx_fs.o
                0x080273b4                sx_fs_init
 .text.ld_16    0x080273f0        0xa build/ff.o
 .text.ld_32    0x080273fa       0x16 build/ff.o
 .text.st_16    0x08027410        0x8 build/ff.o
 .text.st_32    0x08027418       0x14 build/ff.o
 .text.dbc_1st  0x0802742c        0x4 build/ff.o
 .text.dbc_2nd  0x08027430        0x4 build/ff.o
 .text.clst2sect
                0x08027434       0x18 build/ff.o
 .text.ld_clust
                0x0802744c       0x26 build/ff.o
 .text.st_clust
                0x08027472       0x26 build/ff.o
 .text.pick_lfn
                0x08027498       0x88 build/ff.o
 .text.put_lfn  0x08027520       0x78 build/ff.o
 .text.sum_sfn  0x08027598       0x20 build/ff.o
 .text.get_ldnumber
                0x080275b8       0x52 build/ff.o
 .text.validate
                0x0802760a       0x46 build/ff.o
 .text.sync_window
                0x08027650       0x48 build/ff.o
 .text.move_window
                0x08027698       0x36 build/ff.o
 *fill*         0x080276ce        0x2 
 .text.check_fs
                0x080276d0       0xd4 build/ff.o
 .text.find_volume
                0x080277a4       0x70 build/ff.o
 .text.mount_volume
                0x08027814      0x2b8 build/ff.o
 .text.put_fat  0x08027acc      0x104 build/ff.o
 .text.get_fat  0x08027bd0       0xd0 build/ff.o
 .text.dir_sdi  0x08027ca0       0xac build/ff.o
 .text.create_chain
                0x08027d4c      0x12c build/ff.o
 .text.remove_chain
                0x08027e78       0x7e build/ff.o
 .text.dir_clear
                0x08027ef6       0x52 build/ff.o
 .text.dir_next
                0x08027f48       0xc8 build/ff.o
 .text.dir_alloc
                0x08028010       0x50 build/ff.o
 .text.dir_read
                0x08028060       0xbc build/ff.o
 .text.put_utf  0x0802811c       0x38 build/ff.o
 .text.get_fileinfo
                0x08028154      0x134 build/ff.o
 .text.tchar2uni
                0x08028288       0x4a build/ff.o
 *fill*         0x080282d2        0x2 
 .text.create_name
                0x080282d4      0x264 build/ff.o
 .text.cmp_lfn  0x08028538       0xa0 build/ff.o
 .text.dir_find
                0x080285d8       0xe6 build/ff.o
 .text.follow_path
                0x080286be       0x8c build/ff.o
 .text.gen_numname
                0x0802874a       0xca build/ff.o
 .text.dir_register
                0x08028814      0x144 build/ff.o
 .text.sync_fs  0x08028958       0x8c build/ff.o
 .text.create_partition
                0x080289e4      0x13c build/ff.o
 .text.f_mount  0x08028b20       0x58 build/ff.o
                0x08028b20                f_mount
 .text.f_open   0x08028b78      0x1f4 build/ff.o
                0x08028b78                f_open
 .text.f_read   0x08028d6c      0x1b6 build/ff.o
                0x08028d6c                f_read
 .text.f_write  0x08028f22      0x1f0 build/ff.o
                0x08028f22                f_write
 *fill*         0x08029112        0x2 
 .text.f_sync   0x08029114       0x94 build/ff.o
                0x08029114                f_sync
 .text.f_close  0x080291a8       0x20 build/ff.o
                0x080291a8                f_close
 .text.f_opendir
                0x080291c8       0x74 build/ff.o
                0x080291c8                f_opendir
 .text.f_closedir
                0x0802923c       0x14 build/ff.o
                0x0802923c                f_closedir
 .text.f_readdir
                0x08029250       0x58 build/ff.o
                0x08029250                f_readdir
 .text.f_stat   0x080292a8       0x4c build/ff.o
                0x080292a8                f_stat
 .text.f_setlabel
                0x080292f4      0x148 build/ff.o
                0x080292f4                f_setlabel
 .text.f_mkfs   0x0802943c      0x650 build/ff.o
                0x0802943c                f_mkfs
 .text.oem2uni_sbcs
                0x08029a8c       0x24 build/ffunicode.o
 .text.uni2oem_sbcs
                0x08029ab0       0x2c build/ffunicode.o
 .text.ff_uni2oem
                0x08029adc       0x1a build/ffunicode.o
                0x08029adc                ff_uni2oem
 .text.ff_oem2uni
                0x08029af6        0xe build/ffunicode.o
                0x08029af6                ff_oem2uni
 .text.ff_wtoupper
                0x08029b04       0xa0 build/ffunicode.o
                0x08029b04                ff_wtoupper
 .text._cache_load
                0x08029ba4       0x30 build/sx_diskio.o
 .text._cache_flush
                0x08029bd4       0xa8 build/sx_diskio.o
 .text.sx_diskio_get_block_count
                0x08029c7c        0x6 build/sx_diskio.o
                0x08029c7c                sx_diskio_get_block_count
 *fill*         0x08029c82        0x2 
 .text.disk_initialize
                0x08029c84       0x28 build/sx_diskio.o
                0x08029c84                disk_initialize
 .text.disk_status
                0x08029cac       0x14 build/sx_diskio.o
                0x08029cac                disk_status
 .text.disk_read
                0x08029cc0       0x84 build/sx_diskio.o
                0x08029cc0                disk_read
 .text.disk_write
                0x08029d44       0x9c build/sx_diskio.o
                0x08029d44                disk_write
 .text.sx_diskio_process
                0x08029de0       0x30 build/sx_diskio.o
                0x08029de0                sx_diskio_process
 .text.disk_ioctl
                0x08029e10       0x48 build/sx_diskio.o
                0x08029e10                disk_ioctl
 .text.sx_fatfs_mount
                0x08029e58       0xdc build/sx_fatfs.o
                0x08029e58                sx_fatfs_mount
 .text.sx_fatfs_write_file
                0x08029f34       0xb4 build/sx_fatfs.o
                0x08029f34                sx_fatfs_write_file
 .text.sx_fatfs_read_file
                0x08029fe8       0xb8 build/sx_fatfs.o
                0x08029fe8                sx_fatfs_read_file
 .text.sx_fatfs_get_block_count
                0x0802a0a0        0x8 build/sx_fatfs.o
                0x0802a0a0                sx_fatfs_get_block_count
 .text.sx_fatfs_remount
                0x0802a0a8       0x70 build/sx_fatfs.o
                0x0802a0a8                sx_fatfs_remount
 .text.sx_fatfs_debug_list
                0x0802a118       0x78 build/sx_fatfs.o
                0x0802a118                sx_fatfs_debug_list
 .text.cb_pub   0x0802a190       0x44 build/sx_mqtt.o
 .text.cb_sub   0x0802a1d4       0x28 build/sx_mqtt.o
 .text.process_urc_line
                0x0802a1fc      0x16c build/sx_mqtt.o
 .text.urc_handler
                0x0802a368       0xbc build/sx_mqtt.o
 .text.cb_start_after_stop
                0x0802a424       0x1c build/sx_mqtt.o
 .text.cb_version
                0x0802a440       0x58 build/sx_mqtt.o
 .text.goto_ssl_cfg
                0x0802a498       0x44 build/sx_mqtt.o
 .text.do_error
                0x0802a4dc       0x80 build/sx_mqtt.o
 .text.cb_start
                0x0802a55c      0x110 build/sx_mqtt.o
 .text.cb_accq  0x0802a66c       0x58 build/sx_mqtt.o
 .text.cb_conn  0x0802a6c4       0x70 build/sx_mqtt.o
 .text.cb_sslcfg
                0x0802a734       0x48 build/sx_mqtt.o
 .text.cb_sslbind
                0x0802a77c       0x58 build/sx_mqtt.o
 .text.cb_cert_ca_prompt
                0x0802a7d4       0x54 build/sx_mqtt.o
 .text.cb_cert_ca_done
                0x0802a828       0x78 build/sx_mqtt.o
 .text.cb_cert_client_prompt
                0x0802a8a0       0x54 build/sx_mqtt.o
 .text.cb_cert_client_done
                0x0802a8f4       0x68 build/sx_mqtt.o
 .text.cb_cert_key_prompt
                0x0802a95c       0x54 build/sx_mqtt.o
 .text.cb_cert_key_done
                0x0802a9b0       0x3c build/sx_mqtt.o
 .text.cb_ssl_clientcert
                0x0802a9ec       0x74 build/sx_mqtt.o
 .text.cb_ssl_clientkey
                0x0802aa60       0x5c build/sx_mqtt.o
 .text.cb_ssl_authmode
                0x0802aabc       0x38 build/sx_mqtt.o
 .text.cb_ssl_cacert
                0x0802aaf4       0x7c build/sx_mqtt.o
 .text.sx_mqtt_init
                0x0802ab70       0x38 build/sx_mqtt.o
                0x0802ab70                sx_mqtt_init
 .text.sx_mqtt_set_config
                0x0802aba8       0x44 build/sx_mqtt.o
                0x0802aba8                sx_mqtt_set_config
 .text.sx_mqtt_connect
                0x0802abec       0x6c build/sx_mqtt.o
                0x0802abec                sx_mqtt_connect
 .text.sx_mqtt_publish
                0x0802ac58       0x54 build/sx_mqtt.o
                0x0802ac58                sx_mqtt_publish
 .text.sx_mqtt_subscribe
                0x0802acac       0x44 build/sx_mqtt.o
                0x0802acac                sx_mqtt_subscribe
 .text.sx_mqtt_poll
                0x0802acf0       0x7c build/sx_mqtt.o
                0x0802acf0                sx_mqtt_poll
 .text.sx_sleep_enter_stop
                0x0802ad6c        0xe build/sx_sleep_manager.o
 .text.sx_sleep_set_rtc_wake
                0x0802ad7a        0xe build/sx_sleep_manager.o
 .text.sx_sleep_cancel_rtc