Archive member included to satisfy reference by file (symbol)

C:/ST/STM32CubeCLT_1.20.0/GNU-tools-for-STM32/bin/../lib/gcc/arm-none-eabi/13.3.1/../../../../arm-none-eabi/lib/thumb/v8-m.main+fp/hard\libc_nano.a(libc_a-assert.o)
                              build/lfs.o (__assert_func)
C:/ST/STM32CubeCLT_1.20.0/GNU-tools-for-STM32/bin/../lib/gcc/arm-none-eabi/13.3.1/../../../../arm-none-eabi/lib/thumb/v8-m.main+fp/hard\libc_nano.a(libc_a-calloc.o)
                              build/sx_mem.o (calloc)
C:/ST/STM32CubeCLT_1.20.0/GNU-tools-for-STM32/bin/../lib/gcc/arm-none-eabi/13.3.1/../../../../arm-none-eabi/lib/thumb/v8-m.main+fp/hard\libc_nano.a(libc_a-callocr.o)
                              C:/ST/STM32CubeCLT_1.20.0/GNU-tools-for-STM32/bin/../lib/gcc/arm-none-eabi/13.3.1/../../../../arm-none-eabi/lib/thumb/v8-m.main+fp/hard\libc_nano.a(libc_a-calloc.o) (_calloc_r)
C:/ST/STM32CubeCLT_1.20.0/GNU-tools-for-STM32/bin/../lib/gcc/arm-none-eabi/13.3.1/../../../../arm-none-eabi/lib/thumb/v8-m.main+fp/hard\libc_nano.a(libc_a-exit.o)
                              C:/ST/STM32CubeCLT_1.20.0/GNU-tools-for-STM32/bin/../lib/gcc/arm-none-eabi/13.3.1/../../../../arm-none-eabi/lib/thumb/v8-m.main+fp/hard/crt0.o (exit)
C:/ST/STM32CubeCLT_1.20.0/GNU-tools-for-STM32/bin/../lib/gcc/arm-none-eabi/13.3.1/../../../../arm-none-eabi/lib/thumb/v8-m.main+fp/hard\libc_nano.a(libc_a-malloc.o)
                              build/sx_ex_storage.o (malloc)
C:/ST/STM32CubeCLT_1.20.0/GNU-tools-for-STM32/bin/../lib/gcc/arm-none-eabi/13.3.1/../../../../arm-none-eabi/lib/thumb/v8-m.main+fp/hard\libc_nano.a(libc_a-mallocr.o)
                              C:/ST/STM32CubeCLT_1.20.0/GNU-tools-for-STM32/bin/../lib/gcc/arm-none-eabi/13.3.1/../../../../arm-none-eabi/lib/thumb/v8-m.main+fp/hard\libc_nano.a(libc_a-callocr.o) (_malloc_r)
C:/ST/STM32CubeCLT_1.20.0/GNU-tools-for-STM32/bin/../lib/gcc/arm-none-eabi/13.3.1/../../../../arm-none-eabi/lib/thumb/v8-m.main+fp/hard\libc_nano.a(libc_a-mlock.o)
                              C:/ST/STM32CubeCLT_1.20.0/GNU-tools-for-STM32/bin/../lib/gcc/arm-none-eabi/13.3.1/../../../../arm-none-eabi/lib/thumb/v8-m.main+fp/hard\libc_nano.a(libc_a-mallocr.o) (__malloc_lock)
C:/ST/STM32CubeCLT_1.20.0/GNU-tools-for-STM32/bin/../lib/gcc/arm-none-eabi/13.3.1/../../../../arm-none-eabi/lib/thumb/v8-m.main+fp/hard\libc_nano.a(libc_a-realloc.o)
                              build/cJSON.o (realloc)
C:/ST/STM32CubeCLT_1.20.0/GNU-tools-for-STM32/bin/../lib/gcc/arm-none-eabi/13.3.1/../../../../arm-none-eabi/lib/thumb/v8-m.main+fp/hard\libc_nano.a(libc_a-reallocr.o)
                              C:/ST/STM32CubeCLT_1.20.0/GNU-tools-for-STM32/bin/../lib/gcc/arm-none-eabi/13.3.1/../../../../arm-none-eabi/lib/thumb/v8-m.main+fp/hard\libc_nano.a(libc_a-realloc.o) (_realloc_r)
C:/ST/STM32CubeCLT_1.20.0/GNU-tools-for-STM32/bin/../lib/gcc/arm-none-eabi/13.3.1/../../../../arm-none-eabi/lib/thumb/v8-m.main+fp/hard\libc_nano.a(libc_a-strtod.o)
                              build/cJSON.o (strtod)
C:/ST/STM32CubeCLT_1.20.0/GNU-tools-for-STM32/bin/../lib/gcc/arm-none-eabi/13.3.1/../../../../arm-none-eabi/lib/thumb/v8-m.main+fp/hard\libc_nano.a(libc_a-strtol.o)
                              build/app.o (strtol)
C:/ST/STM32CubeCLT_1.20.0/GNU-tools-for-STM32/bin/../lib/gcc/arm-none-eabi/13.3.1/../../../../arm-none-eabi/lib/thumb/v8-m.main+fp/hard\libc_nano.a(libc_a-ctype_.o)
                              build/cJSON.o (_ctype_)
C:/ST/STM32CubeCLT_1.20.0/GNU-tools-for-STM32/bin/../lib/gcc/arm-none-eabi/13.3.1/../../../../arm-none-eabi/lib/thumb/v8-m.main+fp/hard\libc_nano.a(libc_a-nano-vfprintf_float.o)
                              (_printf_float)
C:/ST/STM32CubeCLT_1.20.0/GNU-tools-for-STM32/bin/../lib/gcc/arm-none-eabi/13.3.1/../../../../arm-none-eabi/lib/thumb/v8-m.main+fp/hard\libc_nano.a(libc_a-nano-vfprintf_i.o)
                              C:/ST/STM32CubeCLT_1.20.0/GNU-tools-for-STM32/bin/../lib/gcc/arm-none-eabi/13.3.1/../../../../arm-none-eabi/lib/thumb/v8-m.main+fp/hard\libc_nano.a(libc_a-nano-vfprintf_float.o) (_printf_common)
C:/ST/STM32CubeCLT_1.20.0/GNU-tools-for-STM32/bin/../lib/gcc/arm-none-eabi/13.3.1/../../../../arm-none-eabi/lib/thumb/v8-m.main+fp/hard\libc_nano.a(libc_a-findfp.o)
                              C:/ST/STM32CubeCLT_1.20.0/GNU-tools-for-STM32/bin/../lib/gcc/arm-none-eabi/13.3.1/../../../../arm-none-eabi/lib/thumb/v8-m.main+fp/hard\libc_nano.a(libc_a-exit.o) (__stdio_exit_handler)
C:/ST/STM32CubeCLT_1.20.0/GNU-tools-for-STM32/bin/../lib/gcc/arm-none-eabi/13.3.1/../../../../arm-none-eabi/lib/thumb/v8-m.main+fp/hard\libc_nano.a(libc_a-fprintf.o)
                              C:/ST/STM32CubeCLT_1.20.0/GNU-tools-for-STM32/bin/../lib/gcc/arm-none-eabi/13.3.1/../../../../arm-none-eabi/lib/thumb/v8-m.main+fp/hard\libc_nano.a(libc_a-assert.o) (fiprintf)
C:/ST/STM32CubeCLT_1.20.0/GNU-tools-for-STM32/bin/../lib/gcc/arm-none-eabi/13.3.1/../../../../arm-none-eabi/lib/thumb/v8-m.main+fp/hard\libc_nano.a(libc_a-fwalk.o)
[...]
Memory Configuration

Name             Origin             Length             Attributes
RAM              0x20000000         0x000a0000         xrw
FLASH            0x08010000         0x00200000         xr
*default*        0x00000000         0xffffffff

Linker script and memory map

LOAD C:/ST/STM32CubeCLT_1.20.0/GNU-tools-for-STM32/bin/../lib/gcc/arm-none-eabi/13.3.1/thumb/v8-m.main+fp/hard/crti.o
LOAD C:/ST/STM32CubeCLT_1.20.0/GNU-tools-for-STM32/bin/../lib/gcc/arm-none-eabi/13.3.1/thumb/v8-m.main+fp/hard/crtbegin.o
LOAD C:/ST/STM32CubeCLT_1.20.0/GNU-tools-for-STM32/bin/../lib/gcc/arm-none-eabi/13.3.1/../../../../arm-none-eabi/lib/thumb/v8-m.main+fp/hard/crt0.o
LOAD build/main.o
LOAD build/gpio.o
LOAD build/dcache.o
LOAD build/i2c.o
LOAD build/spi.o
LOAD build/usart.o
LOAD build/usb.o
LOAD build/stm32h5xx_it.o
LOAD build/stm32h5xx_hal_msp.o
LOAD build/stm32h5xx_hal_cortex.o
LOAD build/stm32h5xx_hal_dcache.o
LOAD build/stm32h5xx_hal_rcc.o
LOAD build/stm32h5xx_hal_rcc_ex.o
LOAD build/stm32h5xx_hal_flash.o
LOAD build/stm32h5xx_hal_flash_ex.o
LOAD build/stm32h5xx_hal_gpio.o
LOAD build/stm32h5xx_hal_dma.o
LOAD build/stm32h5xx_hal_dma_ex.o
LOAD build/stm32h5xx_hal_pwr.o
LOAD build/stm32h5xx_hal_pwr_ex.o
LOAD build/stm32h5xx_hal.o
LOAD build/stm32h5xx_hal_exti.o
LOAD build/stm32h5xx_hal_i2c.o
LOAD build/stm32h5xx_hal_i2c_ex.o
LOAD build/stm32h5xx_hal_spi.o
LOAD build/stm32h5xx_hal_spi_ex.o
LOAD build/stm32h5xx_hal_uart.o
LOAD build/stm32h5xx_hal_uart_ex.o
LOAD build/stm32h5xx_hal_pcd.o
LOAD build/stm32h5xx_hal_pcd_ex.o
LOAD build/stm32h5xx_ll_usb.o
LOAD build/system_stm32h5xx.o
LOAD build/sysmem.o
LOAD build/syscalls.o
LOAD build/icache.o
LOAD build/stm32h5xx_hal_icache.o
LOAD build/lptim.o
LOAD build/rtc.o
LOAD build/tim.o
LOAD build/stm32h5xx_hal_lptim.o
LOAD build/stm32h5xx_hal_rtc.o
LOAD build/stm32h5xx_hal_rtc_ex.o
LOAD build/stm32h5xx_hal_tim.o
LOAD build/stm32h5xx_hal_tim_ex.o
LOAD build/adc.o
LOAD build/stm32h5xx_hal_adc.o
LOAD build/stm32h5xx_hal_adc_ex.o
LOAD build/tusb.o
LOAD build/tusb_fifo.o
LOAD build/usbd.o
LOAD build/usbd_control.o
LOAD build/usbc.o
LOAD build/audio_device.o
LOAD build/cdc_device.o
LOAD build/dfu_device.o
LOAD build/dfu_rt_device.o
LOAD build/hid_device.o
LOAD build/midi_device.o
LOAD build/msc_device.o
LOAD build/mtp_device.o
LOAD build/ecm_rndis_device.o
LOAD build/ncm_device.o
LOAD build/printer_device.o
LOAD build/usbtmc_device.o
LOAD build/video_device.o
LOAD build/vendor_device.o
LOAD build/usbh.o
LOAD build/hub.o
LOAD build/cdc_host.o
LOAD build/hid_host.o
LOAD build/midi_host.o
LOAD build/msc_host.o
LOAD build/vendor_host.o
LOAD build/usbc.o
LOAD build/dcd_stm32_fsdev.o
LOAD build/fsdev_common.o
LOAD build/hcd_stm32_fsdev.o
LOAD build/app.o
LOAD build/sx_user_cdc.o
LOAD build/sx_user_msc.o
LOAD build/sx_user_mqtt.o
LOAD build/sx_ex_storage.o
LOAD build/test_at.o
LOAD build/at_command.o
LOAD build/sx_board.o
LOAD build/logger.o
LOAD build/lfs.o
LOAD build/lfs_util.o
LOAD build/cJSON.o
LOAD build/cJSON_Utils.o
LOAD build/sx_os.o
LOAD build/file_io.o
LOAD build/cli_shell.o
LOAD build/sx_fs.o
LOAD build/ff.o
LOAD build/ffsystem.o
LOAD build/ffunicode.o
LOAD build/sx_diskio.o
LOAD build/sx_fatfs.o
LOAD build/sx_mqtt.o
LOAD build/sx_sleep_manager.o
LOAD build/sx_read_bat.o
LOAD build/cqueue.o
LOAD build/sx_mem.o
LOAD build/sx_delay.o
LOAD build/sx_filter.o
LOAD build/sx_can.o
LOAD build/sx_flash.o
LOAD build/sx_gpio.o
LOAD build/sx_i2c.o
LOAD build/sx_spi.o
LOAD build/sx_uart.o
LOAD build/sx_timer.o
LOAD build/gps.o
LOAD build/minmea.o
LOAD build/modem.o
LOAD build/sim76xx.o
LOAD build/sx_usb_tiny_cdc.o
LOAD build/usb_descriptor.o
LOAD build/sx_usb_tiny_msc.o
LOAD build/sx_W25Q128.o
LOAD build/sx_sleep.o
LOAD build/bno055.o
LOAD build/sx_ex_rtc.o
LOAD build/startup_stm32h563xx.o
LOAD C:/ST/STM32CubeCLT_1.20.0/GNU-tools-for-STM32/bin/../lib/gcc/arm-none-eabi/13.3.1/../../../../arm-none-eabi/lib/thumb/v8-m.main+fp/hard\libc_nano.a
LOAD C:/ST/STM32CubeCLT_1.20.0/GNU-tools-for-STM32/bin/../lib/gcc/arm-none-eabi/13.3.1/../../../../arm-none-eabi/lib/thumb/v8-m.main+fp/hard\libm.a
LOAD C:/ST/STM32CubeCLT_1.20.0/GNU-tools-for-STM32/bin/../lib/gcc/arm-none-eabi/13.3.1/../../../../arm-none-eabi/lib/thumb/v8-m.main+fp/hard\libnosys.a
START GROUP
LOAD C:/ST/STM32CubeCLT_1.20.0/GNU-tools-for-STM32/bin/../lib/gcc/arm-none-eabi/13.3.1/thumb/v8-m.main+fp/hard\libgcc.a
LOAD C:/ST/STM32CubeCLT_1.20.0/GNU-tools-for-STM32/bin/../lib/gcc/arm-none-eabi/13.3.1/../../../../arm-none-eabi/lib/thumb/v8-m.main+fp/hard\libc_nano.a
END GROUP
START GROUP
LOAD C:/ST/STM32CubeCLT_1.20.0/GNU-tools-for-STM32/bin/../lib/gcc/arm-none-eabi/13.3.1/thumb/v8-m.main+fp/hard\libgcc.a
LOAD C:/ST/STM32CubeCLT_1.20.0/GNU-tools-for-STM32/bin/../lib/gcc/arm-none-eabi/13.3.1/../../../../arm-none-eabi/lib/thumb/v8-m.main+fp/hard\libc_nano.a
END GROUP
LOAD C:/ST/STM32CubeCLT_1.20.0/GNU-tools-for-STM32/bin/../lib/gcc/arm-none-eabi/13.3.1/thumb/v8-m.main+fp/hard/crtend.o
LOAD C:/ST/STM32CubeCLT_1.20.0/GNU-tools-for-STM32/bin/../lib/gcc/arm-none-eabi/13.3.1/thumb/v8-m.main+fp/hard/crtn.o
                0x200a0000                        _estack = (ORIGIN (RAM) + LENGTH (RAM))
                0x00000600                        _Min_Heap_Size = 0x600
                0x00000600                        _Min_Stack_Size = 0x600

.isr_vector     0x08010000      0x24c
                0x08010000                        . = ALIGN (0x4)
 *(.isr_vector)
 .isr_vector    0x08010000      0x24c build/startup_stm32h563xx.o
                0x08010000                g_pfnVectors
                0x0801024c                        . = ALIGN (0x4)

.text           0x08010250    0x23cbc
                0x08010250                        . = ALIGN (0x4)
 *(.text)
 .text          0x08010250       0x40 C:/ST/STM32CubeCLT_1.20.0/GNU-tools-for-STM32/bin/../lib/gcc/arm-none-eabi/13.3.1/thumb/v8-m.main+fp/hard/crtbegin.o
 .text          0x08010290       0x14 C:/ST/STM32CubeCLT_1.20.0/GNU-tools-for-STM32/bin/../lib/gcc/arm-none-eabi/13.3.1/../../../../arm-none-eabi/lib/thumb/v8-m.main+fp/hard\libc_nano.a(libc_a-strcmp.o)
                0x08010290                strcmp
 .text          0x080102a4       0x10 C:/ST/STM32CubeCLT_1.20.0/GNU-tools-for-STM32/bin/../lib/gcc/arm-none-eabi/13.3.1/../../../../arm-none-eabi/lib/thumb/v8-m.main+fp/hard\libc_nano.a(libc_a-strlen.o)
                0x080102a4                strlen
 .text          0x080102b4      0x378 C:/ST/STM32CubeCLT_1.20.0/GNU-tools-for-STM32/bin/../lib/gcc/arm-none-eabi/13.3.1/thumb/v8-m.main+fp/hard\libgcc.a(_arm_addsubdf3.o)
                0x080102b4                __aeabi_drsub
                0x080102bc                __aeabi_dsub
                0x080102bc                __subdf3
                0x080102c0                __aeabi_dadd
                0x080102c0                __adddf3
                0x08010538                __floatunsidf
                0x08010538                __aeabi_ui2d
                0x08010558                __floatsidf
                0x08010558                __aeabi_i2d
                0x0801057c                __aeabi_f2d
                0x0801057c                __extendsfdf2
                0x080105c0                __floatundidf
                0x080105c0                __aeabi_ul2d
                0x080105d0                __floatdidf
                0x080105d0                __aeabi_l2d
 .text          0x0801062c      0x424 C:/ST/STM32CubeCLT_1.20.0/GNU-tools-for-STM32/bin/../lib/gcc/arm-none-eabi/13.3.1/thumb/v8-m.main+fp/hard\libgcc.a(_arm_muldivdf3.o)
                0x0801062c                __aeabi_dmul
                0x0801062c                __muldf3
                0x08010880                __divdf3
                0x08010880                __aeabi_ddiv
 .text          0x08010a50      0x110 C:/ST/STM32CubeCLT_1.20.0/GNU-tools-for-STM32/bin/../lib/gcc/arm-none-eabi/13.3.1/thumb/v8-m.main+fp/hard\libgcc.a(_arm_cmpdf2.o)
                0x08010a50                __gtdf2
                0x08010a50                __gedf2
                0x08010a58                __ltdf2
                0x08010a58                __ledf2
                0x08010a60                __nedf2
                0x08010a60                __eqdf2
                0x08010a60                __cmpdf2
                0x08010adc                __aeabi_cdrcmple
                0x08010aec                __aeabi_cdcmpeq
                0x08010aec                __aeabi_cdcmple
                0x08010afc                __aeabi_dcmpeq
                0x08010b10                __aeabi_dcmplt
                0x08010b24                __aeabi_dcmple
                0x08010b38                __aeabi_dcmpge
                0x08010b4c                __aeabi_dcmpgt
 .text          0x08010b60       0x2c C:/ST/STM32CubeCLT_1.20.0/GNU-tools-for-STM32/bin/../lib/gcc/arm-none-eabi/13.3.1/thumb/v8-m.main+fp/hard\libgcc.a(_arm_unorddf2.o)
                0x08010b60                __unorddf2
                0x08010b60                __aeabi_dcmpun
 .text          0x08010b8c       0x50 C:/ST/STM32CubeCLT_1.20.0/GNU-tools-for-STM32/bin/../lib/gcc/arm-none-eabi/13.3.1/thumb/v8-m.main+fp/hard\libgcc.a(_arm_fixdfsi.o)
                0x08010b8c                __aeabi_d2iz
                0x08010b8c                __fixdfsi
 .text          0x08010bdc       0x40 C:/ST/STM32CubeCLT_1.20.0/GNU-tools-for-STM32/bin/../lib/gcc/arm-none-eabi/13.3.1/thumb/v8-m.main+fp/hard\libgcc.a(_arm_fixunsdfsi.o)
                0x08010bdc                __aeabi_d2uiz
                0x08010bdc                __fixunsdfsi
 .text          0x08010c1c       0xa0 C:/ST/STM32CubeCLT_1.20.0/GNU-tools-for-STM32/bin/../lib/gcc/arm-none-eabi/13.3.1/thumb/v8-m.main+fp/hard\libgcc.a(_arm_truncdfsf2.o)
                0x08010c1c                __truncdfsf2
                0x08010c1c                __aeabi_d2f
 .text          0x08010cbc       0x30 C:/ST/STM32CubeCLT_1.20.0/GNU-tools-for-STM32/bin/../lib/gcc/arm-none-eabi/13.3.1/thumb/v8-m.main+fp/hard\libgcc.a(_aeabi_uldivmod.o)
                0x08010cbc                __aeabi_uldivmod
 .text          0x08010cec       0x28 C:/ST/STM32CubeCLT_1.20.0/GNU-tools-for-STM32/bin/../lib/gcc/arm-none-eabi/13.3.1/thumb/v8-m.main+fp/hard\libgcc.a(_popcountsi2.o)
                0x08010cec                __popcountsi2
 .text          0x08010d14       0x30 C:/ST/STM32CubeCLT_1.20.0/GNU-tools-for-STM32/bin/../lib/gcc/arm-none-eabi/13.3.1/thumb/v8-m.main+fp/hard\libgcc.a(_fixdfdi.o)
                0x08010d14                __fixdfdi
                0x08010d14                __aeabi_d2lz
 .text          0x08010d44       0x3c C:/ST/STM32CubeCLT_1.20.0/GNU-tools-for-STM32/bin/../lib/gcc/arm-none-eabi/13.3.1/thumb/v8-m.main+fp/hard\libgcc.a(_fixunsdfdi.o)
                0x08010d44                __fixunsdfdi
                0x08010d44                __aeabi_d2ulz
 .text          0x08010d80      0x348 C:/ST/STM32CubeCLT_1.20.0/GNU-tools-for-STM32/bin/../lib/gcc/arm-none-eabi/13.3.1/thumb/v8-m.main+fp/hard\libgcc.a(_udivmoddi4.o)
                0x08010d80                __udivmoddi4
 .text          0x080110c8        0x4 C:/ST/STM32CubeCLT_1.20.0/GNU-tools-for-STM32/bin/../lib/gcc/arm-none-eabi/13.3.1/thumb/v8-m.main+fp/hard\libgcc.a(_dvmd_tls.o)
                0x080110c8                __aeabi_idiv0
                0x080110c8                __aeabi_ldiv0
 *(.text*)
 .text.Error_Handler
                0x080110cc        0x4 build/main.o
                0x080110cc                Error_Handler
 .text.SystemClock_Config
                0x080110d0       0xbc build/main.o
                0x080110d0                SystemClock_Config
 .text.PeriphCommonClock_Config
                0x0801118c       0x2c build/main.o
                0x0801118c                PeriphCommonClock_Config
 .text.main     0x080111b8       0x74 build/main.o
                0x080111b8                main
 .text.MX_GPIO_Init
                0x0801122c      0x164 build/gpio.o
                0x0801122c                MX_GPIO_Init
 .text.MX_DCACHE1_Init
                0x08011390       0x24 build/dcache.o
                0x08011390                MX_DCACHE1_Init
 .text.HAL_DCACHE_MspInit
                0x080113b4       0x34 build/dcache.o
                0x080113b4                HAL_DCACHE_MspInit
 .text.MX_I2C1_Init
                0x080113e8       0x58 build/i2c.o
                0x080113e8                MX_I2C1_Init
 .text.HAL_I2C_MspInit
                0x08011440       0xbc build/i2c.o
                0x08011440                HAL_I2C_MspInit
 .text.MX_SPI1_Init
                0x080114fc       0x5c build/spi.o
                0x080114fc                MX_SPI1_Init
 .text.HAL_SPI_MspInit
                0x08011558       0xb0 build/spi.o
                0x08011558                HAL_SPI_MspInit
 .text.MX_USART1_UART_Init
                0x08011608       0x70 build/usart.o
                0x08011608                MX_USART1_UART_Init
 .text.MX_USART2_UART_Init
                0x08011678       0x68 build/usart.o
                0x08011678                MX_USART2_UART_Init
 .text.MX_USART3_UART_Init
                0x080116e0       0x68 build/usart.o
                0x080116e0                MX_USART3_UART_Init
 .text.HAL_UART_MspInit
                0x08011748      0x1ac build/usart.o
                0x08011748                HAL_UART_MspInit
 .text.MX_USB_PCD_Init
                0x080118f4       0x38 build/usb.o
                0x080118f4                MX_USB_PCD_Init
 .text.HAL_PCD_MspInit
                0x0801192c       0x70 build/usb.o
                0x0801192c                HAL_PCD_MspInit
 .text.NMI_Handler
                0x0801199c        0x2 build/stm32h5xx_it.o
                0x0801199c                NMI_Handler
 .text.HardFault_Handler
                0x0801199e        0x2 build/stm32h5xx_it.o
                0x0801199e                HardFault_Handler
 .text.MemManage_Handler
                0x080119a0        0x2 build/stm32h5xx_it.o
                0x080119a0                MemManage_Handler
 .text.BusFault_Handler
                0x080119a2        0x2 build/stm32h5xx_it.o
                0x080119a2                BusFault_Handler
 .text.UsageFault_Handler
                0x080119a4        0x2 build/stm32h5xx_it.o
                0x080119a4                UsageFault_Handler
 .text.SVC_Handler
                0x080119a6        0x2 build/stm32h5xx_it.o
                0x080119a6                SVC_Handler
 .text.DebugMon_Handler
                0x080119a8        0x2 build/stm32h5xx_it.o
                0x080119a8                DebugMon_Handler
 .text.PendSV_Handler
                0x080119aa        0x2 build/stm32h5xx_it.o
                0x080119aa                PendSV_Handler
 .text.SysTick_Handler
                0x080119ac        0x8 build/stm32h5xx_it.o
                0x080119ac                SysTick_Handler
 .text.RTC_IRQHandler
                0x080119b4       0x10 build/stm32h5xx_it.o
                0x080119b4                RTC_IRQHandler
 .text.EXTI1_IRQHandler
                0x080119c4        0xa build/stm32h5xx_it.o
                0x080119c4                EXTI1_IRQHandler
 *fill*         0x080119ce        0x2 
 .text.TIM1_BRK_IRQHandler
                0x080119d0       0x10 build/stm32h5xx_it.o
                0x080119d0                TIM1_BRK_IRQHandler
 .text.TIM1_UP_IRQHandler
                0x080119e0       0x10 build/stm32h5xx_it.o
                0x080119e0                TIM1_UP_IRQHandler
 .text.TIM1_TRG_COM_IRQHandler
                0x080119f0       0x10 build/stm32h5xx_it.o
                0x080119f0                TIM1_TRG_COM_IRQHandler
 .text.TIM1_CC_IRQHandler
                0x08011a00       0x10 build/stm32h5xx_it.o
                0x08011a00                TIM1_CC_IRQHandler
 .text.TIM2_IRQHandler
                0x08011a10       0x10 build/stm32h5xx_it.o
                0x08011a10                TIM2_IRQHandler
 .text.TIM3_IRQHandler
                0x08011a20       0x10 build/stm32h5xx_it.o
                0x08011a20                TIM3_IRQHandler
 .text.I2C1_EV_IRQHandler
                0x08011a30       0x10 build/stm32h5xx_it.o
                0x08011a30                I2C1_EV_IRQHandler
 .text.I2C1_ER_IRQHandler
                0x08011a40       0x10 build/stm32h5xx_it.o
                0x08011a40                I2C1_ER_IRQHandler
 .text.SPI1_IRQHandler
                0x08011a50       0x10 build/stm32h5xx_it.o
                0x08011a50                SPI1_IRQHandler
 .text.USART1_IRQHandler
                0x08011a60       0x10 build/stm32h5xx_it.o
                0x08011a60                USART1_IRQHandler
 .text.USART2_IRQHandler
                0x08011a70       0x10 build/stm32h5xx_it.o
                0x08011a70                USART2_IRQHandler
 .text.USART3_IRQHandler
                0x08011a80       0x10 build/stm32h5xx_it.o
                0x08011a80                USART3_IRQHandler
 .text.LPTIM1_IRQHandler
                0x08011a90       0x10 build/stm32h5xx_it.o
                0x08011a90                LPTIM1_IRQHandler
 .text.HAL_MspInit
                0x08011aa0        0x2 build/stm32h5xx_hal_msp.o
                0x08011aa0                HAL_MspInit
 *fill*         0x08011aa2        0x2 
 .text.__NVIC_EnableIRQ
                0x08011aa4       0x1c build/stm32h5xx_hal_cortex.o
 .text.__NVIC_DisableIRQ
                0x08011ac0       0x24 build/stm32h5xx_hal_cortex.o
 .text.__NVIC_SetPriority
                0x08011ae4       0x28 build/stm32h5xx_hal_cortex.o
 .text.NVIC_EncodePriority
                0x08011b0c       0x3e build/stm32h5xx_hal_cortex.o
 *fill*         0x08011b4a        0x2 
 .text.HAL_NVIC_SetPriorityGrouping
                0x08011b4c       0x24 build/stm32h5xx_hal_cortex.o
                0x08011b4c                HAL_NVIC_SetPriorityGrouping
 .text.HAL_NVIC_SetPriority
                0x08011b70       0x20 build/stm32h5xx_hal_cortex.o
                0x08011b70                HAL_NVIC_SetPriority
 .text.HAL_NVIC_EnableIRQ
                0x08011b90        0x8 build/stm32h5xx_hal_cortex.o
                0x08011b90                HAL_NVIC_EnableIRQ
 .text.HAL_NVIC_DisableIRQ
                0x08011b98        0x8 build/stm32h5xx_hal_cortex.o
                0x08011b98                HAL_NVIC_DisableIRQ
 .text.HAL_NVIC_ClearPendingIRQ
                0x08011ba0       0x1c build/stm32h5xx_hal_cortex.o
                0x08011ba0                HAL_NVIC_ClearPendingIRQ
 .text.HAL_SYSTICK_Config
                0x08011bbc       0x20 build/stm32h5xx_hal_cortex.o
                0x08011bbc                HAL_SYSTICK_Config
 .text.HAL_SYSTICK_CLKSourceConfig
                0x08011bdc       0x7c build/stm32h5xx_hal_cortex.o
                0x08011bdc                HAL_SYSTICK_CLKSourceConfig
 .text.HAL_SYSTICK_GetCLKSourceConfig
                0x08011c58       0x30 build/stm32h5xx_hal_cortex.o
                0x08011c58                HAL_SYSTICK_GetCLKSourceConfig
 .text.HAL_DCACHE_CleanByAddrCallback
                0x08011c88        0x2 build/stm32h5xx_hal_dcache.o
                0x08011c88                HAL_DCACHE_CleanByAddrCallback
 .text.HAL_DCACHE_InvalidateByAddrCallback
                0x08011c8a        0x2 build/stm32h5xx_hal_dcache.o
                0x08011c8a                HAL_DCACHE_InvalidateByAddrCallback
 .text.HAL_DCACHE_CleanAndInvalidateByAddrCallback
                0x08011c8c        0x2 build/stm32h5xx_hal_dcache.o
                0x08011c8c                HAL_DCACHE_CleanAndInvalidateByAddrCallback
 .text.HAL_DCACHE_InvalidateCompleteCallback
                0x08011c8e        0x2 build/stm32h5xx_hal_dcache.o
                0x08011c8e                HAL_DCACHE_InvalidateCompleteCallback
 .text.HAL_DCACHE_ErrorCallback
                0x08011c90        0x2 build/stm32h5xx_hal_dcache.o
                0x08011c90                HAL_DCACHE_ErrorCallback
 .text.HAL_DCACHE_Enable
                0x08011c92       0x24 build/stm32h5xx_hal_dcache.o
                0x08011c92                HAL_DCACHE_Enable
 *fill*         0x08011cb6        0x2 
 .text.HAL_DCACHE_Init
                0x08011cb8       0x6c build/stm32h5xx_hal_dcache.o
                0x08011cb8                HAL_DCACHE_Init
 .text.HAL_RCC_GetSysClockFreq
                0x08011d24      0x1d8 build/stm32h5xx_hal_rcc.o
                0x08011d24                HAL_RCC_GetSysClockFreq
 .text.HAL_RCC_ClockConfig
                0x08011efc      0x298 build/stm32h5xx_hal_rcc.o
                0x08011efc                HAL_RCC_ClockConfig
 .text.HAL_RCC_GetHCLKFreq
                0x08012194       0x2c build/stm32h5xx_hal_rcc.o
                0x08012194                HAL_RCC_GetHCLKFreq
 .text.HAL_RCC_OscConfig
                0x080121c0      0x68c build/stm32h5xx_hal_rcc.o
                0x080121c0                HAL_RCC_OscConfig
 .text.HAL_RCC_GetPCLK1Freq
                0x0801284c       0x24 build/stm32h5xx_hal_rcc.o
                0x0801284c                HAL_RCC_GetPCLK1Freq
 .text.HAL_RCC_GetPCLK2Freq
                0x08012870       0x24 build/stm32h5xx_hal_rcc.o
                0x08012870                HAL_RCC_GetPCLK2Freq
 .text.HAL_RCC_GetPCLK3Freq
                0x08012894       0x24 build/stm32h5xx_hal_rcc.o
                0x08012894                HAL_RCC_GetPCLK3Freq
 .text.RCCEx_PLL2_Config
                0x080128b8       0xdc build/stm32h5xx_hal_rcc_ex.o
 .text.RCCEx_PLL3_Config
                0x08012994       0xdc build/stm32h5xx_hal_rcc_ex.o
 .text.HAL_RCCEx_PeriphCLKConfig
                0x08012a70     0x10a8 build/stm32h5xx_hal_rcc_ex.o
                0x08012a70                HAL_RCCEx_PeriphCLKConfig
 .text.HAL_RCCEx_GetPLL1ClockFreq
                0x08013b18      0x218 build/stm32h5xx_hal_rcc_ex.o
                0x08013b18                HAL_RCCEx_GetPLL1ClockFreq
 .text.HAL_RCCEx_GetPLL2ClockFreq
                0x08013d30      0x218 build/stm32h5xx_hal_rcc_ex.o
                0x08013d30                HAL_RCCEx_GetPLL2ClockFreq
 .text.HAL_RCCEx_GetPLL3ClockFreq
                0x08013f48      0x218 build/stm32h5xx_hal_rcc_ex.o
                0x08013f48                HAL_RCCEx_GetPLL3ClockFreq
 .text.HAL_RCCEx_GetPeriphCLKFreq
                0x08014160     0x1d00 build/stm32h5xx_hal_rcc_ex.o
                0x08014160                HAL_RCCEx_GetPeriphCLKFreq
 .text.FLASH_Program_QuadWord
                0x08015e60       0x2c build/stm32h5xx_hal_flash.o
 .text.FLASH_Program_QuadWord_OBK
                0x08015e8c       0x48 build/stm32h5xx_hal_flash.o
 .text.FLASH_Program_HalfWord
                0x08015ed4       0x18 build/stm32h5xx_hal_flash.o
 .text.FLASH_Program_Word
                0x08015eec       0x14 build/stm32h5xx_hal_flash.o
 .text.HAL_FLASH_Unlock
                0x08015f00       0x34 build/stm32h5xx_hal_flash.o
                0x08015f00                HAL_FLASH_Unlock
 .text.HAL_FLASH_Lock
                0x08015f34       0x20 build/stm32h5xx_hal_flash.o
                0x08015f34                HAL_FLASH_Lock
 .text.FLASH_WaitForLastOperation
                0x08015f54       0x6c build/stm32h5xx_hal_flash.o
                0x08015f54                FLASH_WaitForLastOperation
 .text.HAL_FLASH_Program
                0x08015fc0       0xb0 build/stm32h5xx_hal_flash.o
                0x08015fc0                HAL_FLASH_Program
 .text.FLASH_MassErase
                0x08016070       0x4c build/stm32h5xx_hal_flash_ex.o
 .text.FLASH_OBKErase
                0x080160bc       0x10 build/stm32h5xx_hal_flash_ex.o
 .text.FLASH_Erase_Sector
                0x080160cc       0x44 build/stm32h5xx_hal_flash_ex.o
                0x080160cc                FLASH_Erase_Sector
 .text.HAL_FLASHEx_Erase
                0x08016110       0xbc build/stm32h5xx_hal_flash_ex.o
                0x08016110                HAL_FLASHEx_Erase
 .text.HAL_GPIO_Init
                0x080161cc      0x16c build/stm32h5xx_hal_gpio.o
                0x080161cc                HAL_GPIO_Init
 .text.HAL_GPIO_ReadPin
                0x08016338        0xe build/stm32h5xx_hal_gpio.o
                0x08016338                HAL_GPIO_ReadPin
 .text.HAL_GPIO_WritePin
                0x08016346        0xa build/stm32h5xx_hal_gpio.o
                0x08016346                HAL_GPIO_WritePin
 .text.HAL_GPIO_TogglePin
                0x08016350       0x12 build/stm32h5xx_hal_gpio.o
                0x08016350                HAL_GPIO_TogglePin
 *fill*         0x08016362        0x2 
 .text.HAL_GPIO_EXTI_IRQHandler
                0x08016364       0x30 build/stm32h5xx_hal_gpio.o
                0x08016364                HAL_GPIO_EXTI_IRQHandler
 .text.HAL_DMA_Abort
                0x08016394       0xac build/stm32h5xx_hal_dma.o
                0x08016394                HAL_DMA_Abort
 .text.HAL_DMA_Abort_IT
                0x08016440       0x30 build/stm32h5xx_hal_dma.o
                0x08016440                HAL_DMA_Abort_IT
 .text.HAL_DMA_GetState
                0x08016470        0x6 build/stm32h5xx_hal_dma.o
                0x08016470                HAL_DMA_GetState
 .text.HAL_DMA_GetError
                0x08016476        0x4 build/stm32h5xx_hal_dma.o
                0x08016476                HAL_DMA_GetError
 .text.HAL_DMAEx_GetFifoLevel
                0x0801647a        0xa build/stm32h5xx_hal_dma_ex.o
                0x0801647a                HAL_DMAEx_GetFifoLevel
 .text.HAL_PWR_EnterSTOPMode
                0x08016484       0x38 build/stm32h5xx_hal_pwr.o
                0x08016484                HAL_PWR_EnterSTOPMode
 .text.HAL_PWREx_EnableVddUSB
                0x080164bc       0x10 build/stm32h5xx_hal_pwr_ex.o
                0x080164bc                HAL_PWREx_EnableVddUSB
 .text.HAL_InitTick
                0x080164cc       0xac build/stm32h5xx_hal.o
                0x080164cc                HAL_InitTick
 .text.HAL_Init
                0x08016578       0x48 build/stm32h5xx_hal.o
                0x08016578                HAL_Init
 .text.HAL_IncTick
                0x080165c0       0x18 build/stm32h5xx_hal.o
                0x080165c0                HAL_IncTick
 .text.HAL_GetTick
                0x080165d8        0xc build/stm32h5xx_hal.o
                0x080165d8                HAL_GetTick
 .text.HAL_Delay
                0x080165e4       0x28 build/stm32h5xx_hal.o
                0x080165e4                HAL_Delay
 .text.HAL_SuspendTick
                0x0801660c        0xe build/stm32h5xx_hal.o
                0x0801660c                HAL_SuspendTick
 .text.HAL_ResumeTick
                0x0801661a        0xe build/stm32h5xx_hal.o
                0x0801661a                HAL_ResumeTick
 .text.I2C_Flush_TXDR
                0x08016628       0x22 build/stm32h5xx_hal_i2c.o
 .text.I2C_TransferConfig
                0x0801664a       0x3c build/stm32h5xx_hal_i2c.o
 .text.I2C_Disable_IRQ
                0x08016686       0x6e build/stm32h5xx_hal_i2c.o
 .text.I2C_IsErrorOccurred
                0x080166f4      0x114 build/stm32h5xx_hal_i2c.o
 .text.I2C_WaitOnTXISFlagUntilTimeout
                0x08016808       0x60 build/stm32h5xx_hal_i2c.o
 .text.I2C_WaitOnFlagUntilTimeout
                0x08016868       0x7c build/stm32h5xx_hal_i2c.o
 .text.I2C_RequestMemoryWrite
                0x080168e4       0x7c build/stm32h5xx_hal_i2c.o
 .text.I2C_RequestMemoryRead
                0x08016960       0x78 build/stm32h5xx_hal_i2c.o
 .text.I2C_WaitOnSTOPFlagUntilTimeout
                0x080169d8       0x5e build/stm32h5xx_hal_i2c.o
 .text.I2C_WaitOnRXNEFlagUntilTimeout
                0x08016a36       0xaa build/stm32h5xx_hal_i2c.o
 .text.HAL_I2C_Init
                0x08016ae0       0xc8 build/stm32h5xx_hal_i2c.o
                0x08016ae0                HAL_I2C_Init
 .text.HAL_I2C_Master_Transmit
                0x08016ba8      0x17c build/stm32h5xx_hal_i2c.o
                0x08016ba8                HAL_I2C_Master_Transmit
 .text.HAL_I2C_Master_Receive
                0x08016d24      0x17c build/stm32h5xx_hal_i2c.o
                0x08016d24                HAL_I2C_Master_Receive
 .text.HAL_I2C_Mem_Write
                0x08016ea0      0x1a8 build/stm32h5xx_hal_i2c.o
                0x08016ea0                HAL_I2C_Mem_Write
 .text.HAL_I2C_Mem_Read
                0x08017048      0x1b0 build/stm32h5xx_hal_i2c.o
                0x08017048                HAL_I2C_Mem_Read
 .text.HAL_I2C_IsDeviceReady
                0x080171f8      0x16a build/stm32h5xx_hal_i2c.o
                0x080171f8                HAL_I2C_IsDeviceReady
 .text.HAL_I2C_EV_IRQHandler
                0x08017362       0x10 build/stm32h5xx_hal_i2c.o
                0x08017362                HAL_I2C_EV_IRQHandler
 .text.HAL_I2C_SlaveTxCpltCallback
                0x08017372        0x2 build/stm32h5xx_hal_i2c.o
                0x08017372                HAL_I2C_SlaveTxCpltCallback
 .text.HAL_I2C_SlaveRxCpltCallback
                0x08017374        0x2 build/stm32h5xx_hal_i2c.o
                0x08017374                HAL_I2C_SlaveRxCpltCallback
 .text.I2C_ITSlaveSeqCplt
                0x08017376       0x82 build/stm32h5xx_hal_i2c.o
 .text.HAL_I2C_AddrCallback
                0x080173f8        0x2 build/stm32h5xx_hal_i2c.o
                0x080173f8                HAL_I2C_AddrCallback
 .text.I2C_ITAddrCplt
                0x080173fa       0xa0 build/stm32h5xx_hal_i2c.o
 .text.HAL_I2C_ListenCpltCallback
                0x0801749a        0x2 build/stm32h5xx_hal_i2c.o
                0x0801749a                HAL_I2C_ListenCpltCallback
 .text.I2C_ITListenCplt
                0x0801749c       0x68 build/stm32h5xx_hal_i2c.o
 .text.HAL_I2C_ErrorCallback
                0x08017504        0x2 build/stm32h5xx_hal_i2c.o
                0x08017504                HAL_I2C_ErrorCallback
 .text.HAL_I2C_AbortCpltCallback
                0x08017506        0x2 build/stm32h5xx_hal_i2c.o
                0x08017506                HAL_I2C_AbortCpltCallback
 .text.I2C_TreatErrorCallback
                0x08017508       0x2e build/stm32h5xx_hal_i2c.o
 *fill*         0x08017536        0x2 
 .text.I2C_ITError
                0x08017538      0x130 build/stm32h5xx_hal_i2c.o
 .text.I2C_ITSlaveCplt
                0x08017668      0x20c build/stm32h5xx_hal_i2c.o
 .text.I2C_Slave_ISR_IT
                0x08017874      0x148 build/stm32h5xx_hal_i2c.o
 .text.HAL_I2C_ER_IRQHandler
                0x080179bc       0x6a build/stm32h5xx_hal_i2c.o
                0x080179bc                HAL_I2C_ER_IRQHandler
 .text.I2C_DMAAbort
                0x08017a26       0x1a build/stm32h5xx_hal_i2c.o
 .text.HAL_I2CEx_ConfigAnalogFilter
                0x08017a40       0x5c build/stm32h5xx_hal_i2c_ex.o
                0x08017a40                HAL_I2CEx_ConfigAnalogFilter
 .text.HAL_I2CEx_ConfigDigitalFilter
                0x08017a9c       0x58 build/stm32h5xx_hal_i2c_ex.o
                0x08017a9c                HAL_I2CEx_ConfigDigitalFilter
 .text.SPI_CloseTransfer
                0x08017af4       0xc8 build/stm32h5xx_hal_spi.o
 .text.SPI_GetPacketSize
                0x08017bbc       0x10 build/stm32h5xx_hal_spi.o
 .text.SPI_WaitOnFlagUntilTimeout
                0x08017bcc       0x48 build/stm32h5xx_hal_spi.o
 .text.HAL_SPI_Init
                0x08017c14      0x1cc build/stm32h5xx_hal_spi.o
                0x08017c14                HAL_SPI_Init
 .text.HAL_SPI_Transmit
                0x08017de0      0x2fc build/stm32h5xx_hal_spi.o
                0x08017de0                HAL_SPI_Transmit
 .text.HAL_SPI_Receive
                0x080180dc      0x388 build/stm32h5xx_hal_spi.o
                0x080180dc                HAL_SPI_Receive
 .text.HAL_SPI_TransmitReceive
                0x08018464      0x4e8 build/stm32h5xx_hal_spi.o
                0x08018464                HAL_SPI_TransmitReceive
 .text.HAL_SPI_TxCpltCallback
                0x0801894c        0x2 build/stm32h5xx_hal_spi.o
                0x0801894c                HAL_SPI_TxCpltCallback
 .text.HAL_SPI_RxCpltCallback
                0x0801894e        0x2 build/stm32h5xx_hal_spi.o
                0x0801894e                HAL_SPI_RxCpltCallback
 .text.HAL_SPI_TxRxCpltCallback
                0x08018950        0x2 build/stm32h5xx_hal_spi.o
                0x08018950                HAL_SPI_TxRxCpltCallback
 .text.HAL_SPI_ErrorCallback
                0x08018952        0x2 build/stm32h5xx_hal_spi.o
                0x08018952                HAL_SPI_ErrorCallback
 .text.SPI_DMAAbortOnError
                0x08018954       0x1a build/stm32h5xx_hal_spi.o
 .text.HAL_SPI_SuspendCallback
                0x0801896e        0x2 build/stm32h5xx_hal_spi.o
                0x0801896e                HAL_SPI_SuspendCallback
 .text.HAL_SPI_IRQHandler
                0x08018970      0x248 build/stm32h5xx_hal_spi.o
                0x08018970                HAL_SPI_IRQHandler
 .text.UART_EndRxTransfer
                0x08018bb8       0x56 build/stm32h5xx_hal_uart.o
 .text.HAL_UART_Abort
                0x08018c0e       0xf2 build/stm32h5xx_hal_uart.o
                0x08018c0e                HAL_UART_Abort
 .text.HAL_UART_TxCpltCallback
                0x08018d00        0x2 build/stm32h5xx_hal_uart.o
                0x08018d00                HAL_UART_TxCpltCallback
 .text.UART_EndTransmit_IT
                0x08018d02       0x24 build/stm32h5xx_hal_uart.o
 .text.HAL_UART_ErrorCallback
                0x08018d26        0x2 build/stm32h5xx_hal_uart.o
                0x08018d26                HAL_UART_ErrorCallback
 .text.UART_DMAAbortOnError
                0x08018d28       0x10 build/stm32h5xx_hal_uart.o
 .text.HAL_UARTEx_RxEventCallback
                0x08018d38        0x2 build/stm32h5xx_hal_uart.o
                0x08018d38                HAL_UARTEx_RxEventCallback
 *fill*         0x08018d3a        0x2 
 .text.HAL_UART_IRQHandler
                0x08018d3c      0x32c build/stm32h5xx_hal_uart.o
                0x08018d3c                HAL_UART_IRQHandler
 .text.UART_RxISR_8BIT
                0x08019068       0xe4 build/stm32h5xx_hal_uart.o
 .text.UART_RxISR_16BIT
                0x0801914c       0xe0 build/stm32h5xx_hal_uart.o
 .text.UART_RxISR_8BIT_FIFOEN
                0x0801922c      0x1d0 build/stm32h5xx_hal_uart.o
 .text.UART_RxISR_16BIT_FIFOEN
                0x080193fc      0x1d0 build/stm32h5xx_hal_uart.o
 .text.UART_SetConfig
                0x080195cc      0x238 build/stm32h5xx_hal_uart.o
                0x080195cc                UART_SetConfig
 .text.UART_AdvFeatureConfig
                0x08019804       0xca build/stm32h5xx_hal_uart.o
                0x08019804                UART_AdvFeatureConfig
 .text.UART_WaitOnFlagUntilTimeout
                0x080198ce       0x9e build/stm32h5xx_hal_uart.o
                0x080198ce                UART_WaitOnFlagUntilTimeout
 .text.HAL_UART_Transmit
                0x0801996c       0xe6 build/stm32h5xx_hal_uart.o
                0x0801996c                HAL_UART_Transmit
 .text.UART_CheckIdleState
                0x08019a52       0xca build/stm32h5xx_hal_uart.o
                0x08019a52                UART_CheckIdleState
 .text.HAL_UART_Init
                0x08019b1c       0x66 build/stm32h5xx_hal_uart.o
                0x08019b1c                HAL_UART_Init
 *fill*         0x08019b82        0x2 
 .text.UART_Start_Receive_IT
                0x08019b84      0x13c build/stm32h5xx_hal_uart.o
                0x08019b84                UART_Start_Receive_IT
 .text.HAL_UART_Receive_IT
                0x08019cc0       0x64 build/stm32h5xx_hal_uart.o
                0x08019cc0                HAL_UART_Receive_IT
 .text.UARTEx_SetNbDataToProcess
                0x08019d24       0x4c build/stm32h5xx_hal_uart_ex.o
 .text.HAL_UARTEx_WakeupCallback
                0x08019d70        0x2 build/stm32h5xx_hal_uart_ex.o
                0x08019d70                HAL_UARTEx_WakeupCallback
 .text.HAL_UARTEx_RxFifoFullCallback
                0x08019d72        0x2 build/stm32h5xx_hal_uart_ex.o
                0x08019d72                HAL_UARTEx_RxFifoFullCallback
 .text.HAL_UARTEx_TxFifoEmptyCallback
                0x08019d74        0x2 build/stm32h5xx_hal_uart_ex.o
                0x08019d74                HAL_UARTEx_TxFifoEmptyCallback
 .text.HAL_UARTEx_DisableFifoMode
                0x08019d76       0x3e build/stm32h5xx_hal_uart_ex.o
                0x08019d76                HAL_UARTEx_DisableFifoMode
 .text.HAL_UARTEx_SetTxFifoThreshold
                0x08019db4       0x4a build/stm32h5xx_hal_uart_ex.o
                0x08019db4                HAL_UARTEx_SetTxFifoThreshold
 .text.HAL_UARTEx_SetRxFifoThreshold
                0x08019dfe       0x4a build/stm32h5xx_hal_uart_ex.o
                0x08019dfe                HAL_UARTEx_SetRxFifoThreshold
 .text.HAL_PCD_Init
                0x08019e48      0x100 build/stm32h5xx_hal_pcd.o
                0x08019e48                HAL_PCD_Init
 .text.HAL_PCDEx_ActivateLPM
                0x08019f48       0x20 build/stm32h5xx_hal_pcd_ex.o
                0x08019f48                HAL_PCDEx_ActivateLPM
 .text.USB_CoreReset
                0x08019f68       0x14 build/stm32h5xx_ll_usb.o
 .text.USB_CoreInit
                0x08019f7c       0x24 build/stm32h5xx_ll_usb.o
                0x08019f7c                USB_CoreInit
 .text.USB_DisableGlobalInt
                0x08019fa0       0x10 build/stm32h5xx_ll_usb.o
                0x08019fa0                USB_DisableGlobalInt
 .text.USB_SetCurrentMode
                0x08019fb0       0x22 build/stm32h5xx_ll_usb.o
                0x08019fb0                USB_SetCurrentMode
 .text.USB_DevInit
                0x08019fd2       0x2c build/stm32h5xx_ll_usb.o
                0x08019fd2                USB_DevInit
 .text.USB_DevDisconnect
                0x08019ffe        0xc build/stm32h5xx_ll_usb.o
                0x08019ffe                USB_DevDisconnect
 *fill*         0x0801a00a        0x2 
 .text.SystemInit
                0x0801a00c       0x98 build/system_stm32h5xx.o
                0x0801a00c                SystemInit
 .text._sbrk    0x0801a0a4       0x48 build/sysmem.o
                0x0801a0a4                _sbrk
 .text._getpid  0x0801a0ec        0x4 build/syscalls.o
                0x0801a0ec                _getpid
 .text._kill    0x0801a0f0       0x10 build/syscalls.o
                0x0801a0f0                _kill
 .text._exit    0x0801a100        0xc build/syscalls.o
                0x0801a100                _exit
 .text._read    0x0801a10c       0x20 build/syscalls.o
                0x0801a10c                _read
 .text._write   0x0801a12c       0x1c build/syscalls.o
                0x0801a12c                _write
 .text._close   0x0801a148        0x6 build/syscalls.o
                0x0801a148                _close
 .text._fstat   0x0801a14e        0xa build/syscalls.o
                0x0801a14e                _fstat
 .text._isatty  0x0801a158        0x4 build/syscalls.o
                0x0801a158                _isatty
 .text._lseek   0x0801a15c        0x4 build/syscalls.o
                0x0801a15c                _lseek
 .text.MX_ICACHE_Init
                0x0801a160        0x2 build/icache.o
                0x0801a160                MX_ICACHE_Init
 *fill*         0x0801a162        0x2 
 .text.MX_LPTIM1_Init
                0x0801a164       0x34 build/lptim.o
                0x0801a164                MX_LPTIM1_Init
 .text.HAL_LPTIM_MspInit
                0x0801a198       0x68 build/lptim.o
                0x0801a198                HAL_LPTIM_MspInit
 .text.MX_RTC_Init
                0x0801a200       0xd0 build/rtc.o
                0x0801a200                MX_RTC_Init
 .text.HAL_RTC_MspInit
                0x0801a2d0       0x7c build/rtc.o
                0x0801a2d0                HAL_RTC_MspInit
 .text.MX_TIM1_Init
                0x0801a34c       0x74 build/tim.o
                0x0801a34c                MX_TIM1_Init
 .text.MX_TIM2_Init
                0x0801a3c0       0x6c build/tim.o
                0x0801a3c0                MX_TIM2_Init
 .text.MX_TIM3_Init
                0x0801a42c       0x70 build/tim.o
                0x0801a42c                MX_TIM3_Init
 .text.HAL_TIM_Base_MspInit
                0x0801a49c       0xe0 build/tim.o
                0x0801a49c                HAL_TIM_Base_MspInit
 .text.LPTIM_WaitForFlag
                0x0801a57c       0x3c build/stm32h5xx_hal_lptim.o
 .text.HAL_LPTIM_Init
                0x0801a5b8      0x118 build/stm32h5xx_hal_lptim.o
                0x0801a5b8                HAL_LPTIM_Init
 .text.HAL_LPTIM_CompareMatchCallback
                0x0801a6d0        0x2 build/stm32h5xx_hal_lptim.o
                0x0801a6d0                HAL_LPTIM_CompareMatchCallback
 .text.HAL_LPTIM_AutoReloadMatchCallback
                0x0801a6d2        0x2 build/stm32h5xx_hal_lptim.o
                0x0801a6d2                HAL_LPTIM_AutoReloadMatchCallback
 .text.HAL_LPTIM_TriggerCallback
                0x0801a6d4        0x2 build/stm32h5xx_hal_lptim.o
                0x0801a6d4                HAL_LPTIM_TriggerCallback
 .text.HAL_LPTIM_CompareWriteCallback
                0x0801a6d6        0x2 build/stm32h5xx_hal_lptim.o
                0x0801a6d6                HAL_LPTIM_CompareWriteCallback
 .text.HAL_LPTIM_AutoReloadWriteCallback
                0x0801a6d8        0x2 build/stm32h5xx_hal_lptim.o
                0x0801a6d8                HAL_LPTIM_AutoReloadWriteCallback
 .text.HAL_LPTIM_DirectionUpCallback
                0x0801a6da        0x2 build/stm32h5xx_hal_lptim.o
                0x0801a6da                HAL_LPTIM_DirectionUpCallback
 .text.HAL_LPTIM_DirectionDownCallback
                0x0801a6dc        0x2 build/stm32h5xx_hal_lptim.o
                0x0801a6dc                HAL_LPTIM_DirectionDownCallback
 .text.HAL_LPTIM_UpdateEventCallback
                0x0801a6de        0x2 build/stm32h5xx_hal_lptim.o
                0x0801a6de                HAL_LPTIM_UpdateEventCallback
 .text.HAL_LPTIM_RepCounterWriteCallback
                0x0801a6e0        0x2 build/stm32h5xx_hal_lptim.o
                0x0801a6e0                HAL_LPTIM_RepCounterWriteCallback
 .text.HAL_LPTIM_IC_CaptureCallback
                0x0801a6e2        0x2 build/stm32h5xx_hal_lptim.o
                0x0801a6e2                HAL_LPTIM_IC_CaptureCallback
 .text.HAL_LPTIM_IC_OverCaptureCallback
                0x0801a6e4        0x2 build/stm32h5xx_hal_lptim.o
                0x0801a6e4                HAL_LPTIM_IC_OverCaptureCallback
 .text.HAL_LPTIM_IRQHandler
                0x0801a6e6      0x1ee build/stm32h5xx_hal_lptim.o
                0x0801a6e6                HAL_LPTIM_IRQHandler
 .text.HAL_RTC_WaitForSynchro
                0x0801a8d4       0x48 build/stm32h5xx_hal_rtc.o
                0x0801a8d4                HAL_RTC_WaitForSynchro
 .text.RTC_EnterInitMode
                0x0801a91c       0x58 build/stm32h5xx_hal_rtc.o
                0x0801a91c                RTC_EnterInitMode
 .text.RTC_ExitInitMode
                0x0801a974       0x4c build/stm32h5xx_hal_rtc.o
                0x0801a974                RTC_ExitInitMode
 .text.HAL_RTC_Init
                0x0801a9c0       0xb8 build/stm32h5xx_hal_rtc.o
                0x0801a9c0                HAL_RTC_Init
 .text.RTC_ByteToBcd2
                0x0801aa78       0x16 build/stm32h5xx_hal_rtc.o
                0x0801aa78                RTC_ByteToBcd2
 *fill*         0x0801aa8e        0x2 
 .text.HAL_RTC_SetTime
                0x0801aa90       0xdc build/stm32h5xx_hal_rtc.o
                0x0801aa90                HAL_RTC_SetTime
 .text.HAL_RTC_SetDate
                0x0801ab6c       0xac build/stm32h5xx_hal_rtc.o
                0x0801ab6c                HAL_RTC_SetDate
 .text.HAL_RTCEx_SetWakeUpTimer_IT
                0x0801ac18       0xa0 build/stm32h5xx_hal_rtc_ex.o
                0x0801ac18                HAL_RTCEx_SetWakeUpTimer_IT
 .text.HAL_RTCEx_DeactivateWakeUpTimer
                0x0801acb8       0x34 build/stm32h5xx_hal_rtc_ex.o
                0x0801acb8                HAL_RTCEx_DeactivateWakeUpTimer
 .text.HAL_RTCEx_WakeUpTimerIRQHandler
                0x0801acec       0x28 build/stm32h5xx_hal_rtc_ex.o
                0x0801acec                HAL_RTCEx_WakeUpTimerIRQHandler
 .text.HAL_RTCEx_PrivilegeModeSet
                0x0801ad14       0x38 build/stm32h5xx_hal_rtc_ex.o
                0x0801ad14                HAL_RTCEx_PrivilegeModeSet
 .text.TIM_TI1_ConfigInputStage
                0x0801ad4c       0x26 build/stm32h5xx_hal_tim.o
 .text.TIM_TI2_ConfigInputStage
                0x0801ad72       0x28 build/stm32h5xx_hal_tim.o
 .text.TIM_ITRx_SetConfig
                0x0801ad9a       0x14 build/stm32h5xx_hal_tim.o
 .text.HAL_TIM_PeriodElapsedCallback
                0x0801adae        0x2 build/stm32h5xx_hal_tim.o
                0x0801adae                HAL_TIM_PeriodElapsedCallback
 .text.HAL_TIM_OC_DelayElapsedCallback
                0x0801adb0        0x2 build/stm32h5xx_hal_tim.o
                0x0801adb0                HAL_TIM_OC_DelayElapsedCallback
 .text.HAL_TIM_IC_CaptureCallback
                0x0801adb2        0x2 build/stm32h5xx_hal_tim.o
                0x0801adb2                HAL_TIM_IC_CaptureCallback
 .text.HAL_TIM_PWM_PulseFinishedCallback
                0x0801adb4        0x2 build/stm32h5xx_hal_tim.o
                0x0801adb4                HAL_TIM_PWM_PulseFinishedCallback
 .text.HAL_TIM_TriggerCallback
                0x0801adb6        0x2 build/stm32h5xx_hal_tim.o
                0x0801adb6                HAL_TIM_TriggerCallback
 .text.HAL_TIM_IRQHandler
                0x0801adb8      0x1ea build/stm32h5xx_hal_tim.o
                0x0801adb8                HAL_TIM_IRQHandler
 *fill*         0x0801afa2        0x2 
 .text.TIM_Base_SetConfig
                0x0801afa4      0x1a8 build/stm32h5xx_hal_tim.o
                0x0801afa4                TIM_Base_SetConfig
 .text.HAL_TIM_Base_Init
                0x0801b14c       0x60 build/stm32h5xx_hal_tim.o
                0x0801b14c                HAL_TIM_Base_Init
 .text.TIM_ETR_SetConfig
                0x0801b1ac       0x1a build/stm32h5xx_hal_tim.o
                0x0801b1ac                TIM_ETR_SetConfig
 *fill*         0x0801b1c6        0x2 
 .text.HAL_TIM_ConfigClockSource
                0x0801b1c8      0x160 build/stm32h5xx_hal_tim.o
                0x0801b1c8                HAL_TIM_ConfigClockSource
 .text.HAL_TIMEx_MasterConfigSynchronization
                0x0801b328       0xfc build/stm32h5xx_hal_tim_ex.o
                0x0801b328                HAL_TIMEx_MasterConfigSynchronization
 .text.HAL_TIMEx_CommutCallback
                0x0801b424        0x2 build/stm32h5xx_hal_tim_ex.o
                0x0801b424                HAL_TIMEx_CommutCallback
 .text.HAL_TIMEx_BreakCallback
                0x0801b426        0x2 build/stm32h5xx_hal_tim_ex.o
                0x0801b426                HAL_TIMEx_BreakCallback
 .text.HAL_TIMEx_Break2Callback
                0x0801b428        0x2 build/stm32h5xx_hal_tim_ex.o
                0x0801b428                HAL_TIMEx_Break2Callback
 .text.HAL_TIMEx_EncoderIndexCallback
                0x0801b42a        0x2 build/stm32h5xx_hal_tim_ex.o
                0x0801b42a                HAL_TIMEx_EncoderIndexCallback
 .text.HAL_TIMEx_DirectionChangeCallback
                0x0801b42c        0x2 build/stm32h5xx_hal_tim_ex.o
                0x0801b42c                HAL_TIMEx_DirectionChangeCallback
 .text.HAL_TIMEx_IndexErrorCallback
                0x0801b42e        0x2 build/stm32h5xx_hal_tim_ex.o
                0x0801b42e                HAL_TIMEx_IndexErrorCallback
 .text.HAL_TIMEx_TransitionErrorCallback
                0x0801b430        0x2 build/stm32h5xx_hal_tim_ex.o
                0x0801b430                HAL_TIMEx_TransitionErrorCallback
 *fill*         0x0801b432        0x2 
 .text.MX_ADC1_Init
                0x0801b434       0x88 build/adc.o
                0x0801b434                MX_ADC1_Init
 .text.HAL_ADC_MspInit
                0x0801b4bc       0x94 build/adc.o
                0x0801b4bc                HAL_ADC_MspInit
 .text.LL_ADC_REG_SetSequencerRanks
                0x0801b550       0x30 build/stm32h5xx_hal_adc.o
 .text.LL_ADC_SetChannelSamplingTime
                0x0801b580       0x2c build/stm32h5xx_hal_adc.o
 .text.HAL_ADC_Init
                0x0801b5ac      0x1ec build/stm32h5xx_hal_adc.o
                0x0801b5ac                HAL_ADC_Init
 .text.HAL_ADC_PollForConversion
                0x0801b798      0x11c build/stm32h5xx_hal_adc.o
                0x0801b798                HAL_ADC_PollForConversion
 .text.HAL_ADC_GetValue
                0x0801b8b4        0x6 build/stm32h5xx_hal_adc.o
                0x0801b8b4                HAL_ADC_GetValue
 *fill*         0x0801b8ba        0x2 
 .text.HAL_ADC_ConfigChannel
                0x0801b8bc      0x4bc build/stm32h5xx_hal_adc.o
                0x0801b8bc                HAL_ADC_ConfigChannel
 .text.ADC_ConversionStop
                0x0801bd78      0x104 build/stm32h5xx_hal_adc.o
                0x0801bd78                ADC_ConversionStop
 .text.ADC_Enable
                0x0801be7c       0xd8 build/stm32h5xx_hal_adc.o
                0x0801be7c                ADC_Enable
 .text.HAL_ADC_Start
                0x0801bf54       0xfc build/stm32h5xx_hal_adc.o
                0x0801bf54                HAL_ADC_Start
 .text.ADC_Disable
                0x0801c050       0x94 build/stm32h5xx_hal_adc.o
                0x0801c050                ADC_Disable
 .text.HAL_ADC_Stop
                0x0801c0e4       0x42 build/stm32h5xx_hal_adc.o
                0x0801c0e4                HAL_ADC_Stop
 *fill*         0x0801c126        0x2 
 .text.HAL_ADCEx_Calibration_Start
                0x0801c128       0x9c build/stm32h5xx_hal_adc_ex.o
                0x0801c128                HAL_ADCEx_Calibration_Start
 .text.stream_claim
                0x0801c1c4       0x1a build/tusb.o
 .text.stream_xfer
                0x0801c1de       0x3a build/tusb.o
 .text.stream_release
                0x0801c218       0x14 build/tusb.o
 .text.tusb_rhport_init
                0x0801c22c       0x84 build/tusb.o
                0x0801c22c                tusb_rhport_init
 .text.tu_edpt_claim
                0x0801c2b0       0x3a build/tusb.o
                0x0801c2b0                tu_edpt_claim
 .text.tu_edpt_release
                0x0801c2ea       0x26 build/tusb.o
                0x0801c2ea                tu_edpt_release
 .text.tu_bind_driver_to_ep_itf
                0x0801c310       0x72 build/tusb.o
                0x0801c310                tu_bind_driver_to_ep_itf
 .text.tu_edpt_stream_init
                0x0801c382       0x2a build/tusb.o
                0x0801c382                tu_edpt_stream_init
 .text.tu_edpt_stream_write_zlp_if_needed
                0x0801c3ac       0x48 build/tusb.o
                0x0801c3ac                tu_edpt_stream_write_zlp_if_needed
 .text.tu_edpt_stream_write_xfer
                0x0801c3f4       0x9e build/tusb.o
                0x0801c3f4                tu_edpt_stream_write_xfer
 .text.tu_edpt_stream_write
                0x0801c492       0x4e build/tusb.o
                0x0801c492                tu_edpt_stream_write
 .text.tu_edpt_stream_read_xfer
                0x0801c4e0       0xac build/tusb.o
                0x0801c4e0                tu_edpt_stream_read_xfer
 .text.tu_edpt_stream_read
                0x0801c58c       0x1a build/tusb.o
                0x0801c58c                tu_edpt_stream_read
 .text.advance_index
                0x0801c5a6       0x1a build/tusb_fifo.o
 .text.correct_read_index
                0x0801c5c0       0x16 build/tusb_fifo.o
 .text.ff_pull_n
                0x0801c5d6       0x3e build/tusb_fifo.o
 .text.ff_push_n
                0x0801c614       0x3a build/tusb_fifo.o
 .text.tu_fifo_config
                0x0801c64e       0x1a build/tusb_fifo.o
                0x0801c64e                tu_fifo_config
 .text.tu_fifo_clear
                0x0801c668        0x8 build/tusb_fifo.o
                0x0801c668                tu_fifo_clear
 .text.tu_fifo_set_overwritable
                0x0801c670        0xa build/tusb_fifo.o
                0x0801c670                tu_fifo_set_overwritable
 .text.tu_hwfifo_write
                0x0801c67a       0x36 build/tusb_fifo.o
                0x0801c67a                tu_hwfifo_write
 .text.hwff_pull_n
                0x0801c6b0       0xde build/tusb_fifo.o
 .text.tu_hwfifo_read
                0x0801c78e       0x38 build/tusb_fifo.o
                0x0801c78e                tu_hwfifo_read
 .text.hwff_push_n
                0x0801c7c6       0xca build/tusb_fifo.o
 .text.tu_fifo_peek_n_access_mode
                0x0801c890       0x6e build/tusb_fifo.o
                0x0801c890                tu_fifo_peek_n_access_mode
 .text.tu_fifo_read_n_access_mode
                0x0801c8fe       0x30 build/tusb_fifo.o
                0x0801c8fe                tu_fifo_read_n_access_mode
 .text.tu_fifo_write_n_access_mode
                0x0801c92e       0xda build/tusb_fifo.o
                0x0801c92e                tu_fifo_write_n_access_mode
 .text.tu_fifo_get_read_info
                0x0801ca08       0x7e build/tusb_fifo.o
                0x0801ca08                tu_fifo_get_read_info
 .text.tud_vendor_control_xfer_cb
                0x0801ca86        0x4 build/usbd.o
                0x0801ca86                tud_vendor_control_xfer_cb
 *fill*         0x0801ca8a        0x2 
 .text.configuration_reset
                0x0801ca8c       0x98 build/usbd.o
 .text.usbd_int_set
                0x0801cb24       0x1c build/usbd.o
                0x0801cb24                usbd_int_set
 .text.usbd_reset
                0x0801cb40        0xc build/usbd.o
 .text.invoke_class_control
                0x0801cb4c       0x1a build/usbd.o
 *fill*         0x0801cb66        0x2 
 .text.process_set_config
                0x0801cb68      0x150 build/usbd.o
 .text.tud_event_hook_cb
                0x0801ccb8        0x2 build/usbd.o
                0x0801ccb8                tud_event_hook_cb
 .text.tud_sof_cb
                0x0801ccba        0x2 build/usbd.o
                0x0801ccba                tud_sof_cb
 .text.tud_descriptor_bos_cb
                0x0801ccbc        0x4 build/usbd.o
                0x0801ccbc                tud_descriptor_bos_cb
 .text.tud_descriptor_device_qualifier_cb
                0x0801ccc0        0x4 build/usbd.o
                0x0801ccc0                tud_descriptor_device_qualifier_cb
 .text.tud_descriptor_other_speed_configuration_cb
                0x0801ccc4        0x4 build/usbd.o
                0x0801ccc4                tud_descriptor_other_speed_configuration_cb
 .text.process_get_descriptor
                0x0801ccc8       0xd8 build/usbd.o
 .text.usbd_app_driver_get_cb
                0x0801cda0        0x8 build/usbd.o
                0x0801cda0                usbd_app_driver_get_cb
 .text.tud_mounted
                0x0801cda8       0x10 build/usbd.o
                0x0801cda8                tud_mounted
 .text.tud_suspended
                0x0801cdb8       0x10 build/usbd.o
                0x0801cdb8                tud_suspended
 .text.tud_inited
                0x0801cdc8       0x10 build/usbd.o
                0x0801cdc8                tud_inited
 .text.tud_rhport_init
                0x0801cdd8       0xf4 build/usbd.o
                0x0801cdd8                tud_rhport_init
 .text.dcd_event_handler
                0x0801cecc      0x27c build/usbd.o
                0x0801cecc                dcd_event_handler
 .text.usbd_edpt_open
                0x0801d148       0x48 build/usbd.o
                0x0801d148                usbd_edpt_open
 .text.usbd_open_edpt_pair
                0x0801d190       0x7e build/usbd.o
                0x0801d190                usbd_open_edpt_pair
 *fill*         0x0801d20e        0x2 
 .text.usbd_edpt_claim
                0x0801d210       0x20 build/usbd.o
                0x0801d210                usbd_edpt_claim
 .text.usbd_edpt_release
                0x0801d230       0x20 build/usbd.o
                0x0801d230                usbd_edpt_release
 .text.usbd_edpt_xfer
                0x0801d250       0x94 build/usbd.o
                0x0801d250                usbd_edpt_xfer
 .text.usbd_edpt_xfer_fifo
                0x0801d2e4       0x94 build/usbd.o
                0x0801d2e4                usbd_edpt_xfer_fifo
 .text.usbd_edpt_busy
                0x0801d378       0x1c build/usbd.o
                0x0801d378                usbd_edpt_busy
 .text.usbd_edpt_stall
                0x0801d394       0x3c build/usbd.o
                0x0801d394                usbd_edpt_stall
 .text.usbd_edpt_clear_stall
                0x0801d3d0       0x3c build/usbd.o
                0x0801d3d0                usbd_edpt_clear_stall
 .text.usbd_edpt_stalled
                0x0801d40c       0x1c build/usbd.o
                0x0801d40c                usbd_edpt_stalled
 .text.process_control_request
                0x0801d428      0x3dc build/usbd.o
 .text.tud_task_ext
                0x0801d804      0x220 build/usbd.o
                0x0801d804                tud_task_ext
 .text.status_stage_xact
                0x0801da24       0x22 build/usbd_control.o
 *fill*         0x0801da46        0x2 
 .text.data_stage_xact
                0x0801da48       0x78 build/usbd_control.o
 .text.tud_control_status
                0x0801dac0       0x28 build/usbd_control.o
                0x0801dac0                tud_control_status
 .text.tud_control_xfer
                0x0801dae8       0x80 build/usbd_control.o
                0x0801dae8                tud_control_xfer
 .text.usbd_control_reset
                0x0801db68       0x14 build/usbd_control.o
                0x0801db68                usbd_control_reset
 .text.usbd_control_set_complete_callback
                0x0801db7c        0xc build/usbd_control.o
                0x0801db7c                usbd_control_set_complete_callback
 .text.usbd_control_set_request
                0x0801db88       0x1c build/usbd_control.o
                0x0801db88                usbd_control_set_request
 .text.usbd_control_xfer_cb
                0x0801dba4       0xe8 build/usbd_control.o
                0x0801dba4                usbd_control_xfer_cb
 .text.tud_cdc_rx_cb
                0x0801dc8c        0x2 build/cdc_device.o
                0x0801dc8c                tud_cdc_rx_cb
 .text.tud_cdc_rx_wanted_cb
                0x0801dc8e        0x2 build/cdc_device.o
                0x0801dc8e                tud_cdc_rx_wanted_cb
 .text.tud_cdc_tx_complete_cb
                0x0801dc90        0x2 build/cdc_device.o
                0x0801dc90                tud_cdc_tx_complete_cb
 .text.tud_cdc_notify_complete_cb
                0x0801dc92        0x2 build/cdc_device.o
                0x0801dc92                tud_cdc_notify_complete_cb
 .text.tud_cdc_line_coding_cb
                0x0801dc94        0x2 build/cdc_device.o
                0x0801dc94                tud_cdc_line_coding_cb
 .text.tud_cdc_send_break_cb
                0x0801dc96        0x2 build/cdc_device.o
                0x0801dc96                tud_cdc_send_break_cb
 .text.tud_cdc_n_connected
                0x0801dc98       0x34 build/cdc_device.o
                0x0801dc98                tud_cdc_n_connected
 .text.tud_cdc_n_available
                0x0801dccc       0x3c build/cdc_device.o
                0x0801dccc                tud_cdc_n_available
 .text.tud_cdc_n_read
                0x0801dd08       0x24 build/cdc_device.o
                0x0801dd08                tud_cdc_n_read
 .text.tud_cdc_n_write
                0x0801dd2c       0x24 build/cdc_device.o
                0x0801dd2c                tud_cdc_n_write
 .text.tud_cdc_n_write_flush
                0x0801dd50       0x20 build/cdc_device.o
                0x0801dd50                tud_cdc_n_write_flush
 .text.cdcd_init
                0x0801dd70       0x88 build/cdc_device.o
                0x0801dd70                cdcd_init
 .text.cdcd_deinit
                0x0801ddf8        0xe build/cdc_device.o
                0x0801ddf8                cdcd_deinit
 *fill*         0x0801de06        0x2 
 .text.cdcd_reset
                0x0801de08       0x34 build/cdc_device.o
                0x0801de08                cdcd_reset
 .text.cdcd_open
                0x0801de3c      0x1d8 build/cdc_device.o
                0x0801de3c                cdcd_open
 .text.cdcd_control_xfer_cb
                0x0801e014       0xfc build/cdc_device.o
                0x0801e014                cdcd_control_xfer_cb
 .text.cdcd_xfer_cb
                0x0801e110      0x18c build/cdc_device.o
                0x0801e110                cdcd_xfer_cb
 .text.proc_bot_reset
                0x0801e29c       0x18 build/msc_device.o
 .text.proc_stage_status
                0x0801e2b4       0x7c build/msc_device.o
 .text.rdwr10_validate_cmd
                0x0801e330       0x74 build/msc_device.o
 .text.tud_msc_inquiry_cb
                0x0801e3a4        0x2 build/msc_device.o
                0x0801e3a4                tud_msc_inquiry_cb
 .text.tud_msc_read10_complete_cb
                0x0801e3a6        0x2 build/msc_device.o
                0x0801e3a6                tud_msc_read10_complete_cb
 .text.tud_msc_write10_complete_cb
                0x0801e3a8        0x2 build/msc_device.o
                0x0801e3a8                tud_msc_write10_complete_cb
 .text.tud_msc_scsi_complete_cb
                0x0801e3aa        0x2 build/msc_device.o
                0x0801e3aa                tud_msc_scsi_complete_cb
 .text.tud_msc_get_maxlun_cb
                0x0801e3ac        0x4 build/msc_device.o
                0x0801e3ac                tud_msc_get_maxlun_cb
 .text.tud_msc_prevent_allow_medium_removal_cb
                0x0801e3b0        0x4 build/msc_device.o
                0x0801e3b0                tud_msc_prevent_allow_medium_removal_cb
 .text.tud_msc_request_sense_cb
                0x0801e3b4        0x4 build/msc_device.o
                0x0801e3b4                tud_msc_request_sense_cb
 .text.tud_msc_set_sense
                0x0801e3b8       0x18 build/msc_device.o
                0x0801e3b8                tud_msc_set_sense
 .text.fail_scsi_op
                0x0801e3d0       0x50 build/msc_device.o
 .text.proc_read_io_data
                0x0801e420       0x78 build/msc_device.o
 .text.proc_read10_cmd
                0x0801e498       0x64 build/msc_device.o
 .text.proc_write10_cmd
                0x0801e4fc       0x60 build/msc_device.o
 .text.proc_write_io_data
                0x0801e55c       0x84 build/msc_device.o
 .text.proc_write10_host_data
                0x0801e5e0       0x60 build/msc_device.o
 .text.proc_builtin_scsi
                0x0801e640      0x2e8 build/msc_device.o
 .text.mscd_init
                0x0801e928       0x14 build/msc_device.o
                0x0801e928                mscd_init
 .text.mscd_reset
                0x0801e93c       0x14 build/msc_device.o
                0x0801e93c                mscd_reset
 .text.mscd_open
                0x0801e950       0xb0 build/msc_device.o
                0x0801e950                mscd_open
 .text.mscd_control_xfer_cb
                0x0801ea00      0x160 build/msc_device.o
                0x0801ea00                mscd_control_xfer_cb
 .text.mscd_xfer_cb
                0x0801eb60      0x314 build/msc_device.o
                0x0801eb60                mscd_xfer_cb
 .text.dcd_ep_alloc
                0x0801ee74       0xa4 build/dcd_stm32_fsdev.o
 .text.dcd_pma_alloc
                0x0801ef18       0x50 build/dcd_stm32_fsdev.o
 .text.edpt0_open
                0x0801ef68       0x84 build/dcd_stm32_fsdev.o
 .text.handle_bus_reset
                0x0801efec       0x44 build/dcd_stm32_fsdev.o
 .text.handle_ctr_setup
                0x0801f030       0x8c build/dcd_stm32_fsdev.o
 .text.handle_ctr_rx
                0x0801f0bc      0x11c build/dcd_stm32_fsdev.o
 .text.dcd_transmit_packet
                0x0801f1d8      0x108 build/dcd_stm32_fsdev.o
 .text.handle_ctr_tx
                0x0801f2e0       0xa4 build/dcd_stm32_fsdev.o
 .text.edpt_xfer
                0x0801f384       0xc0 build/dcd_stm32_fsdev.o
 .text.dcd_sof_enable
                0x0801f444       0x20 build/dcd_stm32_fsdev.o
                0x0801f444                dcd_sof_enable
 .text.dcd_int_handler
                0x0801f464      0x19c build/dcd_stm32_fsdev.o
                0x0801f464                dcd_int_handler
 .text.dcd_edpt0_status_complete
                0x0801f600       0x30 build/dcd_stm32_fsdev.o
                0x0801f600                dcd_edpt0_status_complete
 .text.dcd_edpt_open
                0x0801f630      0x120 build/dcd_stm32_fsdev.o
                0x0801f630                dcd_edpt_open
 .text.dcd_edpt_xfer
                0x0801f750       0x38 build/dcd_stm32_fsdev.o
                0x0801f750                dcd_edpt_xfer
 .text.dcd_set_address
                0x0801f788       0x16 build/dcd_stm32_fsdev.o
                0x0801f788                dcd_set_address
 *fill*         0x0801f79e        0x2 
 .text.dcd_edpt_xfer_fifo
                0x0801f7a0       0x38 build/dcd_stm32_fsdev.o
                0x0801f7a0                dcd_edpt_xfer_fifo
 .text.dcd_edpt_stall
                0x0801f7d8       0x98 build/dcd_stm32_fsdev.o
                0x0801f7d8                dcd_edpt_stall
 .text.dcd_edpt_clear_stall
                0x0801f870       0xa8 build/dcd_stm32_fsdev.o
                0x0801f870                dcd_edpt_clear_stall
 .text.dcd_int_enable
                0x0801f918       0x20 build/dcd_stm32_fsdev.o
                0x0801f918                dcd_int_enable
 .text.dcd_int_disable
                0x0801f938       0x24 build/dcd_stm32_fsdev.o
                0x0801f938                dcd_int_disable
 .text.dcd_edpt_close_all
                0x0801f95c       0x4c build/dcd_stm32_fsdev.o
                0x0801f95c                dcd_edpt_close_all
 .text.dcd_connect
                0x0801f9a8       0x10 build/dcd_stm32_fsdev.o
                0x0801f9a8                dcd_connect
 .text.dcd_init
                0x0801f9b8       0x2c build/dcd_stm32_fsdev.o
                0x0801f9b8                dcd_init
 .text.fsdev_core_reset
                0x0801f9e4       0x48 build/fsdev_common.o
                0x0801f9e4                fsdev_core_reset
 .text.pma_align_buffer_size
                0x0801fa2c       0x26 build/fsdev_common.o
                0x0801fa2c                pma_align_buffer_size
 *fill*         0x0801fa52        0x2 
 .text.btable_set_rx_bufsize
                0x0801fa54       0x4c build/fsdev_common.o
                0x0801fa54                btable_set_rx_bufsize
 .text._on_publish
                0x0801faa0       0x78 build/app.o
 .text._on_message
                0x0801fb18       0x28 build/app.o
 .text._on_disconnected
                0x0801fb40       0x3c build/app.o
 .text._on_connected
                0x0801fb7c       0x24 build/app.o
 .text._apply_default_config
                0x0801fba0       0x18 build/app.o
 .text.app_read_config_file
                0x0801fbb8      0x44c build/app.o
 .text.read_last_gps
                0x08020004      0x244 build/app.o
 .text.publish_gsm
                0x08020248       0xc8 build/app.o
 .text.set_time_exrtc
                0x08020310       0x40 build/app.o
 .text.publish_gps
                0x08020350      0x198 build/app.o
 .text._handle_usb_connected
                0x080204e8       0x88 build/app.o
 .text._sync_gps_log_to_disk
                0x08020570      0x108 build/app.o
 .text.write_gps_log
                0x08020678      0x144 build/app.o
 .text.app_mode_full_pw
                0x080207bc        0xc build/app.o
                0x080207bc                app_mode_full_pw
 .text.app_notify_usb_connected
                0x080207c8       0x14 build/app.o
                0x080207c8                app_notify_usb_connected
 .text.app_sync_gps_log_to_disk
                0x080207dc       0x10 build/app.o
                0x080207dc                app_sync_gps_log_to_disk
 .text.app_request_sleep
                0x080207ec       0x44 build/app.o
                0x080207ec                app_request_sleep
 .text.app_init
                0x08020830       0xf4 build/app.o
                0x08020830                app_init
 .text.app_process
                0x08020924      0x41c build/app.o
                0x08020924                app_process
 .text.sx_user_msc_init
                0x08020d40       0x2c build/sx_user_msc.o
                0x08020d40                sx_user_msc_init
 .text.sx_user_msc_create_disk
                0x08020d6c       0x8c build/sx_user_msc.o
                0x08020d6c                sx_user_msc_create_disk
 .text.sx_user_msc_write
                0x08020df8       0x6c build/sx_user_msc.o
                0x08020df8                sx_user_msc_write
 .text.sx_user_msc_read
                0x08020e64       0x74 build/sx_user_msc.o
                0x08020e64                sx_user_msc_read
 .text.sx_user_msc_remount_disk
                0x08020ed8       0x4c build/sx_user_msc.o
                0x08020ed8                sx_user_msc_remount_disk
 .text._on_message
                0x08020f24       0x34 build/sx_user_mqtt.o
 .text._on_disconnected
                0x08020f58       0x24 build/sx_user_mqtt.o
 .text._on_connected
                0x08020f7c       0x24 build/sx_user_mqtt.o
 .text._on_modem_error
                0x08020fa0       0x24 build/sx_user_mqtt.o
 .text._validate_cfg
                0x08020fc4       0x54 build/sx_user_mqtt.o
 .text._common_init
                0x08021018      0x12c build/sx_user_mqtt.o
 .text.dispatch_next
                0x08021144       0x58 build/sx_user_mqtt.o
 .text._on_publish
                0x0802119c       0xd8 build/sx_user_mqtt.o
 .text._on_modem_ready
                0x08021274       0x84 build/sx_user_mqtt.o
 .text.sx_user_mqtt_is_connected
                0x080212f8       0x18 build/sx_user_mqtt.o
                0x080212f8                sx_user_mqtt_is_connected
 .text.sx_user_mqtt_nontls_init
                0x08021310       0x20 build/sx_user_mqtt.o
                0x08021310                sx_user_mqtt_nontls_init
 .text.sx_user_mqtt_force_disconnect
                0x08021330       0x18 build/sx_user_mqtt.o
                0x08021330                sx_user_mqtt_force_disconnect
 .text.sx_user_mqtt_publish
                0x08021348       0xa4 build/sx_user_mqtt.o
                0x08021348                sx_user_mqtt_publish
 .text.sx_user_mqtt_subscribe
                0x080213ec       0x44 build/sx_user_mqtt.o
                0x080213ec                sx_user_mqtt_subscribe
 .text.sx_user_mqtt_poll
                0x08021430       0x10 build/sx_user_mqtt.o
                0x08021430                sx_user_mqtt_poll
 .text.sx_user_mqtt_is_publishing
                0x08021440        0xc build/sx_user_mqtt.o
                0x08021440                sx_user_mqtt_is_publishing
 .text.sx_user_mqtt_queue_flush
                0x0802144c       0x40 build/sx_user_mqtt.o
                0x0802144c                sx_user_mqtt_queue_flush
 .text.sx_gpio_write
                0x0802148c       0x22 build/sx_ex_storage.o
 *fill*         0x080214ae        0x2 
 .text._check_init
                0x080214b0       0x28 build/sx_ex_storage.o
 .text.file_open
                0x080214d8       0x84 build/sx_ex_storage.o
 .text.sx_storage_init
                0x0802155c       0xbc build/sx_ex_storage.o
                0x0802155c                sx_storage_init
 .text.sx_storage_append
                0x08021618       0x7c build/sx_ex_storage.o
                0x08021618                sx_storage_append
 .text.sx_storage_read_partial
                0x08021694       0xa0 build/sx_ex_storage.o
                0x08021694                sx_storage_read_partial
 .text.sx_storage_delete
                0x08021734       0x34 build/sx_ex_storage.o
                0x08021734                sx_storage_delete
 .text.sx_storage_exists
                0x08021768       0x3c build/sx_ex_storage.o
                0x08021768                sx_storage_exists
 .text.sx_storage_size
                0x080217a4       0x50 build/sx_ex_storage.o
                0x080217a4                sx_storage_size
 .text._respond
                0x080217f4       0x18 build/test_at.o
 .text._at_timesleep_set
                0x0802180c       0x44 build/test_at.o
 .text._at_mqtt_set
                0x08021850       0x44 build/test_at.o
 .text._at_vpn_set
                0x08021894       0x44 build/test_at.o
 .text._at_execute
                0x080218d8       0x24 build/test_at.o
 .text.app_at_init
                0x080218fc       0x28 build/test_at.o
                0x080218fc                app_at_init
 .text.app_at_process
                0x08021924       0x14 build/test_at.o
                0x08021924                app_at_process
 .text.at_init  0x08021938       0x2a build/at_command.o
                0x08021938                at_init
 .text.at_process_input
                0x08021962      0x13c build/at_command.o
                0x08021962                at_process_input
 .text.sx_gpio_write
                0x08021a9e       0x22 build/sx_board.o
 .text.log_print
                0x08021ac0       0x18 build/sx_board.o
 .text.spi_storage_init
                0x08021ad8       0x3c build/sx_board.o
 .text.sx_gps_uart_abort
                0x08021b14       0x10 build/sx_board.o
 .text.sx_sim76_uart_abort
                0x08021b24       0x10 build/sx_board.o
 .text.dcd_fs_msp_init
                0x08021b34       0x40 build/sx_board.o
                0x08021b34                dcd_fs_msp_init
 .text.USB_DRD_FS_IRQHandler
                0x08021b74        0xa build/sx_board.o
                0x08021b74                USB_DRD_FS_IRQHandler
 *fill*         0x08021b7e        0x2 
 .text.gps_it_handle
                0x08021b80       0x18 build/sx_board.o
                0x08021b80                gps_it_handle
 .text.sim_it_handle
                0x08021b98       0x18 build/sx_board.o
                0x08021b98                sim_it_handle
 .text.sx_board_init
                0x08021bb0      0x270 build/sx_board.o
                0x08021bb0                sx_board_init
 .text.board_gps_uart_resume_it
                0x08021e20        0xc build/sx_board.o
                0x08021e20                board_gps_uart_resume_it
 .text.board_sim_uart_resume_it
                0x08021e2c        0xc build/sx_board.o
                0x08021e2c                board_sim_uart_resume_it
 .text.sx_board_uart_resume_it
                0x08021e38        0xc build/sx_board.o
                0x08021e38                sx_board_uart_resume_it
 .text.read_vol_pin
                0x08021e44       0x20 build/sx_board.o
                0x08021e44                read_vol_pin
 .text.tud_mount_cb
                0x08021e64       0x18 build/sx_board.o
                0x08021e64                tud_mount_cb
 .text.tud_umount_cb
                0x08021e7c       0x44 build/sx_board.o
                0x08021e7c                tud_umount_cb
 .text.tud_suspend_cb
                0x08021ec0       0x1c build/sx_board.o
                0x08021ec0                tud_suspend_cb
 .text.tud_resume_cb
                0x08021edc       0x18 build/sx_board.o
                0x08021edc                tud_resume_cb
 .text.check_charge
                0x08021ef4       0x2c build/sx_board.o
                0x08021ef4                check_charge
 .text.HAL_UART_RxCpltCallback
                0x08021f20       0x80 build/sx_board.o
                0x08021f20                HAL_UART_RxCpltCallback
 .text.HAL_GPIO_EXTI_Rising_Callback
                0x08021fa0       0x44 build/sx_board.o
                0x08021fa0                HAL_GPIO_EXTI_Rising_Callback
 .text.HAL_GPIO_EXTI_Falling_Callback
                0x08021fe4       0x38 build/sx_board.o
                0x08021fe4                HAL_GPIO_EXTI_Falling_Callback
 .text.tud_cdc_line_state_cb
                0x0802201c       0x20 build/sx_board.o
                0x0802201c                tud_cdc_line_state_cb
 .text.serial_write_func
                0x0802203c        0x8 build/logger.o
 .text.log_func
                0x08022044       0x88 build/logger.o
                0x08022044                log_func
 .text.log_print_hex
                0x080220cc       0xa8 build/logger.o
                0x080220cc                log_print_hex
 .text.logger_init
                0x08022174       0x40 build/logger.o
                0x08022174                logger_init
 .text.lfs_pair_issync
                0x080221b4       0x48 build/lfs.o
 .text.lfs_gstate_hasmovehere
                0x080221fc       0x3a build/lfs.o
 .text.lfs_mlist_isopen
                0x08022236       0x18 build/lfs.o
 .text.lfs_mlist_remove
                0x0802224e       0x16 build/lfs.o
 .text.lfs_mlist_append
                0x08022264        0x8 build/lfs.o
 .text.lfs_fs_disk_version
                0x0802226c        0x8 build/lfs.o
 .text.lfs_fs_disk_version_major
                0x08022274        0xa build/lfs.o
 .text.lfs_fs_disk_version_minor
                0x0802227e        0xa build/lfs.o
 .text.lfs_alloc_ckpoint
                0x08022288        0x6 build/lfs.o
 .text.lfs_alloc_drop
                0x0802228e        0xe build/lfs.o
 .text.lfs_alloc_lookahead
                0x0802229c       0x36 build/lfs.o
 *fill*         0x080222d2        0x2 
 .text.lfs_dir_traverse_filter
                0x080222d4       0x7c build/lfs.o
 .text.lfs_dir_commit_size
                0x08022350       0x1c build/lfs.o
 .text.lfs_dir_needsrelocation
                0x0802236c       0x28 build/lfs.o
 .text.lfs_file_size_
                0x08022394       0x18 build/lfs.o
 .text.lfs_fs_prepsuperblock
                0x080223ac        0xe build/lfs.o
 .text.lfs_fs_prepmove
                0x080223ba       0x3e build/lfs.o
 .text.lfs_fs_size_count
                0x080223f8        0xa build/lfs.o
 *fill*         0x08022402        0x2 
 .text.lfs_bd_erase
                0x08022404       0x40 build/lfs.o
 .text.lfs_fs_preporphans
                0x08022444       0x60 build/lfs.o
 .text.lfs_cache_zero
                0x080224a4       0x18 build/lfs.o
 .text.lfs_tortoise_detectcycles
                0x080224bc       0x54 build/lfs.o
 .text.lfs_ctz_index
                0x08022510       0x3c build/lfs.o
 .text.lfs_bd_read
                0x0802254c      0x1ec build/lfs.o
 .text.lfs_dir_getslice
                0x08022738      0x198 build/lfs.o
 .text.lfs_dir_get
                0x080228d0       0x1a build/lfs.o
 *fill*         0x080228ea        0x2 
 .text.lfs_dir_getgstate
                0x080228ec       0x48 build/lfs.o
 .text.lfs_ctz_traverse
                0x08022934       0x98 build/lfs.o
 .text.lfs_fs_parent_match
                0x080229cc       0x50 build/lfs.o
 .text.lfs_dir_traverse
                0x08022a1c      0x32c build/lfs.o
 .text.lfs_dir_getread
                0x08022d48      0x122 build/lfs.o
 .text.lfs_bd_cmp
                0x08022e6a       0x70 build/lfs.o
 *fill*         0x08022eda        0x2 
 .text.lfs_bd_flush
                0x08022edc       0xb4 build/lfs.o
 .text.lfs_bd_prog
                0x08022f90       0xf4 build/lfs.o
 .text.lfs_bd_sync
                0x08023084       0x38 build/lfs.o
 .text.lfs_dir_find_match
                0x080230bc       0x42 build/lfs.o
 .text.lfs_ctz_find
                0x080230fe       0x92 build/lfs.o
 .text.lfs_file_flushedread
                0x08023190      0x108 build/lfs.o
 .text.lfs_bd_crc
                0x08023298       0x64 build/lfs.o
 .text.lfs_dir_fetchmatch
                0x080232fc      0x4f4 build/lfs.o
 .text.lfs_fs_parent
                0x080237f0       0x8c build/lfs.o
 .text.lfs_dir_fetch
                0x0802387c       0x1c build/lfs.o
 .text.lfs_fs_traverse_
                0x08023898      0x174 build/lfs.o
 .text.lfs_alloc_scan
                0x08023a0c       0x54 build/lfs.o
 .text.lfs_alloc
                0x08023a60       0xb0 build/lfs.o
 .text.lfs_dir_alloc
                0x08023b10       0x8c build/lfs.o
 .text.lfs_file_relocate
                0x08023b9c      0x124 build/lfs.o
 .text.lfs_file_outline
                0x08023cc0       0x22 build/lfs.o
 *fill*         0x08023ce2        0x2 
 .text.lfs_ctz_extend
                0x08023ce4      0x17c build/lfs.o
 .text.lfs_file_flushedwrite
                0x08023e60      0x15e build/lfs.o
 *fill*         0x08023fbe        0x2 
 .text.lfs_file_flush
                0x08023fc0      0x110 build/lfs.o
 .text.lfs_file_read_
                0x080240d0       0x48 build/lfs.o
 .text.lfs_file_seek_
                0x08024118       0x8e build/lfs.o
 *fill*         0x080241a6        0x2 
 .text.lfs_file_write_
                0x080241a8       0xb0 build/lfs.o
 .text.lfs_fs_size_
                0x08024258       0x20 build/lfs.o
 .text.lfs_fs_pred
                0x08024278       0x8c build/lfs.o
 .text.lfs_dir_commitprog
                0x08024304       0x40 build/lfs.o
 .text.lfs_dir_commitattr
                0x08024344       0xba build/lfs.o
 .text.lfs_dir_commit_commit
                0x080243fe       0x10 build/lfs.o
 *fill*         0x0802440e        0x2 
 .text.lfs_dir_commitcrc
                0x08024410      0x1f8 build/lfs.o
 .text.lfs_dir_compact
                0x08024608      0x2ac build/lfs.o
 .text.lfs_dir_split
                0x080248b4       0x84 build/lfs.o
 .text.lfs_dir_splittingcompact
                0x08024938      0x19c build/lfs.o
 .text.lfs_dir_relocatingcommit
                0x08024ad4      0x36c build/lfs.o
 .text.lfs_dir_orphaningcommit
                0x08024e40      0x3f8 build/lfs.o
 .text.lfs_fs_deorphan
                0x08025238      0x1fc build/lfs.o
 .text.lfs_dir_commit
                0x08025434       0x1a build/lfs.o
 *fill*         0x0802544e        0x2 
 .text.lfs_fs_desuperblock
                0x08025450       0x90 build/lfs.o
 .text.lfs_fs_demove
                0x080254e0       0xa4 build/lfs.o
 .text.lfs_fs_forceconsistency
                0x08025584       0x28 build/lfs.o
 .text.lfs_dir_drop
                0x080255ac       0x40 build/lfs.o
 .text.lfs_file_sync_
                0x080255ec       0xc4 build/lfs.o
 .text.lfs_deinit
                0x080256b0       0x32 build/lfs.o
 *fill*         0x080256e2        0x2 
 .text.lfs_init
                0x080256e4      0x404 build/lfs.o
 .text.lfs_format_
                0x08025ae8       0xf4 build/lfs.o
 .text.lfs_unmount_
                0x08025bdc        0x8 build/lfs.o
 .text.lfs_mount_
                0x08025be4      0x290 build/lfs.o
 .text.lfs_file_close_
                0x08025e74       0x26 build/lfs.o
 *fill*         0x08025e9a        0x2 
 .text.lfs_dir_find
                0x08025e9c      0x180 build/lfs.o
 .text.lfs_remove_
                0x0802601c      0x124 build/lfs.o
 .text.lfs_path_islast
                0x08026140       0x28 build/lfs.o
 .text.lfs_path_isdir
                0x08026168       0x18 build/lfs.o
 .text.lfs_file_opencfg_
                0x08026180      0x268 build/lfs.o
 .text.lfs_file_open_
                0x080263e8       0x14 build/lfs.o
 .text.lfs_mkdir_
                0x080263fc      0x168 build/lfs.o
 .text.lfs_format
                0x08026564        0x8 build/lfs.o
                0x08026564                lfs_format
 .text.lfs_mount
                0x0802656c        0x8 build/lfs.o
                0x0802656c                lfs_mount
 .text.lfs_remove
                0x08026574        0x8 build/lfs.o
                0x08026574                lfs_remove
 .text.lfs_file_open
                0x0802657c       0x3c build/lfs.o
                0x0802657c                lfs_file_open
 .text.lfs_file_close
                0x080265b8       0x34 build/lfs.o
                0x080265b8                lfs_file_close
 .text.lfs_file_read
                0x080265ec       0x3c build/lfs.o
                0x080265ec                lfs_file_read
 .text.lfs_file_write
                0x08026628       0x3c build/lfs.o
                0x08026628                lfs_file_write
 .text.lfs_file_seek
                0x08026664       0x3c build/lfs.o
                0x08026664                lfs_file_seek
 .text.lfs_file_size
                0x080266a0       0x34 build/lfs.o
                0x080266a0                lfs_file_size
 .text.lfs_mkdir
                0x080266d4        0x8 build/lfs.o
                0x080266d4                lfs_mkdir
 .text.lfs_crc  0x080266dc       0x40 build/lfs_util.o
                0x080266dc                lfs_crc
 .text.case_insensitive_strcmp
                0x0802671c       0x60 build/cJSON.o
 .text.get_decimal_point
                0x0802677c        0x4 build/cJSON.o
 .text.parse_hex4
                0x08026780       0x50 build/cJSON.o
 .text.utf16_literal_to_utf8
                0x080267d0       0xec build/cJSON.o
 .text.parse_string
                0x080268bc      0x158 build/cJSON.o
 .text.buffer_skip_whitespace
                0x08026a14       0x3e build/cJSON.o
 .text.cJSON_New_Item
                0x08026a52       0x18 build/cJSON.o
 *fill*         0x08026a6a        0x2 
 .text.skip_utf8_bom
                0x08026a6c       0x38 build/cJSON.o
 *fill*         0x08026aa4        0x4 
 .text.parse_number
                0x08026aa8      0x108 build/cJSON.o
 .text.get_object_item
                0x08026bb0       0x4a build/cJSON.o
 *fill*         0x08026bfa        0x2 
 .text.cJSON_Delete
                0x08026bfc       0x5c build/cJSON.o
                0x08026bfc                cJSON_Delete
 .text.parse_object
                0x08026c58      0x136 build/cJSON.o
 *fill*         0x08026d8e        0x2 
 .text.parse_value
                0x08026d90       0xf4 build/cJSON.o
 .text.parse_array
                0x08026e84       0xec build/cJSON.o
 .text.cJSON_ParseWithLengthOpts
                0x08026f70       0xc8 build/cJSON.o
                0x08026f70                cJSON_ParseWithLengthOpts
 .text.cJSON_ParseWithOpts
                0x08027038       0x1c build/cJSON.o
                0x08027038                cJSON_ParseWithOpts
 .text.cJSON_Parse
                0x08027054        0xc build/cJSON.o
                0x08027054                cJSON_Parse
 .text.cJSON_GetObjectItem
                0x08027060        0xa build/cJSON.o
                0x08027060                cJSON_GetObjectItem
 .text.cJSON_IsNull
                0x0802706a       0x12 build/cJSON.o
                0x0802706a                cJSON_IsNull
 .text.cJSON_IsNumber
                0x0802707c       0x12 build/cJSON.o
                0x0802707c                cJSON_IsNumber
 *fill*         0x0802708e        0x2 
 .text.littlefs_flash_sync
                0x08027090       0x28 build/file_io.o
                0x08027090                littlefs_flash_sync
 .text.file_system_init
                0x080270b8      0x108 build/file_io.o
                0x080270b8                file_system_init
 .text.sx_ext_flash_read
                0x080271c0       0x24 build/sx_fs.o
 .text.sx_ext_flash_write
                0x080271e4       0x24 build/sx_fs.o
 .text.sx_ext_flash_erase_sector
                0x08027208       0x1c build/sx_fs.o
 .text.lfs_flash_read
                0x08027224       0x20 build/sx_fs.o
 .text.lfs_flash_erase
                0x08027244       0x1c build/sx_fs.o
 .text.lfs_flash_write
                0x08027260       0xd0 build/sx_fs.o
 .text.sx_fs_init
                0x08027330       0x3c build/sx_fs.o
                0x08027330                sx_fs_init
 .text.ld_16    0x0802736c        0xa build/ff.o
 .text.ld_32    0x08027376       0x16 build/ff.o
 .text.st_16    0x0802738c        0x8 build/ff.o
 .text.st_32    0x08027394       0x14 build/ff.o
 .text.dbc_1st  0x080273a8        0x4 build/ff.o
 .text.dbc_2nd  0x080273ac        0x4 build/ff.o
 .text.clst2sect
                0x080273b0       0x18 build/ff.o
 .text.ld_clust
                0x080273c8       0x26 build/ff.o
 .text.st_clust
                0x080273ee       0x26 build/ff.o
 .text.pick_lfn
                0x08027414       0x88 build/ff.o
 .text.put_lfn  0x0802749c       0x78 build/ff.o
 .text.sum_sfn  0x08027514       0x20 build/ff.o
 .text.get_ldnumber
                0x08027534       0x52 build/ff.o
 .text.validate
                0x08027586       0x46 build/ff.o
 .text.sync_window
                0x080275cc       0x48 build/ff.o
 .text.move_window
                0x08027614       0x36 build/ff.o
 *fill*         0x0802764a        0x2 
 .text.check_fs
                0x0802764c       0xd4 build/ff.o
 .text.find_volume
                0x08027720       0x70 build/ff.o
 .text.mount_volume
                0x08027790      0x2b8 build/ff.o
 .text.put_fat  0x08027a48      0x104 build/ff.o
 .text.get_fat  0x08027b4c       0xd0 build/ff.o
 .text.dir_sdi  0x08027c1c       0xac build/ff.o
 .text.create_chain
                0x08027cc8      0x12c build/ff.o
 .text.remove_chain
                0x08027df4       0x7e build/ff.o
 .text.dir_clear
                0x08027e72       0x52 build/ff.o
 .text.dir_next
                0x08027ec4       0xc8 build/ff.o
 .text.dir_alloc
                0x08027f8c       0x50 build/ff.o
 .text.dir_read
                0x08027fdc       0xbc build/ff.o
 .text.put_utf  0x08028098       0x38 build/ff.o
 .text.get_fileinfo
                0x080280d0      0x134 build/ff.o
 .text.tchar2uni
                0x08028204       0x4a build/ff.o
 *fill*         0x0802824e        0x2 
 .text.create_name
                0x08028250      0x264 build/ff.o
 .text.cmp_lfn  0x080284b4       0xa0 build/ff.o
 .text.dir_find
                0x08028554       0xe6 build/ff.o
 .text.follow_path
                0x0802863a       0x8c build/ff.o
 .text.gen_numname
                0x080286c6       0xca build/ff.o
 .text.dir_register
                0x08028790      0x144 build/ff.o
 .text.sync_fs  0x080288d4       0x8c build/ff.o
 .text.create_partition
                0x08028960      0x13c build/ff.o
 .text.f_mount  0x08028a9c       0x58 build/ff.o
                0x08028a9c                f_mount
 .text.f_open   0x08028af4      0x1f4 build/ff.o
                0x08028af4                f_open
 .text.f_read   0x08028ce8      0x1b6 build/ff.o
                0x08028ce8                f_read
 .text.f_write  0x08028e9e      0x1f0 build/ff.o
                0x08028e9e                f_write
 *fill*         0x0802908e        0x2 
 .text.f_sync   0x08029090       0x94 build/ff.o
                0x08029090                f_sync
 .text.f_close  0x08029124       0x20 build/ff.o
                0x08029124                f_close
 .text.f_opendir
                0x08029144       0x74 build/ff.o
                0x08029144                f_opendir
 .text.f_closedir
                0x080291b8       0x14 build/ff.o
                0x080291b8                f_closedir
 .text.f_readdir
                0x080291cc       0x58 build/ff.o
                0x080291cc                f_readdir
 .text.f_stat   0x08029224       0x4c build/ff.o
                0x08029224                f_stat
 .text.f_setlabel
                0x08029270      0x148 build/ff.o
                0x08029270                f_setlabel
 .text.f_mkfs   0x080293b8      0x650 build/ff.o
                0x080293b8                f_mkfs
 .text.oem2uni_sbcs
                0x08029a08       0x24 build/ffunicode.o
 .text.uni2oem_sbcs
                0x08029a2c       0x2c build/ffunicode.o
 .text.ff_uni2oem
                0x08029a58       0x1a build/ffunicode.o
                0x08029a58                ff_uni2oem
 .text.ff_oem2uni
                0x08029a72        0xe build/ffunicode.o
                0x08029a72                ff_oem2uni
 .text.ff_wtoupper
                0x08029a80       0xa0 build/ffunicode.o
                0x08029a80                ff_wtoupper
 .text._cache_load
                0x08029b20       0x30 build/sx_diskio.o
 .text._cache_flush
                0x08029b50       0xa8 build/sx_diskio.o
 .text.sx_diskio_get_block_count
                0x08029bf8        0x6 build/sx_diskio.o
                0x08029bf8                sx_diskio_get_block_count
 *fill*         0x08029bfe        0x2 
 .text.disk_initialize
                0x08029c00       0x28 build/sx_diskio.o
                0x08029c00                disk_initialize
 .text.disk_status
                0x08029c28       0x14 build/sx_diskio.o
                0x08029c28                disk_status
 .text.disk_read
                0x08029c3c       0x84 build/sx_diskio.o
                0x08029c3c                disk_read
 .text.disk_write
                0x08029cc0       0x9c build/sx_diskio.o
                0x08029cc0                disk_write
 .text.sx_diskio_process
                0x08029d5c       0x30 build/sx_diskio.o
                0x08029d5c                sx_diskio_process
 .text.disk_ioctl
                0x08029d8c       0x48 build/sx_diskio.o
                0x08029d8c                disk_ioctl
 .text.sx_fatfs_mount
                0x08029dd4       0xdc build/sx_fatfs.o
                0x08029dd4                sx_fatfs_mount
 .text.sx_fatfs_write_file
                0x08029eb0       0xb4 build/sx_fatfs.o
                0x08029eb0                sx_fatfs_write_file
 .text.sx_fatfs_read_file
                0x08029f64       0xb8 build/sx_fatfs.o
                0x08029f64                sx_fatfs_read_file
 .text.sx_fatfs_get_block_count
                0x0802a01c        0x8 build/sx_fatfs.o
                0x0802a01c                sx_fatfs_get_block_count
 .text.sx_fatfs_remount
                0x0802a024       0x70 build/sx_fatfs.o
                0x0802a024                sx_fatfs_remount
 .text.sx_fatfs_debug_list
                0x0802a094       0x78 build/sx_fatfs.o
                0x0802a094                sx_fatfs_debug_list
 .text.cb_pub   0x0802a10c       0x44 build/sx_mqtt.o
 .text.cb_sub   0x0802a150       0x28 build/sx_mqtt.o
 .text.process_urc_line
                0x0802a178      0x16c build/sx_mqtt.o
 .text.urc_handler
                0x0802a2e4       0xbc build/sx_mqtt.o
 .text.cb_start_after_stop
                0x0802a3a0       0x1c build/sx_mqtt.o
 .text.cb_version
                0x0802a3bc       0x58 build/sx_mqtt.o
 .text.goto_ssl_cfg
                0x0802a414       0x44 build/sx_mqtt.o
 .text.do_error
                0x0802a458       0x80 build/sx_mqtt.o
 .text.cb_start
                0x0802a4d8      0x110 build/sx_mqtt.o
 .text.cb_accq  0x0802a5e8       0x58 build/sx_mqtt.o
 .text.cb_conn  0x0802a640       0x70 build/sx_mqtt.o
 .text.cb_sslcfg
                0x0802a6b0       0x48 build/sx_mqtt.o
 .text.cb_sslbind
                0x0802a6f8       0x58 build/sx_mqtt.o
 .text.cb_cert_ca_prompt
                0x0802a750       0x54 build/sx_mqtt.o
 .text.cb_cert_ca_done
                0x0802a7a4       0x78 build/sx_mqtt.o
 .text.cb_cert_client_prompt